Dec  4 06:25:47 majikthise syslogd 1.4.1#21ubuntu3: restart.
Dec  4 06:46:37 majikthise -- MARK --
Dec  4 07:06:37 majikthise -- MARK --
Dec  4 07:26:51 majikthise -- MARK --
Dec  4 07:46:51 majikthise -- MARK --
Dec  4 08:06:51 majikthise -- MARK --
Dec  4 08:27:05 majikthise -- MARK --
Dec  4 08:47:05 majikthise -- MARK --
Dec  4 09:07:05 majikthise -- MARK --
Dec  4 09:27:24 majikthise -- MARK --
Dec  4 09:47:24 majikthise -- MARK --
Dec  4 10:07:24 majikthise -- MARK --
Dec  4 10:27:43 majikthise -- MARK --
Dec  4 10:47:43 majikthise -- MARK --
Dec  4 11:07:43 majikthise -- MARK --
Dec  4 11:28:02 majikthise -- MARK --
Dec  4 11:48:02 majikthise -- MARK --
Dec  4 12:08:02 majikthise -- MARK --
Dec  4 12:28:02 majikthise -- MARK --
Dec  4 12:48:02 majikthise -- MARK --
Dec  4 13:08:02 majikthise -- MARK --
Dec  4 13:28:21 majikthise -- MARK --
Dec  4 13:48:21 majikthise -- MARK --
Dec  4 14:08:21 majikthise -- MARK --
Dec  4 14:28:40 majikthise -- MARK --
Dec  4 14:48:40 majikthise -- MARK --
Dec  4 15:08:40 majikthise -- MARK --
Dec  4 15:28:59 majikthise -- MARK --
Dec  4 15:48:59 majikthise -- MARK --
Dec  4 16:08:59 majikthise -- MARK --
Dec  4 16:29:20 majikthise -- MARK --
Dec  4 16:49:20 majikthise -- MARK --
Dec  4 17:09:20 majikthise -- MARK --
Dec  4 17:29:39 majikthise -- MARK --
Dec  4 17:49:39 majikthise -- MARK --
Dec  7 20:33:48 majikthise syslogd 1.4.1#21ubuntu3: restart.
Dec  7 20:33:49 majikthise kernel: Inspecting /boot/System.map-2.6.22-14-server
Dec  7 20:33:49 majikthise kernel: Loaded 25607 symbols from /boot/System.map-2.6.22-14-server.
Dec  7 20:33:49 majikthise kernel: Symbols match kernel version 2.6.22.
Dec  7 20:33:49 majikthise kernel: No module symbols loaded - kernel modules not enabled. 
Dec  7 20:33:49 majikthise kernel: [    0.000000] Linux version 2.6.22-14-server (buildd@terranova) (gcc version 4.1.3 20070929 (prerelease) (Ubuntu 4.1.2-16ubuntu2)) #1 SMP Tue Feb 12 08:27:05 UTC 2008 (Ubuntu 2.6.22-14.52-server)
Dec  7 20:33:49 majikthise kernel: [    0.000000] BIOS-provided physical RAM map:
Dec  7 20:33:49 majikthise kernel: [    0.000000]  BIOS-e820: 0000000000000000 - 000000000009f800 (usable)
Dec  7 20:33:49 majikthise kernel: [    0.000000]  BIOS-e820: 000000000009f800 - 00000000000a0000 (reserved)
Dec  7 20:33:49 majikthise kernel: [    0.000000]  BIOS-e820: 00000000000ca000 - 00000000000cc000 (reserved)
Dec  7 20:33:49 majikthise kernel: [    0.000000]  BIOS-e820: 00000000000dc000 - 00000000000e4000 (reserved)
Dec  7 20:33:49 majikthise kernel: [    0.000000]  BIOS-e820: 00000000000e8000 - 0000000000100000 (reserved)
Dec  7 20:33:49 majikthise kernel: [    0.000000]  BIOS-e820: 0000000000100000 - 000000001fef0000 (usable)
Dec  7 20:33:49 majikthise kernel: [    0.000000]  BIOS-e820: 000000001fef0000 - 000000001feff000 (ACPI data)
Dec  7 20:33:49 majikthise kernel: [    0.000000]  BIOS-e820: 000000001feff000 - 000000001ff00000 (ACPI NVS)
Dec  7 20:33:49 majikthise kernel: [    0.000000]  BIOS-e820: 000000001ff00000 - 0000000020000000 (usable)
Dec  7 20:33:49 majikthise kernel: [    0.000000]  BIOS-e820: 00000000e0000000 - 00000000f0000000 (reserved)
Dec  7 20:33:49 majikthise kernel: [    0.000000]  BIOS-e820: 00000000fec00000 - 00000000fec10000 (reserved)
Dec  7 20:33:49 majikthise kernel: [    0.000000]  BIOS-e820: 00000000fee00000 - 00000000fee01000 (reserved)
Dec  7 20:33:49 majikthise kernel: [    0.000000]  BIOS-e820: 00000000fffe0000 - 0000000100000000 (reserved)
Dec  7 20:33:49 majikthise kernel: [    0.000000] 0MB HIGHMEM available.
Dec  7 20:33:49 majikthise kernel: [    0.000000] 512MB LOWMEM available.
Dec  7 20:33:49 majikthise kernel: [    0.000000] found SMP MP-table at 000f69b0
Dec  7 20:33:49 majikthise kernel: [    0.000000] NX (Execute Disable) protection: active
Dec  7 20:33:49 majikthise kernel: [    0.000000] Zone PFN ranges:
Dec  7 20:33:49 majikthise kernel: [    0.000000]   DMA             0 ->     4096
Dec  7 20:33:49 majikthise kernel: [    0.000000]   Normal       4096 ->   131072
Dec  7 20:33:49 majikthise kernel: [    0.000000]   HighMem    131072 ->   131072
Dec  7 20:33:49 majikthise kernel: [    0.000000] early_node_map[1] active PFN ranges
Dec  7 20:33:49 majikthise kernel: [    0.000000]     0:        0 ->   131072
Dec  7 20:33:49 majikthise kernel: [    0.000000] DMI present.
Dec  7 20:33:49 majikthise kernel: [    0.000000] ACPI: RSDP signature @ 0xC00F6940 checksum 0
Dec  7 20:33:49 majikthise kernel: [    0.000000] ACPI: RSDP 000F6940, 0024 (r2 PTLTD )
Dec  7 20:33:49 majikthise kernel: [    0.000000] ACPI: XSDT 1FEF079A, 004C (r1 INTEL  440BX     6040000 VMW   1324272)
Dec  7 20:33:49 majikthise kernel: [    0.000000] ACPI: FACP 1FEFEE98, 00F4 (r4 INTEL  440BX     6040000 PTL     F4240)
Dec  7 20:33:49 majikthise kernel: [    0.000000] ACPI: DSDT 1FEF0960, E538 (r1 PTLTD  Custom    6040000 MSFT  3000001)
Dec  7 20:33:49 majikthise kernel: [    0.000000] ACPI: FACS 1FEFFFC0, 0040
Dec  7 20:33:49 majikthise kernel: [    0.000000] ACPI: BOOT 1FEF0938, 0028 (r1 PTLTD  $SBFTBL$  6040000  LTP        1)
Dec  7 20:33:49 majikthise kernel: [    0.000000] ACPI: APIC 1FEF08DA, 005E (r1 PTLTD  ^I APIC    6040000  LTP        0)
Dec  7 20:33:49 majikthise kernel: [    0.000000] ACPI: MCFG 1FEF089E, 003C (r1 PTLTD  $PCITBL$  6040000  LTP        1)
Dec  7 20:33:49 majikthise kernel: [    0.000000] ACPI: SRAT 1FEF081E, 0080 (r2 VMWARE MEMPLUG   6040000 VMW         1)
Dec  7 20:33:49 majikthise kernel: [    0.000000] ACPI: PM-Timer IO Port: 0x1008
Dec  7 20:33:49 majikthise kernel: [    0.000000] ACPI: LAPIC (acpi_id[0x00] lapic_id[0x00] enabled)
Dec  7 20:33:49 majikthise kernel: [    0.000000] Processor #0 7:10 APIC version 17
Dec  7 20:33:49 majikthise kernel: [    0.000000] ACPI: LAPIC (acpi_id[0x01] lapic_id[0x01] enabled)
Dec  7 20:33:49 majikthise kernel: [    0.000000] Processor #1 7:10 APIC version 17
Dec  7 20:33:49 majikthise kernel: [    0.000000] ACPI: LAPIC_NMI (acpi_id[0x00] high edge lint[0x1])
Dec  7 20:33:49 majikthise kernel: [    0.000000] ACPI: LAPIC_NMI (acpi_id[0x01] high edge lint[0x1])
Dec  7 20:33:49 majikthise kernel: [    0.000000] ACPI: IOAPIC (id[0x02] address[0xfec00000] gsi_base[0])
Dec  7 20:33:49 majikthise kernel: [    0.000000] IOAPIC[0]: apic_id 2, version 17, address 0xfec00000, GSI 0-23
Dec  7 20:33:49 majikthise kernel: [    0.000000] ACPI: INT_SRC_OVR (bus 0 bus_irq 0 global_irq 2 high edge)
Dec  7 20:33:49 majikthise kernel: [    0.000000] Enabling APIC mode:  Flat.  Using 1 I/O APICs
Dec  7 20:33:49 majikthise kernel: [    0.000000] Using ACPI (MADT) for SMP configuration information
Dec  7 20:33:49 majikthise kernel: [    0.000000] Allocating PCI resources starting at 30000000 (gap: 20000000:c0000000)
Dec  7 20:33:49 majikthise kernel: [    0.000000] Built 1 zonelists.  Total pages: 130048
Dec  7 20:33:49 majikthise kernel: [    0.000000] Kernel command line: root=UUID=3abcbe31-d5b6-4fa6-a286-7be644fe052b ro quiet splash
Dec  7 20:33:49 majikthise kernel: [    0.000000] Enabling fast FPU save and restore... done.
Dec  7 20:33:49 majikthise kernel: [    0.000000] Enabling unmasked SIMD FPU exception support... done.
Dec  7 20:33:49 majikthise kernel: [    0.000000] Initializing CPU#0
Dec  7 20:33:49 majikthise kernel: [    0.000000] PID hash table entries: 2048 (order: 11, 8192 bytes)
Dec  7 20:33:49 majikthise kernel: [    0.000000] Detected 3222.708 MHz processor.
Dec  7 20:33:49 majikthise kernel: [    8.688080] Console: colour VGA+ 80x25
Dec  7 20:33:49 majikthise kernel: [    8.688824] Dentry cache hash table entries: 65536 (order: 6, 262144 bytes)
Dec  7 20:33:49 majikthise kernel: [    8.689250] Inode-cache hash table entries: 32768 (order: 5, 131072 bytes)
Dec  7 20:33:49 majikthise kernel: [    8.690107] Memory: 508392k/524288k available (2047k kernel code, 15348k reserved, 920k data, 364k init, 0k highmem)
Dec  7 20:33:49 majikthise kernel: [    8.690113] virtual kernel memory layout:
Dec  7 20:33:49 majikthise kernel: [    8.690114]     fixmap  : 0xfff4e000 - 0xfffff000   ( 708 kB)
Dec  7 20:33:49 majikthise kernel: [    8.690115]     pkmap   : 0xffc00000 - 0xffe00000   (2048 kB)
Dec  7 20:33:49 majikthise kernel: [    8.690116]     vmalloc : 0xe0800000 - 0xffbfe000   ( 499 MB)
Dec  7 20:33:49 majikthise kernel: [    8.690117]     lowmem  : 0xc0000000 - 0xe0000000   ( 512 MB)
Dec  7 20:33:49 majikthise kernel: [    8.690118]       .init : 0xc03eb000 - 0xc0446000   ( 364 kB)
Dec  7 20:33:49 majikthise kernel: [    8.690119]       .data : 0xc02ffd96 - 0xc03e5f04   ( 920 kB)
Dec  7 20:33:49 majikthise kernel: [    8.690120]       .text : 0xc0100000 - 0xc02ffd96   (2047 kB)
Dec  7 20:33:49 majikthise kernel: [    8.690122] Checking if this processor honours the WP bit even in supervisor mode... Ok.
Dec  7 20:33:49 majikthise kernel: [    8.690143] SLUB: Genslabs=22, HWalign=64, Order=0-1, MinObjects=4, CPUs=2, Nodes=1
Dec  7 20:33:49 majikthise kernel: [    8.839864] Calibrating delay using timer specific routine.. 6452.82 BogoMIPS (lpj=32264122)
Dec  7 20:33:49 majikthise kernel: [    8.839937] Security Framework v1.0.0 initialized
Dec  7 20:33:49 majikthise kernel: [    8.839942] SELinux:  Disabled at boot.
Dec  7 20:33:49 majikthise kernel: [    8.839951] Mount-cache hash table entries: 512
Dec  7 20:33:49 majikthise kernel: [    8.840054] CPU: L1 I cache: 32K, L1 D cache: 32K
Dec  7 20:33:49 majikthise kernel: [    8.840056] CPU: L2 cache: 256K
Dec  7 20:33:49 majikthise kernel: [    8.840057] CPU: L3 cache: 8192K
Dec  7 20:33:49 majikthise kernel: [    8.840061] CPU: Physical Processor ID: 0
Dec  7 20:33:49 majikthise kernel: [    8.840062] CPU: Processor Core ID: 0
Dec  7 20:33:49 majikthise kernel: [    8.840081] Compat vDSO mapped to ffffe000.
Dec  7 20:33:49 majikthise kernel: [    8.840104] Checking 'hlt' instruction... OK.
Dec  7 20:33:49 majikthise kernel: [    8.879817] SMP alternatives: switching to UP code
Dec  7 20:33:49 majikthise kernel: [    8.880099] Early unpacking initramfs... done
Dec  7 20:33:49 majikthise kernel: [    9.018015] ACPI: Core revision 20070126
Dec  7 20:33:49 majikthise kernel: [    9.018124] ACPI: Looking for DSDT in initramfs... error, file /DSDT.aml not found.
Dec  7 20:33:49 majikthise kernel: [    9.022829] CPU0: Intel(R) Core(TM) i7 CPU         940  @ 2.93GHz stepping 04
Dec  7 20:33:49 majikthise kernel: [    9.022966] SMP alternatives: switching to SMP code
Dec  7 20:33:49 majikthise kernel: [    9.023122] Booting processor 1/1 eip 3000
Dec  7 20:33:49 majikthise kernel: [    9.033361] Initializing CPU#1
Dec  7 20:33:49 majikthise kernel: [    9.179109] Calibrating delay using timer specific routine.. 6462.53 BogoMIPS (lpj=32312683)
Dec  7 20:33:49 majikthise kernel: [    9.179130] CPU: L1 I cache: 32K, L1 D cache: 32K
Dec  7 20:33:49 majikthise kernel: [    9.179132] CPU: L2 cache: 256K
Dec  7 20:33:49 majikthise kernel: [    9.179134] CPU: L3 cache: 8192K
Dec  7 20:33:49 majikthise kernel: [    9.179138] CPU: Physical Processor ID: 0
Dec  7 20:33:49 majikthise kernel: [    9.179140] CPU: Processor Core ID: 1
Dec  7 20:33:49 majikthise kernel: [    9.179339] CPU1: Intel(R) Core(TM) i7 CPU         940  @ 2.93GHz stepping 04
Dec  7 20:33:49 majikthise kernel: [    9.179559] Total of 2 processors activated (12915.36 BogoMIPS).
Dec  7 20:33:49 majikthise kernel: [    9.179858] ENABLING IO-APIC IRQs
Dec  7 20:33:49 majikthise kernel: [    9.180235] ..TIMER: vector=0x31 apic1=0 pin1=2 apic2=-1 pin2=-1
Dec  7 20:33:49 majikthise kernel: [    9.398984] checking TSC synchronization [CPU#0 -> CPU#1]: passed.
Dec  7 20:33:49 majikthise kernel: [    9.418980] Brought up 2 CPUs
Dec  7 20:33:49 majikthise kernel: [    9.452559] migration_cost=0
Dec  7 20:33:49 majikthise kernel: [    9.452742] Booting paravirtualized kernel on bare hardware
Dec  7 20:33:49 majikthise kernel: [    9.452822] Time:  4:32:47  Date: 11/08/110
Dec  7 20:33:49 majikthise kernel: [    9.452860] NET: Registered protocol family 16
Dec  7 20:33:49 majikthise kernel: [    9.452962] EISA bus registered
Dec  7 20:33:49 majikthise kernel: [    9.452965] ACPI: bus type pci registered
Dec  7 20:33:49 majikthise kernel: [    9.453061] PCI: PCI BIOS revision 2.10 entry at 0xfd8a0, last bus=34
Dec  7 20:33:49 majikthise kernel: [    9.453063] PCI: Using configuration type 1
Dec  7 20:33:49 majikthise kernel: [    9.453065] Setting up standard PCI resources
Dec  7 20:33:49 majikthise kernel: [    9.481585] ACPI: System BIOS is requesting _OSI(Linux)
Dec  7 20:33:49 majikthise kernel: [    9.481589] ACPI: Please test with "acpi_osi=!Linux"
Dec  7 20:33:49 majikthise kernel: [    9.481591] Please send dmidecode to linux-acpi@vger.kernel.org
Dec  7 20:33:49 majikthise kernel: [    9.482039] ACPI: Interpreter enabled
Dec  7 20:33:49 majikthise kernel: [    9.482042] ACPI: (supports S0 S1 S4 S5)
Dec  7 20:33:49 majikthise kernel: [    9.482052] ACPI: Using IOAPIC for interrupt routing
Dec  7 20:33:49 majikthise kernel: [    9.511900] ACPI: PCI Root Bridge [PCI0] (0000:00)
Dec  7 20:33:49 majikthise kernel: [    9.513520] PCI quirk: region 1000-103f claimed by PIIX4 ACPI
Dec  7 20:33:49 majikthise kernel: [    9.513530] PCI quirk: region 1040-104f claimed by PIIX4 SMB
Dec  7 20:33:49 majikthise kernel: [    9.524081] PCI: Transparent bridge - 0000:00:11.0
Dec  7 20:33:49 majikthise kernel: [    9.718281] ACPI: PCI Interrupt Link [LNKA] (IRQs 3 4 5 6 7 *9 10 11 14 15)
Dec  7 20:33:49 majikthise kernel: [    9.718281] ACPI: PCI Interrupt Link [LNKB] (IRQs 3 4 5 6 7 9 10 *11 14 15)
Dec  7 20:33:49 majikthise kernel: [    9.718342] ACPI: PCI Interrupt Link [LNKC] (IRQs 3 4 5 6 7 9 *10 11 14 15)
Dec  7 20:33:49 majikthise kernel: [    9.718511] ACPI: PCI Interrupt Link [LNKD] (IRQs 3 4 5 6 7 9 10 11 14 15) *0, disabled.
Dec  7 20:33:49 majikthise kernel: [    9.718690] Linux Plug and Play Support v0.97 (c) Adam Belay
Dec  7 20:33:49 majikthise kernel: [    9.718697] pnp: PnP ACPI init
Dec  7 20:33:49 majikthise kernel: [    9.718719] ACPI: bus type pnp registered
Dec  7 20:33:49 majikthise kernel: [    9.746925] pnp: PnP ACPI: found 13 devices
Dec  7 20:33:49 majikthise kernel: [    9.746928] ACPI: ACPI bus type pnp unregistered
Dec  7 20:33:49 majikthise kernel: [    9.746931] PnPBIOS: Disabled by ACPI PNP
Dec  7 20:33:49 majikthise kernel: [    9.746971] PCI: Using ACPI for IRQ routing
Dec  7 20:33:49 majikthise kernel: [    9.746972] PCI: If a device doesn't work, try "pci=routeirq".  If it helps, post a report
Dec  7 20:33:49 majikthise kernel: [    9.957760] NET: Registered protocol family 8
Dec  7 20:33:49 majikthise kernel: [    9.957763] NET: Registered protocol family 20
Dec  7 20:33:49 majikthise kernel: [    9.957769] NetLabel: Initializing
Dec  7 20:33:49 majikthise kernel: [    9.957771] NetLabel:  domain hash size = 128
Dec  7 20:33:49 majikthise kernel: [    9.957772] NetLabel:  protocols = UNLABELED CIPSOv4
Dec  7 20:33:49 majikthise kernel: [    9.957780] NetLabel:  unlabeled traffic allowed by default
Dec  7 20:33:49 majikthise kernel: [    9.957883] pnp: 00:0c: ioport range 0x1060-0x107f has been reserved
Dec  7 20:33:49 majikthise kernel: [    9.957889] pnp: 00:0c: iomem range 0xe0000000-0xefffffff could not be reserved
Dec  7 20:33:49 majikthise kernel: [    9.957891] pnp: 00:0c: iomem range 0xdbe00000-0xdbffffff has been reserved
Dec  7 20:33:49 majikthise kernel: [    9.967402] Time: tsc clocksource has been installed.
Dec  7 20:33:49 majikthise kernel: [    9.989014] PCI: Bridge: 0000:00:01.0
Dec  7 20:33:49 majikthise kernel: [    9.989015]   IO window: disabled.
Dec  7 20:33:49 majikthise kernel: [    9.989041]   MEM window: disabled.
Dec  7 20:33:49 majikthise kernel: [    9.989057]   PREFETCH window: disabled.
Dec  7 20:33:49 majikthise kernel: [    9.989083] PCI: Bridge: 0000:00:11.0
Dec  7 20:33:49 majikthise kernel: [    9.989092]   IO window: 2000-3fff
Dec  7 20:33:49 majikthise kernel: [    9.989117]   MEM window: d8900000-d9cfffff
Dec  7 20:33:49 majikthise kernel: [    9.989134]   PREFETCH window: dc400000-dc9fffff
Dec  7 20:33:49 majikthise kernel: [    9.989164] PCI: Bridge: 0000:00:15.0
Dec  7 20:33:49 majikthise kernel: [    9.989174]   IO window: 4000-4fff
Dec  7 20:33:49 majikthise kernel: [    9.989198]   MEM window: d9d00000-d9dfffff
Dec  7 20:33:49 majikthise kernel: [    9.989215]   PREFETCH window: dca00000-dcafffff
Dec  7 20:33:49 majikthise kernel: [    9.989266] PCI: Bridge: 0000:00:15.1
Dec  7 20:33:49 majikthise kernel: [    9.989276]   IO window: 8000-8fff
Dec  7 20:33:49 majikthise kernel: [    9.989300]   MEM window: da100000-da1fffff
Dec  7 20:33:49 majikthise kernel: [    9.989317]   PREFETCH window: dce00000-dcefffff
Dec  7 20:33:49 majikthise kernel: [    9.989350] PCI: Bridge: 0000:00:15.2
Dec  7 20:33:49 majikthise kernel: [    9.989360]   IO window: c000-cfff
Dec  7 20:33:49 majikthise kernel: [    9.989385]   MEM window: da500000-da5fffff
Dec  7 20:33:49 majikthise kernel: [    9.989402]   PREFETCH window: dd200000-dd2fffff
Dec  7 20:33:49 majikthise kernel: [    9.989434] PCI: Bridge: 0000:00:15.3
Dec  7 20:33:49 majikthise kernel: [    9.989435]   IO window: disabled.
Dec  7 20:33:49 majikthise kernel: [    9.989461]   MEM window: da900000-da9fffff
Dec  7 20:33:49 majikthise kernel: [    9.989478]   PREFETCH window: dd600000-dd6fffff
Dec  7 20:33:49 majikthise kernel: [    9.989509] PCI: Bridge: 0000:00:15.4
Dec  7 20:33:49 majikthise kernel: [    9.989511]   IO window: disabled.
Dec  7 20:33:49 majikthise kernel: [    9.989536]   MEM window: dad00000-dadfffff
Dec  7 20:33:49 majikthise kernel: [    9.989553]   PREFETCH window: dda00000-ddafffff
Dec  7 20:33:49 majikthise kernel: [    9.989584] PCI: Bridge: 0000:00:15.5
Dec  7 20:33:49 majikthise kernel: [    9.989586]   IO window: disabled.
Dec  7 20:33:49 majikthise kernel: [    9.989610]   MEM window: db100000-db1fffff
Dec  7 20:33:49 majikthise kernel: [    9.989627]   PREFETCH window: dde00000-ddefffff
Dec  7 20:33:49 majikthise kernel: [    9.989670] PCI: Bridge: 0000:00:15.6
Dec  7 20:33:49 majikthise kernel: [    9.989671]   IO window: disabled.
Dec  7 20:33:49 majikthise kernel: [    9.989696]   MEM window: db500000-db5fffff
Dec  7 20:33:49 majikthise kernel: [    9.989713]   PREFETCH window: de200000-de2fffff
Dec  7 20:33:49 majikthise kernel: [    9.989746] PCI: Bridge: 0000:00:15.7
Dec  7 20:33:49 majikthise kernel: [    9.989747]   IO window: disabled.
Dec  7 20:33:49 majikthise kernel: [    9.989772]   MEM window: db900000-db9fffff
Dec  7 20:33:49 majikthise kernel: [    9.989789]   PREFETCH window: de600000-de6fffff
Dec  7 20:33:49 majikthise kernel: [    9.989821] PCI: Bridge: 0000:00:16.0
Dec  7 20:33:49 majikthise kernel: [    9.989831]   IO window: 5000-5fff
Dec  7 20:33:49 majikthise kernel: [    9.989856]   MEM window: d9e00000-d9efffff
Dec  7 20:33:49 majikthise kernel: [    9.989873]   PREFETCH window: dcb00000-dcbfffff
Dec  7 20:33:49 majikthise kernel: [    9.989905] PCI: Bridge: 0000:00:16.1
Dec  7 20:33:49 majikthise kernel: [    9.989915]   IO window: 9000-9fff
Dec  7 20:33:49 majikthise kernel: [    9.989940]   MEM window: da200000-da2fffff
Dec  7 20:33:49 majikthise kernel: [    9.989957]   PREFETCH window: dcf00000-dcffffff
Dec  7 20:33:49 majikthise kernel: [    9.989988] PCI: Bridge: 0000:00:16.2
Dec  7 20:33:49 majikthise kernel: [    9.989998]   IO window: d000-dfff
Dec  7 20:33:49 majikthise kernel: [    9.990023]   MEM window: da600000-da6fffff
Dec  7 20:33:49 majikthise kernel: [    9.990040]   PREFETCH window: dd300000-dd3fffff
Dec  7 20:33:49 majikthise kernel: [    9.990072] PCI: Bridge: 0000:00:16.3
Dec  7 20:33:49 majikthise kernel: [    9.990073]   IO window: disabled.
Dec  7 20:33:49 majikthise kernel: [    9.990098]   MEM window: daa00000-daafffff
Dec  7 20:33:49 majikthise kernel: [    9.990115]   PREFETCH window: dd700000-dd7fffff
Dec  7 20:33:49 majikthise kernel: [    9.990147] PCI: Bridge: 0000:00:16.4
Dec  7 20:33:49 majikthise kernel: [    9.990148]   IO window: disabled.
Dec  7 20:33:49 majikthise kernel: [    9.990174]   MEM window: dae00000-daefffff
Dec  7 20:33:49 majikthise kernel: [    9.990191]   PREFETCH window: ddb00000-ddbfffff
Dec  7 20:33:49 majikthise kernel: [    9.990223] PCI: Bridge: 0000:00:16.5
Dec  7 20:33:49 majikthise kernel: [    9.990225]   IO window: disabled.
Dec  7 20:33:49 majikthise kernel: [    9.990250]   MEM window: db200000-db2fffff
Dec  7 20:33:49 majikthise kernel: [    9.990267]   PREFETCH window: ddf00000-ddffffff
Dec  7 20:33:49 majikthise kernel: [    9.990299] PCI: Bridge: 0000:00:16.6
Dec  7 20:33:49 majikthise kernel: [    9.990300]   IO window: disabled.
Dec  7 20:33:49 majikthise kernel: [    9.990325]   MEM window: db600000-db6fffff
Dec  7 20:33:49 majikthise kernel: [    9.990342]   PREFETCH window: de300000-de3fffff
Dec  7 20:33:49 majikthise kernel: [    9.990374] PCI: Bridge: 0000:00:16.7
Dec  7 20:33:49 majikthise kernel: [    9.990375]   IO window: disabled.
Dec  7 20:33:49 majikthise kernel: [    9.990400]   MEM window: dba00000-dbafffff
Dec  7 20:33:49 majikthise kernel: [    9.990417]   PREFETCH window: de700000-de7fffff
Dec  7 20:33:49 majikthise kernel: [    9.990449] PCI: Bridge: 0000:00:17.0
Dec  7 20:33:49 majikthise kernel: [    9.990459]   IO window: 6000-6fff
Dec  7 20:33:49 majikthise kernel: [    9.990483]   MEM window: d9f00000-d9ffffff
Dec  7 20:33:49 majikthise kernel: [    9.990500]   PREFETCH window: dcc00000-dccfffff
Dec  7 20:33:49 majikthise kernel: [    9.990532] PCI: Bridge: 0000:00:17.1
Dec  7 20:33:49 majikthise kernel: [    9.990542]   IO window: a000-afff
Dec  7 20:33:49 majikthise kernel: [    9.990567]   MEM window: da300000-da3fffff
Dec  7 20:33:49 majikthise kernel: [    9.990584]   PREFETCH window: dd000000-dd0fffff
Dec  7 20:33:49 majikthise kernel: [    9.990616] PCI: Bridge: 0000:00:17.2
Dec  7 20:33:49 majikthise kernel: [    9.990626]   IO window: e000-efff
Dec  7 20:33:49 majikthise kernel: [    9.990650]   MEM window: da700000-da7fffff
Dec  7 20:33:49 majikthise kernel: [    9.990674]   PREFETCH window: dd400000-dd4fffff
Dec  7 20:33:49 majikthise kernel: [    9.990706] PCI: Bridge: 0000:00:17.3
Dec  7 20:33:49 majikthise kernel: [    9.990708]   IO window: disabled.
Dec  7 20:33:49 majikthise kernel: [    9.990733]   MEM window: dab00000-dabfffff
Dec  7 20:33:49 majikthise kernel: [    9.990750]   PREFETCH window: dd800000-dd8fffff
Dec  7 20:33:49 majikthise kernel: [    9.990781] PCI: Bridge: 0000:00:17.4
Dec  7 20:33:49 majikthise kernel: [    9.990783]   IO window: disabled.
Dec  7 20:33:49 majikthise kernel: [    9.990807]   MEM window: daf00000-daffffff
Dec  7 20:33:49 majikthise kernel: [    9.990825]   PREFETCH window: ddc00000-ddcfffff
Dec  7 20:33:49 majikthise kernel: [    9.990856] PCI: Bridge: 0000:00:17.5
Dec  7 20:33:49 majikthise kernel: [    9.990858]   IO window: disabled.
Dec  7 20:33:49 majikthise kernel: [    9.990902]   MEM window: db300000-db3fffff
Dec  7 20:33:49 majikthise kernel: [    9.990920]   PREFETCH window: de000000-de0fffff
Dec  7 20:33:49 majikthise kernel: [    9.990952] PCI: Bridge: 0000:00:17.6
Dec  7 20:33:49 majikthise kernel: [    9.990954]   IO window: disabled.
Dec  7 20:33:49 majikthise kernel: [    9.990978]   MEM window: db700000-db7fffff
Dec  7 20:33:49 majikthise kernel: [    9.990995]   PREFETCH window: de400000-de4fffff
Dec  7 20:33:49 majikthise kernel: [    9.991027] PCI: Bridge: 0000:00:17.7
Dec  7 20:33:49 majikthise kernel: [    9.991028]   IO window: disabled.
Dec  7 20:33:49 majikthise kernel: [    9.991053]   MEM window: dbb00000-dbbfffff
Dec  7 20:33:49 majikthise kernel: [    9.991070]   PREFETCH window: de800000-de8fffff
Dec  7 20:33:49 majikthise kernel: [    9.991102] PCI: Bridge: 0000:00:18.0
Dec  7 20:33:49 majikthise kernel: [    9.991112]   IO window: 7000-7fff
Dec  7 20:33:49 majikthise kernel: [    9.991137]   MEM window: da000000-da0fffff
Dec  7 20:33:49 majikthise kernel: [    9.991159]   PREFETCH window: dcd00000-dcdfffff
Dec  7 20:33:49 majikthise kernel: [    9.991191] PCI: Bridge: 0000:00:18.1
Dec  7 20:33:49 majikthise kernel: [    9.991201]   IO window: b000-bfff
Dec  7 20:33:49 majikthise kernel: [    9.991226]   MEM window: da400000-da4fffff
Dec  7 20:33:49 majikthise kernel: [    9.991243]   PREFETCH window: dd100000-dd1fffff
Dec  7 20:33:49 majikthise kernel: [    9.991275] PCI: Bridge: 0000:00:18.2
Dec  7 20:33:49 majikthise kernel: [    9.991285]   IO window: f000-ffff
Dec  7 20:33:49 majikthise kernel: [    9.991309]   MEM window: da800000-da8fffff
Dec  7 20:33:49 majikthise kernel: [    9.991326]   PREFETCH window: dd500000-dd5fffff
Dec  7 20:33:49 majikthise kernel: [    9.991358] PCI: Bridge: 0000:00:18.3
Dec  7 20:33:49 majikthise kernel: [    9.991359]   IO window: disabled.
Dec  7 20:33:49 majikthise kernel: [    9.991384]   MEM window: dac00000-dacfffff
Dec  7 20:33:49 majikthise kernel: [    9.991401]   PREFETCH window: dd900000-dd9fffff
Dec  7 20:33:49 majikthise kernel: [    9.991433] PCI: Bridge: 0000:00:18.4
Dec  7 20:33:49 majikthise kernel: [    9.991434]   IO window: disabled.
Dec  7 20:33:49 majikthise kernel: [    9.991459]   MEM window: db000000-db0fffff
Dec  7 20:33:49 majikthise kernel: [    9.991476]   PREFETCH window: ddd00000-dddfffff
Dec  7 20:33:49 majikthise kernel: [    9.991508] PCI: Bridge: 0000:00:18.5
Dec  7 20:33:49 majikthise kernel: [    9.991509]   IO window: disabled.
Dec  7 20:33:49 majikthise kernel: [    9.991534]   MEM window: db400000-db4fffff
Dec  7 20:33:49 majikthise kernel: [    9.991551]   PREFETCH window: de100000-de1fffff
Dec  7 20:33:49 majikthise kernel: [    9.991583] PCI: Bridge: 0000:00:18.6
Dec  7 20:33:49 majikthise kernel: [    9.991584]   IO window: disabled.
Dec  7 20:33:49 majikthise kernel: [    9.991609]   MEM window: db800000-db8fffff
Dec  7 20:33:49 majikthise kernel: [    9.991626]   PREFETCH window: de500000-de5fffff
Dec  7 20:33:49 majikthise kernel: [    9.991659] PCI: Bridge: 0000:00:18.7
Dec  7 20:33:49 majikthise kernel: [    9.991660]   IO window: disabled.
Dec  7 20:33:49 majikthise kernel: [    9.991685]   MEM window: dbc00000-dbcfffff
Dec  7 20:33:49 majikthise kernel: [    9.991702]   PREFETCH window: de900000-de9fffff
Dec  7 20:33:49 majikthise kernel: [    9.994924] NET: Registered protocol family 2
Dec  7 20:33:49 majikthise kernel: [   10.087163] IP route cache hash table entries: 16384 (order: 4, 65536 bytes)
Dec  7 20:33:49 majikthise kernel: [   10.087190] TCP established hash table entries: 65536 (order: 7, 786432 bytes)
Dec  7 20:33:49 majikthise kernel: [   10.087302] TCP bind hash table entries: 65536 (order: 7, 524288 bytes)
Dec  7 20:33:49 majikthise kernel: [   10.087391] TCP: Hash tables configured (established 65536 bind 65536)
Dec  7 20:33:49 majikthise kernel: [   10.087393] TCP reno registered
Dec  7 20:33:49 majikthise kernel: [   10.117163] checking if image is initramfs... it is
Dec  7 20:33:49 majikthise kernel: [   10.388205] Freeing initrd memory: 6897k freed
Dec  7 20:33:49 majikthise kernel: [   10.388314] Simple Boot Flag at 0x36 set to 0x1
Dec  7 20:33:49 majikthise kernel: [   10.389069] audit: initializing netlink socket (disabled)
Dec  7 20:33:49 majikthise kernel: [   10.389118] audit(1291782765.160:1): initialized
Dec  7 20:33:49 majikthise kernel: [   10.391381] VFS: Disk quotas dquot_6.5.1
Dec  7 20:33:49 majikthise kernel: [   10.391467] Dquot-cache hash table entries: 1024 (order 0, 4096 bytes)
Dec  7 20:33:49 majikthise kernel: [   10.391623] io scheduler noop registered
Dec  7 20:33:49 majikthise kernel: [   10.391625] io scheduler anticipatory registered
Dec  7 20:33:49 majikthise kernel: [   10.391627] io scheduler deadline registered (default)
Dec  7 20:33:49 majikthise kernel: [   10.391636] io scheduler cfq registered
Dec  7 20:33:49 majikthise kernel: [   10.391678] Limiting direct PCI/PCI transfers.
Dec  7 20:33:49 majikthise kernel: [   10.392437] assign_interrupt_mode Found MSI capability
Dec  7 20:33:49 majikthise kernel: [   10.393400] assign_interrupt_mode Found MSI capability
Dec  7 20:33:49 majikthise kernel: [   10.394354] assign_interrupt_mode Found MSI capability
Dec  7 20:33:49 majikthise kernel: [   10.395341] assign_interrupt_mode Found MSI capability
Dec  7 20:33:49 majikthise kernel: [   10.396238] assign_interrupt_mode Found MSI capability
Dec  7 20:33:49 majikthise kernel: [   10.396426] assign_interrupt_mode Found MSI capability
Dec  7 20:33:49 majikthise last message repeated 18 times
Dec  7 20:33:49 majikthise kernel: [   10.396427] assign_interrupt_mode Found MSI capability
Dec  7 20:33:49 majikthise kernel: [   10.396910] assign_interrupt_mode Found MSI capability
Dec  7 20:33:49 majikthise kernel: [   10.397825] assign_interrupt_mode Found MSI capability
Dec  7 20:33:49 majikthise kernel: [   10.398930] assign_interrupt_mode Found MSI capability
Dec  7 20:33:49 majikthise kernel: [   10.400025] assign_interrupt_mode Found MSI capability
Dec  7 20:33:49 majikthise kernel: [   10.400958] assign_interrupt_mode Found MSI capability
Dec  7 20:33:49 majikthise kernel: [   10.401837] assign_interrupt_mode Found MSI capability
Dec  7 20:33:49 majikthise kernel: [   10.402773] assign_interrupt_mode Found MSI capability
Dec  7 20:33:49 majikthise kernel: [   10.403352] isapnp: Scanning for PnP cards...
Dec  7 20:33:49 majikthise kernel: [   10.486631] Switched to high resolution mode on CPU 1
Dec  7 20:33:49 majikthise kernel: [   10.496241] Switched to high resolution mode on CPU 0
Dec  7 20:33:49 majikthise kernel: [   10.760824] isapnp: No Plug & Play device found
Dec  7 20:33:49 majikthise kernel: [   10.778133] Real Time Clock Driver v1.12ac
Dec  7 20:33:49 majikthise kernel: [   10.778188] Serial: 8250/16550 driver $Revision: 1.90 $ 4 ports, IRQ sharing enabled
Dec  7 20:33:49 majikthise kernel: [   10.778645] serial8250: ttyS0 at I/O 0x3f8 (irq = 4) is a 16550A
Dec  7 20:33:49 majikthise kernel: [   10.779060] serial8250: ttyS1 at I/O 0x2f8 (irq = 3) is a 16550A
Dec  7 20:33:49 majikthise kernel: [   10.779719] 00:09: ttyS0 at I/O 0x3f8 (irq = 4) is a 16550A
Dec  7 20:33:49 majikthise kernel: [   10.780144] 00:0a: ttyS1 at I/O 0x2f8 (irq = 3) is a 16550A
Dec  7 20:33:49 majikthise kernel: [   10.780578] RAMDISK driver initialized: 16 RAM disks of 65536K size 1024 blocksize
Dec  7 20:33:49 majikthise kernel: [   10.780648] input: Macintosh mouse button emulation as /class/input/input0
Dec  7 20:33:49 majikthise kernel: [   10.780696] PNP: PS/2 Controller [PNP0303:KBC,PNP0f13:MOUS] at 0x60,0x64 irq 1,12
Dec  7 20:33:49 majikthise kernel: [   11.300453] serio: i8042 KBD port at 0x60,0x64 irq 1
Dec  7 20:33:49 majikthise kernel: [   11.300460] serio: i8042 AUX port at 0x60,0x64 irq 12
Dec  7 20:33:49 majikthise kernel: [   11.300601] mice: PS/2 mouse device common for all mice
Dec  7 20:33:49 majikthise kernel: [   11.300763] EISA: Probing bus 0 at eisa.0
Dec  7 20:33:49 majikthise kernel: [   11.300787] Cannot allocate resource for EISA slot 1
Dec  7 20:33:49 majikthise kernel: [   11.300789] Cannot allocate resource for EISA slot 2
Dec  7 20:33:49 majikthise kernel: [   11.300791] Cannot allocate resource for EISA slot 3
Dec  7 20:33:49 majikthise kernel: [   11.300792] Cannot allocate resource for EISA slot 4
Dec  7 20:33:49 majikthise kernel: [   11.300794] Cannot allocate resource for EISA slot 5
Dec  7 20:33:49 majikthise kernel: [   11.300796] Cannot allocate resource for EISA slot 6
Dec  7 20:33:49 majikthise kernel: [   11.300798] Cannot allocate resource for EISA slot 7
Dec  7 20:33:49 majikthise kernel: [   11.300799] Cannot allocate resource for EISA slot 8
Dec  7 20:33:49 majikthise kernel: [   11.300801] EISA: Detected 0 cards.
Dec  7 20:33:49 majikthise kernel: [   11.300842] TCP cubic registered
Dec  7 20:33:49 majikthise kernel: [   11.300847] NET: Registered protocol family 1
Dec  7 20:33:49 majikthise kernel: [   11.300859] Using IPI No-Shortcut mode
Dec  7 20:33:49 majikthise kernel: [   11.301062]   Magic number: 6:536:514
Dec  7 20:33:49 majikthise kernel: [   11.301157] Freeing unused kernel memory: 364k freed
Dec  7 20:33:49 majikthise kernel: [   11.302459] input: AT Translated Set 2 keyboard as /class/input/input1
Dec  7 20:33:49 majikthise kernel: [   11.365956] VMware vmxnet virtual NIC driver
Dec  7 20:33:49 majikthise kernel: [   11.366884] AppArmor: AppArmor initialized<5>audit(1291782766.160:2):  type=1505 info="AppArmor initialized" pid=1232
Dec  7 20:33:49 majikthise kernel: [   11.367795] fuse init (API version 7.8)
Dec  7 20:33:49 majikthise kernel: [   11.368866] Failure registering capabilities with primary security module.
Dec  7 20:33:49 majikthise kernel: [   11.426358] ACPI: Processor [CP00] (supports 8 throttling states)
Dec  7 20:33:49 majikthise kernel: [   11.426631] ACPI: Processor [CP01] (supports 8 throttling states)
Dec  7 20:33:49 majikthise kernel: [   11.618111] SCSI subsystem initialized
Dec  7 20:33:49 majikthise kernel: [   11.619248] scsi0 : ata_piix
Dec  7 20:33:49 majikthise kernel: [   11.619275] scsi1 : ata_piix
Dec  7 20:33:49 majikthise kernel: [   11.619290] ata1: PATA max UDMA/33 cmd 0x000101f0 ctl 0x000103f6 bmdma 0x000110c0 irq 14
Dec  7 20:33:49 majikthise kernel: [   11.619292] ata2: PATA max UDMA/33 cmd 0x00010170 ctl 0x00010376 bmdma 0x000110c8 irq 15
Dec  7 20:33:49 majikthise kernel: [   11.626732] Fusion MPT base driver 3.04.04
Dec  7 20:33:49 majikthise kernel: [   11.626734] Copyright (c) 1999-2007 LSI Logic Corporation
Dec  7 20:33:49 majikthise kernel: [   11.627133] Fusion MPT SPI Host driver 3.04.04
Dec  7 20:33:49 majikthise kernel: [   11.629612] Intel(R) PRO/1000 Network Driver - version 7.3.20-k2-NAPI
Dec  7 20:33:49 majikthise kernel: [   11.629614] Copyright (c) 1999-2006 Intel Corporation.
Dec  7 20:33:49 majikthise kernel: [   11.670368] Floppy drive(s): fd0 is 1.44M
Dec  7 20:33:49 majikthise kernel: [   11.684298] FDC 0 is a post-1991 82077
Dec  7 20:33:49 majikthise kernel: [   12.122497] ata2.00: ATAPI: VMware Virtual IDE CDROM Drive, 00000001, max UDMA/33
Dec  7 20:33:49 majikthise kernel: [   12.282106] ata2.00: configured for UDMA/33
Dec  7 20:33:49 majikthise kernel: [   12.282283] scsi 1:0:0:0: CD-ROM            NECVMWar VMware IDE CDR10 1.00 PQ: 0 ANSI: 5
Dec  7 20:33:49 majikthise kernel: [   12.282497] ACPI: PCI Interrupt 0000:02:00.0[A] -> GSI 18 (level, low) -> IRQ 16
Dec  7 20:33:49 majikthise kernel: [   12.282629] ACPI: PCI Interrupt 0000:00:10.0[A] -> GSI 17 (level, low) -> IRQ 17
Dec  7 20:33:49 majikthise kernel: [   12.282694] mptbase: Initiating ioc0 bringup
Dec  7 20:33:49 majikthise kernel: [   12.285680] sr0: scsi3-mmc drive: 1x/1x xa/form2 cdda tray
Dec  7 20:33:49 majikthise kernel: [   12.285682] Uniform CD-ROM driver Revision: 3.20
Dec  7 20:33:49 majikthise kernel: [   12.286264] sr 1:0:0:0: Attached scsi generic sg0 type 5
Dec  7 20:33:49 majikthise kernel: [   12.471740] ioc0: 53C1030: Capabilities={Initiator}
Dec  7 20:33:49 majikthise kernel: [   12.622425] e1000: 0000:02:00.0: e1000_probe: (PCI:66MHz:32-bit) 00:0c:29:fe:21:f1
Dec  7 20:33:49 majikthise kernel: [   12.675433] e1000: eth0: e1000_probe: Intel(R) PRO/1000 Network Connection
Dec  7 20:33:49 majikthise kernel: [   12.821256] scsi2 : ioc0: LSI53C1030, FwRev=01032920h, Ports=1, MaxQ=128, IRQ=17
Dec  7 20:33:49 majikthise kernel: [   13.110224] scsi 2:0:0:0: Direct-Access     VMware,  VMware Virtual S 1.0  PQ: 0 ANSI: 2
Dec  7 20:33:49 majikthise kernel: [   13.110230]  target2:0:0: Beginning Domain Validation
Dec  7 20:33:49 majikthise kernel: [   13.110666]  target2:0:0: Domain Validation skipping write tests
Dec  7 20:33:49 majikthise kernel: [   13.110668]  target2:0:0: Ending Domain Validation
Dec  7 20:33:49 majikthise kernel: [   13.110687]  target2:0:0: FAST-40 WIDE SCSI 80.0 MB/s ST (25 ns, offset 127)
Dec  7 20:33:49 majikthise kernel: [   13.111608] scsi 2:0:0:0: Attached scsi generic sg1 type 0
Dec  7 20:33:49 majikthise kernel: [   13.119356] sd 2:0:0:0: [sda] 88080384 512-byte hardware sectors (45097 MB)
Dec  7 20:33:49 majikthise kernel: [   13.119470] sd 2:0:0:0: [sda] Write Protect is off
Dec  7 20:33:49 majikthise kernel: [   13.119539] sd 2:0:0:0: [sda] Cache data unavailable
Dec  7 20:33:49 majikthise kernel: [   13.119744] sd 2:0:0:0: [sda] 88080384 512-byte hardware sectors (45097 MB)
Dec  7 20:33:49 majikthise kernel: [   13.119768] sd 2:0:0:0: [sda] Write Protect is off
Dec  7 20:33:49 majikthise kernel: [   13.119823] sd 2:0:0:0: [sda] Cache data unavailable
Dec  7 20:33:49 majikthise kernel: [   13.119931]  sda: sda1 sda2 sda3
Dec  7 20:33:49 majikthise kernel: [   14.497008] sd 2:0:0:0: [sda] Attached SCSI disk
Dec  7 20:33:49 majikthise kernel: [   15.964476] SGI XFS with ACLs, security attributes, realtime, large block numbers, no debug enabled
Dec  7 20:33:49 majikthise kernel: [   15.965289] SGI XFS Quota Management subsystem
Dec  7 20:33:49 majikthise kernel: [   16.033765] XFS mounting filesystem sda3
Dec  7 20:33:49 majikthise kernel: [   16.466745] Starting XFS recovery on filesystem: sda3 (logdev: internal)
Dec  7 20:33:49 majikthise kernel: [   28.255718] Ending XFS recovery on filesystem: sda3 (logdev: internal)
Dec  7 20:33:49 majikthise kernel: [   45.673860] e1000: eth0: e1000_watchdog: NIC Link is Up 1000 Mbps Full Duplex, Flow Control: None
Dec  7 20:33:49 majikthise kernel: [   49.955698] pci_hotplug: PCI Hot Plug PCI Core version: 0.5
Dec  7 20:33:49 majikthise kernel: [   49.970548] shpchp: Standard Hot Plug PCI Controller Driver version: 0.4
Dec  7 20:33:49 majikthise kernel: [   50.177653] Clocksource tsc unstable (delta = 4687661657 ns)
Dec  7 20:33:49 majikthise kernel: [   50.191656] Time: acpi_pm clocksource has been installed.
Dec  7 20:33:49 majikthise kernel: [   50.485363] parport_pc 00:08: reported by Plug and Play ACPI
Dec  7 20:33:49 majikthise kernel: [   50.485855] parport0: PC-style at 0x378, irq 7 [PCSPP,TRISTATE]
Dec  7 20:33:49 majikthise kernel: [   50.501242] VMCI: Major device number is: 254
Dec  7 20:33:49 majikthise kernel: [   50.501266] Probing for vmci/PCI.
Dec  7 20:33:49 majikthise kernel: [   50.501316] ACPI: PCI Interrupt 0000:00:07.7[A] -> GSI 16 (level, low) -> IRQ 18
Dec  7 20:33:49 majikthise kernel: [   50.501368] Found vmci/PCI at 0x1080, irq 18.
Dec  7 20:33:49 majikthise kernel: [   50.501502] VMCIUtil: Host capability check: PASSED
Dec  7 20:33:49 majikthise kernel: [   50.501514] Registered vmci device.
Dec  7 20:33:49 majikthise kernel: [   50.583500] NET: Registered protocol family 10
Dec  7 20:33:49 majikthise kernel: [   50.583561] lo: Disabled Privacy Extensions
Dec  7 20:33:49 majikthise kernel: [   52.520325] Adding 1951888k swap on /dev/sda2.  Priority:-1 extents:1 across:1951888k
Dec  7 20:33:49 majikthise kernel: [   63.061441] No dock devices found.
Dec  7 20:33:49 majikthise kernel: [   63.087620] acpiphp: ACPI Hot Plug PCI Controller Driver version: 0.5
Dec  7 20:33:49 majikthise kernel: [   63.162514] acpiphp: Slot [32] registered
Dec  7 20:33:49 majikthise kernel: [   63.162527] acpiphp: Slot [33] registered
Dec  7 20:33:49 majikthise kernel: [   63.162534] acpiphp: Slot [34] registered
Dec  7 20:33:49 majikthise kernel: [   63.162540] acpiphp: Slot [35] registered
Dec  7 20:33:49 majikthise kernel: [   63.162546] acpiphp: Slot [36] registered
Dec  7 20:33:49 majikthise kernel: [   63.162552] acpiphp: Slot [37] registered
Dec  7 20:33:49 majikthise kernel: [   63.162567] acpiphp: Slot [38] registered
Dec  7 20:33:49 majikthise kernel: [   63.162574] acpiphp: Slot [39] registered
Dec  7 20:33:49 majikthise kernel: [   63.162580] acpiphp: Slot [40] registered
Dec  7 20:33:49 majikthise kernel: [   63.162589] acpiphp: Slot [41] registered
Dec  7 20:33:49 majikthise kernel: [   63.162594] acpiphp: Slot [42] registered
Dec  7 20:33:49 majikthise kernel: [   63.162601] acpiphp: Slot [43] registered
Dec  7 20:33:49 majikthise kernel: [   63.162607] acpiphp: Slot [44] registered
Dec  7 20:33:49 majikthise kernel: [   63.162613] acpiphp: Slot [45] registered
Dec  7 20:33:49 majikthise kernel: [   63.162620] acpiphp: Slot [46] registered
Dec  7 20:33:49 majikthise kernel: [   63.162627] acpiphp: Slot [47] registered
Dec  7 20:33:49 majikthise kernel: [   63.162633] acpiphp: Slot [48] registered
Dec  7 20:33:49 majikthise kernel: [   63.162639] acpiphp: Slot [49] registered
Dec  7 20:33:49 majikthise kernel: [   63.162645] acpiphp: Slot [50] registered
Dec  7 20:33:49 majikthise kernel: [   63.162651] acpiphp: Slot [51] registered
Dec  7 20:33:49 majikthise kernel: [   63.162657] acpiphp: Slot [52] registered
Dec  7 20:33:49 majikthise kernel: [   63.162665] acpiphp: Slot [53] registered
Dec  7 20:33:49 majikthise kernel: [   63.162671] acpiphp: Slot [54] registered
Dec  7 20:33:49 majikthise kernel: [   63.162677] acpiphp: Slot [55] registered
Dec  7 20:33:49 majikthise kernel: [   63.162683] acpiphp: Slot [56] registered
Dec  7 20:33:49 majikthise kernel: [   63.162689] acpiphp: Slot [57] registered
Dec  7 20:33:49 majikthise kernel: [   63.162695] acpiphp: Slot [58] registered
Dec  7 20:33:49 majikthise kernel: [   63.162701] acpiphp: Slot [59] registered
Dec  7 20:33:49 majikthise kernel: [   63.162707] acpiphp: Slot [60] registered
Dec  7 20:33:49 majikthise kernel: [   63.162715] acpiphp: Slot [61] registered
Dec  7 20:33:49 majikthise kernel: [   63.162721] acpiphp: Slot [62] registered
Dec  7 20:33:49 majikthise kernel: [   63.162727] acpiphp: Slot [63] registered
Dec  7 20:33:49 majikthise kernel: [   63.162760] acpiphp: Slot [160] registered
Dec  7 20:33:49 majikthise kernel: [   63.162780] acpiphp: Slot [192] registered
Dec  7 20:33:49 majikthise kernel: [   63.162793] acpiphp: Slot [224] registered
Dec  7 20:33:49 majikthise kernel: [   63.162807] acpiphp: Slot [256] registered
Dec  7 20:33:49 majikthise kernel: [   63.162830] acpiphp: Slot [161] registered
Dec  7 20:33:49 majikthise kernel: [   63.162844] acpiphp: Slot [162] registered
Dec  7 20:33:49 majikthise kernel: [   63.162857] acpiphp: Slot [163] registered
Dec  7 20:33:49 majikthise kernel: [   63.162870] acpiphp: Slot [164] registered
Dec  7 20:33:49 majikthise kernel: [   63.162883] acpiphp: Slot [165] registered
Dec  7 20:33:49 majikthise kernel: [   63.162896] acpiphp: Slot [166] registered
Dec  7 20:33:49 majikthise kernel: [   63.162909] acpiphp: Slot [167] registered
Dec  7 20:33:49 majikthise kernel: [   63.162923] acpiphp: Slot [193] registered
Dec  7 20:33:49 majikthise kernel: [   63.162936] acpiphp: Slot [194] registered
Dec  7 20:33:49 majikthise kernel: [   63.162951] acpiphp: Slot [195] registered
Dec  7 20:33:49 majikthise kernel: [   63.162964] acpiphp: Slot [196] registered
Dec  7 20:33:49 majikthise kernel: [   63.162977] acpiphp: Slot [197] registered
Dec  7 20:33:49 majikthise kernel: [   63.162991] acpiphp: Slot [198] registered
Dec  7 20:33:49 majikthise kernel: [   63.163004] acpiphp: Slot [199] registered
Dec  7 20:33:49 majikthise kernel: [   63.163017] acpiphp: Slot [225] registered
Dec  7 20:33:49 majikthise kernel: [   63.163030] acpiphp: Slot [226] registered
Dec  7 20:33:49 majikthise kernel: [   63.163043] acpiphp: Slot [227] registered
Dec  7 20:33:49 majikthise kernel: [   63.163065] acpiphp: Slot [228] registered
Dec  7 20:33:49 majikthise kernel: [   63.163081] acpiphp: Slot [229] registered
Dec  7 20:33:49 majikthise kernel: [   63.163095] acpiphp: Slot [230] registered
Dec  7 20:33:49 majikthise kernel: [   63.163109] acpiphp: Slot [231] registered
Dec  7 20:33:49 majikthise kernel: [   63.163125] acpiphp: Slot [257] registered
Dec  7 20:33:49 majikthise kernel: [   63.163140] acpiphp: Slot [258] registered
Dec  7 20:33:49 majikthise kernel: [   63.163153] acpiphp: Slot [259] registered
Dec  7 20:33:49 majikthise kernel: [   63.163167] acpiphp: Slot [260] registered
Dec  7 20:33:49 majikthise kernel: [   63.163180] acpiphp: Slot [261] registered
Dec  7 20:33:49 majikthise kernel: [   63.163194] acpiphp: Slot [262] registered
Dec  7 20:33:49 majikthise kernel: [   63.163208] acpiphp: Slot [263] registered
Dec  7 20:33:49 majikthise kernel: [   66.692519] VMware memory control driver initialized
Dec  7 20:33:49 majikthise kernel: [   70.935617] e1000: eth0: e1000_set_tso: TSO is Enabled
Dec  7 20:33:54 majikthise kernel: [   76.142217] Failure registering capabilities with primary security module.
Dec  7 20:53:48 majikthise -- MARK --
Dec  7 21:01:05 majikthise kernel: [ 1704.457082] VMware memory control driver unloaded
Dec  7 21:01:05 majikthise kernel: [ 1704.544501] Removing vmci device
Dec  7 21:01:05 majikthise kernel: [ 1704.544508] Resetting vmci device
Dec  7 21:01:05 majikthise kernel: [ 1704.544555] Unregistered vmci device.
Dec  7 21:01:05 majikthise kernel: [ 1704.544588] ACPI: PCI interrupt for device 0000:00:07.7 disabled
Dec  7 21:01:05 majikthise exiting on signal 15
Dec  7 21:07:23 majikthise syslogd 1.4.1#21ubuntu3: restart.
Dec  7 21:07:23 majikthise kernel: Inspecting /boot/System.map-2.6.22-14-server
Dec  7 21:07:24 majikthise kernel: Loaded 25607 symbols from /boot/System.map-2.6.22-14-server.
Dec  7 21:07:24 majikthise kernel: Symbols match kernel version 2.6.22.
Dec  7 21:07:24 majikthise kernel: No module symbols loaded - kernel modules not enabled. 
Dec  7 21:07:24 majikthise kernel: [    0.000000] Linux version 2.6.22-14-server (buildd@terranova) (gcc version 4.1.3 20070929 (prerelease) (Ubuntu 4.1.2-16ubuntu2)) #1 SMP Tue Feb 12 08:27:05 UTC 2008 (Ubuntu 2.6.22-14.52-server)
Dec  7 21:07:24 majikthise kernel: [    0.000000] BIOS-provided physical RAM map:
Dec  7 21:07:24 majikthise kernel: [    0.000000]  BIOS-e820: 0000000000000000 - 000000000009f800 (usable)
Dec  7 21:07:24 majikthise kernel: [    0.000000]  BIOS-e820: 000000000009f800 - 00000000000a0000 (reserved)
Dec  7 21:07:24 majikthise kernel: [    0.000000]  BIOS-e820: 00000000000ca000 - 00000000000cc000 (reserved)
Dec  7 21:07:24 majikthise kernel: [    0.000000]  BIOS-e820: 00000000000dc000 - 00000000000e4000 (reserved)
Dec  7 21:07:24 majikthise kernel: [    0.000000]  BIOS-e820: 00000000000e8000 - 0000000000100000 (reserved)
Dec  7 21:07:24 majikthise kernel: [    0.000000]  BIOS-e820: 0000000000100000 - 000000003fef0000 (usable)
Dec  7 21:07:24 majikthise kernel: [    0.000000]  BIOS-e820: 000000003fef0000 - 000000003feff000 (ACPI data)
Dec  7 21:07:24 majikthise kernel: [    0.000000]  BIOS-e820: 000000003feff000 - 000000003ff00000 (ACPI NVS)
Dec  7 21:07:24 majikthise kernel: [    0.000000]  BIOS-e820: 000000003ff00000 - 0000000040000000 (usable)
Dec  7 21:07:24 majikthise kernel: [    0.000000]  BIOS-e820: 00000000e0000000 - 00000000f0000000 (reserved)
Dec  7 21:07:24 majikthise kernel: [    0.000000]  BIOS-e820: 00000000fec00000 - 00000000fec10000 (reserved)
Dec  7 21:07:24 majikthise kernel: [    0.000000]  BIOS-e820: 00000000fee00000 - 00000000fee01000 (reserved)
Dec  7 21:07:24 majikthise kernel: [    0.000000]  BIOS-e820: 00000000fffe0000 - 0000000100000000 (reserved)
Dec  7 21:07:24 majikthise kernel: [    0.000000] 128MB HIGHMEM available.
Dec  7 21:07:24 majikthise kernel: [    0.000000] 896MB LOWMEM available.
Dec  7 21:07:24 majikthise kernel: [    0.000000] found SMP MP-table at 000f69b0
Dec  7 21:07:24 majikthise kernel: [    0.000000] NX (Execute Disable) protection: active
Dec  7 21:07:24 majikthise kernel: [    0.000000] Zone PFN ranges:
Dec  7 21:07:24 majikthise kernel: [    0.000000]   DMA             0 ->     4096
Dec  7 21:07:24 majikthise kernel: [    0.000000]   Normal       4096 ->   229376
Dec  7 21:07:24 majikthise kernel: [    0.000000]   HighMem    229376 ->   262144
Dec  7 21:07:24 majikthise kernel: [    0.000000] early_node_map[1] active PFN ranges
Dec  7 21:07:24 majikthise kernel: [    0.000000]     0:        0 ->   262144
Dec  7 21:07:24 majikthise kernel: [    0.000000] DMI present.
Dec  7 21:07:24 majikthise kernel: [    0.000000] ACPI: RSDP signature @ 0xC00F6940 checksum 0
Dec  7 21:07:24 majikthise kernel: [    0.000000] ACPI: RSDP 000F6940, 0024 (r2 PTLTD )
Dec  7 21:07:24 majikthise kernel: [    0.000000] ACPI: XSDT 3FEF079A, 004C (r1 INTEL  440BX     6040000 VMW   1324272)
Dec  7 21:07:24 majikthise kernel: [    0.000000] ACPI: FACP 3FEFEE98, 00F4 (r4 INTEL  440BX     6040000 PTL     F4240)
Dec  7 21:07:24 majikthise kernel: [    0.000000] ACPI: DSDT 3FEF0960, E538 (r1 PTLTD  Custom    6040000 MSFT  3000001)
Dec  7 21:07:24 majikthise kernel: [    0.000000] ACPI: FACS 3FEFFFC0, 0040
Dec  7 21:07:24 majikthise kernel: [    0.000000] ACPI: BOOT 3FEF0938, 0028 (r1 PTLTD  $SBFTBL$  6040000  LTP        1)
Dec  7 21:07:24 majikthise kernel: [    0.000000] ACPI: APIC 3FEF08DA, 005E (r1 PTLTD  ^I APIC    6040000  LTP        0)
Dec  7 21:07:24 majikthise kernel: [    0.000000] ACPI: MCFG 3FEF089E, 003C (r1 PTLTD  $PCITBL$  6040000  LTP        1)
Dec  7 21:07:24 majikthise kernel: [    0.000000] ACPI: SRAT 3FEF081E, 0080 (r2 VMWARE MEMPLUG   6040000 VMW         1)
Dec  7 21:07:24 majikthise kernel: [    0.000000] ACPI: PM-Timer IO Port: 0x1008
Dec  7 21:07:24 majikthise kernel: [    0.000000] ACPI: LAPIC (acpi_id[0x00] lapic_id[0x00] enabled)
Dec  7 21:07:24 majikthise kernel: [    0.000000] Processor #0 7:10 APIC version 17
Dec  7 21:07:24 majikthise kernel: [    0.000000] ACPI: LAPIC (acpi_id[0x01] lapic_id[0x01] enabled)
Dec  7 21:07:24 majikthise kernel: [    0.000000] Processor #1 7:10 APIC version 17
Dec  7 21:07:24 majikthise kernel: [    0.000000] ACPI: LAPIC_NMI (acpi_id[0x00] high edge lint[0x1])
Dec  7 21:07:24 majikthise kernel: [    0.000000] ACPI: LAPIC_NMI (acpi_id[0x01] high edge lint[0x1])
Dec  7 21:07:24 majikthise kernel: [    0.000000] ACPI: IOAPIC (id[0x02] address[0xfec00000] gsi_base[0])
Dec  7 21:07:24 majikthise kernel: [    0.000000] IOAPIC[0]: apic_id 2, version 17, address 0xfec00000, GSI 0-23
Dec  7 21:07:24 majikthise kernel: [    0.000000] ACPI: INT_SRC_OVR (bus 0 bus_irq 0 global_irq 2 high edge)
Dec  7 21:07:24 majikthise kernel: [    0.000000] Enabling APIC mode:  Flat.  Using 1 I/O APICs
Dec  7 21:07:24 majikthise kernel: [    0.000000] Using ACPI (MADT) for SMP configuration information
Dec  7 21:07:24 majikthise kernel: [    0.000000] Allocating PCI resources starting at 50000000 (gap: 40000000:a0000000)
Dec  7 21:07:24 majikthise kernel: [    0.000000] Built 1 zonelists.  Total pages: 260096
Dec  7 21:07:24 majikthise kernel: [    0.000000] Kernel command line: root=UUID=3abcbe31-d5b6-4fa6-a286-7be644fe052b ro quiet splash
Dec  7 21:07:24 majikthise kernel: [    0.000000] Enabling fast FPU save and restore... done.
Dec  7 21:07:24 majikthise kernel: [    0.000000] Enabling unmasked SIMD FPU exception support... done.
Dec  7 21:07:24 majikthise kernel: [    0.000000] Initializing CPU#0
Dec  7 21:07:24 majikthise kernel: [    0.000000] PID hash table entries: 4096 (order: 12, 16384 bytes)
Dec  7 21:07:24 majikthise kernel: [    0.000000] Detected 3222.770 MHz processor.
Dec  7 21:07:24 majikthise kernel: [    7.161444] Console: colour VGA+ 80x25
Dec  7 21:07:24 majikthise kernel: [    7.162904] Dentry cache hash table entries: 131072 (order: 7, 524288 bytes)
Dec  7 21:07:24 majikthise kernel: [    7.163744] Inode-cache hash table entries: 65536 (order: 6, 262144 bytes)
Dec  7 21:07:24 majikthise kernel: [    7.164600] Memory: 1027972k/1048576k available (2047k kernel code, 19840k reserved, 920k data, 364k init, 131008k highmem)
Dec  7 21:07:24 majikthise kernel: [    7.164608] virtual kernel memory layout:
Dec  7 21:07:24 majikthise kernel: [    7.164609]     fixmap  : 0xfff4e000 - 0xfffff000   ( 708 kB)
Dec  7 21:07:24 majikthise kernel: [    7.164610]     pkmap   : 0xffc00000 - 0xffe00000   (2048 kB)
Dec  7 21:07:24 majikthise kernel: [    7.164611]     vmalloc : 0xf8800000 - 0xffbfe000   ( 115 MB)
Dec  7 21:07:24 majikthise kernel: [    7.164612]     lowmem  : 0xc0000000 - 0xf8000000   ( 896 MB)
Dec  7 21:07:24 majikthise kernel: [    7.164614]       .init : 0xc03eb000 - 0xc0446000   ( 364 kB)
Dec  7 21:07:24 majikthise kernel: [    7.164615]       .data : 0xc02ffd96 - 0xc03e5f04   ( 920 kB)
Dec  7 21:07:24 majikthise kernel: [    7.164616]       .text : 0xc0100000 - 0xc02ffd96   (2047 kB)
Dec  7 21:07:24 majikthise kernel: [    7.164618] Checking if this processor honours the WP bit even in supervisor mode... Ok.
Dec  7 21:07:24 majikthise kernel: [    7.165489] SLUB: Genslabs=22, HWalign=64, Order=0-1, MinObjects=4, CPUs=2, Nodes=1
Dec  7 21:07:24 majikthise kernel: [    7.315325] Calibrating delay using timer specific routine.. 6472.35 BogoMIPS (lpj=32361795)
Dec  7 21:07:24 majikthise kernel: [    7.315427] Security Framework v1.0.0 initialized
Dec  7 21:07:24 majikthise kernel: [    7.315431] SELinux:  Disabled at boot.
Dec  7 21:07:24 majikthise kernel: [    7.315450] Mount-cache hash table entries: 512
Dec  7 21:07:24 majikthise kernel: [    7.315672] CPU: L1 I cache: 32K, L1 D cache: 32K
Dec  7 21:07:24 majikthise kernel: [    7.315674] CPU: L2 cache: 256K
Dec  7 21:07:24 majikthise kernel: [    7.315675] CPU: L3 cache: 8192K
Dec  7 21:07:24 majikthise kernel: [    7.315678] CPU: Physical Processor ID: 0
Dec  7 21:07:24 majikthise kernel: [    7.315680] CPU: Processor Core ID: 0
Dec  7 21:07:24 majikthise kernel: [    7.315698] Compat vDSO mapped to ffffe000.
Dec  7 21:07:24 majikthise kernel: [    7.315722] Checking 'hlt' instruction... OK.
Dec  7 21:07:24 majikthise kernel: [    7.355302] SMP alternatives: switching to UP code
Dec  7 21:07:24 majikthise kernel: [    7.355682] Early unpacking initramfs... done
Dec  7 21:07:24 majikthise kernel: [    7.498752] ACPI: Core revision 20070126
Dec  7 21:07:24 majikthise kernel: [    7.498862] ACPI: Looking for DSDT in initramfs... error, file /DSDT.aml not found.
Dec  7 21:07:24 majikthise kernel: [    7.503706] CPU0: Intel(R) Core(TM) i7 CPU         940  @ 2.93GHz stepping 04
Dec  7 21:07:24 majikthise kernel: [    7.503875] SMP alternatives: switching to SMP code
Dec  7 21:07:24 majikthise kernel: [    7.504031] Booting processor 1/1 eip 3000
Dec  7 21:07:24 majikthise kernel: [    7.514314] Initializing CPU#1
Dec  7 21:07:24 majikthise kernel: [    7.664529] Calibrating delay using timer specific routine.. 6447.03 BogoMIPS (lpj=32235187)
Dec  7 21:07:24 majikthise kernel: [    7.664547] CPU: L1 I cache: 32K, L1 D cache: 32K
Dec  7 21:07:24 majikthise kernel: [    7.664548] CPU: L2 cache: 256K
Dec  7 21:07:24 majikthise kernel: [    7.664549] CPU: L3 cache: 8192K
Dec  7 21:07:24 majikthise kernel: [    7.664552] CPU: Physical Processor ID: 0
Dec  7 21:07:24 majikthise kernel: [    7.664553] CPU: Processor Core ID: 1
Dec  7 21:07:24 majikthise kernel: [    7.664737] CPU1: Intel(R) Core(TM) i7 CPU         940  @ 2.93GHz stepping 04
Dec  7 21:07:24 majikthise kernel: [    7.664956] Total of 2 processors activated (12919.39 BogoMIPS).
Dec  7 21:07:24 majikthise kernel: [    7.665249] ENABLING IO-APIC IRQs
Dec  7 21:07:24 majikthise kernel: [    7.665669] ..TIMER: vector=0x31 apic1=0 pin1=2 apic2=-1 pin2=-1
Dec  7 21:07:24 majikthise kernel: [    7.884417] checking TSC synchronization [CPU#0 -> CPU#1]: passed.
Dec  7 21:07:24 majikthise kernel: [    7.904427] Brought up 2 CPUs
Dec  7 21:07:24 majikthise kernel: [    7.932406] migration_cost=0
Dec  7 21:07:24 majikthise kernel: [    7.932616] Booting paravirtualized kernel on bare hardware
Dec  7 21:07:24 majikthise kernel: [    7.932696] Time:  5:06:22  Date: 11/08/110
Dec  7 21:07:24 majikthise kernel: [    7.932737] NET: Registered protocol family 16
Dec  7 21:07:24 majikthise kernel: [    7.932876] EISA bus registered
Dec  7 21:07:24 majikthise kernel: [    7.932880] ACPI: bus type pci registered
Dec  7 21:07:24 majikthise kernel: [    7.932977] PCI: PCI BIOS revision 2.10 entry at 0xfd8a0, last bus=34
Dec  7 21:07:24 majikthise kernel: [    7.932979] PCI: Using configuration type 1
Dec  7 21:07:24 majikthise kernel: [    7.932981] Setting up standard PCI resources
Dec  7 21:07:24 majikthise kernel: [    7.957711] ACPI: System BIOS is requesting _OSI(Linux)
Dec  7 21:07:24 majikthise kernel: [    7.957716] ACPI: Please test with "acpi_osi=!Linux"
Dec  7 21:07:24 majikthise kernel: [    7.957717] Please send dmidecode to linux-acpi@vger.kernel.org
Dec  7 21:07:24 majikthise kernel: [    7.958157] ACPI: Interpreter enabled
Dec  7 21:07:24 majikthise kernel: [    7.958160] ACPI: (supports S0 S1 S4 S5)
Dec  7 21:07:24 majikthise kernel: [    7.958170] ACPI: Using IOAPIC for interrupt routing
Dec  7 21:07:24 majikthise kernel: [    7.987109] ACPI: PCI Root Bridge [PCI0] (0000:00)
Dec  7 21:07:24 majikthise kernel: [    7.988730] PCI quirk: region 1000-103f claimed by PIIX4 ACPI
Dec  7 21:07:24 majikthise kernel: [    7.988741] PCI quirk: region 1040-104f claimed by PIIX4 SMB
Dec  7 21:07:24 majikthise kernel: [    7.997136] PCI: Transparent bridge - 0000:00:11.0
Dec  7 21:07:24 majikthise kernel: [    8.169075] ACPI: PCI Interrupt Link [LNKA] (IRQs 3 4 5 6 7 *9 10 11 14 15)
Dec  7 21:07:24 majikthise kernel: [    8.169242] ACPI: PCI Interrupt Link [LNKB] (IRQs 3 4 5 6 7 9 10 *11 14 15)
Dec  7 21:07:24 majikthise kernel: [    8.169393] ACPI: PCI Interrupt Link [LNKC] (IRQs 3 4 5 6 7 9 *10 11 14 15)
Dec  7 21:07:24 majikthise kernel: [    8.169561] ACPI: PCI Interrupt Link [LNKD] (IRQs 3 4 5 6 7 9 10 11 14 15) *0, disabled.
Dec  7 21:07:24 majikthise kernel: [    8.169723] Linux Plug and Play Support v0.97 (c) Adam Belay
Dec  7 21:07:24 majikthise kernel: [    8.169743] pnp: PnP ACPI init
Dec  7 21:07:24 majikthise kernel: [    8.169750] ACPI: bus type pnp registered
Dec  7 21:07:24 majikthise kernel: [    8.194906] pnp: PnP ACPI: found 13 devices
Dec  7 21:07:24 majikthise kernel: [    8.194909] ACPI: ACPI bus type pnp unregistered
Dec  7 21:07:24 majikthise kernel: [    8.194912] PnPBIOS: Disabled by ACPI PNP
Dec  7 21:07:24 majikthise kernel: [    8.194953] PCI: Using ACPI for IRQ routing
Dec  7 21:07:24 majikthise kernel: [    8.194955] PCI: If a device doesn't work, try "pci=routeirq".  If it helps, post a report
Dec  7 21:07:24 majikthise kernel: [    8.373076] NET: Registered protocol family 8
Dec  7 21:07:24 majikthise kernel: [    8.373076] NET: Registered protocol family 20
Dec  7 21:07:24 majikthise kernel: [    8.373076] NetLabel: Initializing
Dec  7 21:07:24 majikthise kernel: [    8.373076] NetLabel:  domain hash size = 128
Dec  7 21:07:24 majikthise kernel: [    8.373076] NetLabel:  protocols = UNLABELED CIPSOv4
Dec  7 21:07:24 majikthise kernel: [    8.373076] NetLabel:  unlabeled traffic allowed by default
Dec  7 21:07:24 majikthise kernel: [    8.373159] pnp: 00:0c: ioport range 0x1060-0x107f has been reserved
Dec  7 21:07:24 majikthise kernel: [    8.373166] pnp: 00:0c: iomem range 0xe0000000-0xefffffff could not be reserved
Dec  7 21:07:24 majikthise kernel: [    8.373169] pnp: 00:0c: iomem range 0xdbe00000-0xdbffffff has been reserved
Dec  7 21:07:24 majikthise kernel: [    8.382705] Time: tsc clocksource has been installed.
Dec  7 21:07:24 majikthise kernel: [    8.404293] PCI: Bridge: 0000:00:01.0
Dec  7 21:07:24 majikthise kernel: [    8.404295]   IO window: disabled.
Dec  7 21:07:24 majikthise kernel: [    8.404320]   MEM window: disabled.
Dec  7 21:07:24 majikthise kernel: [    8.404337]   PREFETCH window: disabled.
Dec  7 21:07:24 majikthise kernel: [    8.404362] PCI: Bridge: 0000:00:11.0
Dec  7 21:07:24 majikthise kernel: [    8.404371]   IO window: 2000-3fff
Dec  7 21:07:24 majikthise kernel: [    8.404396]   MEM window: d8900000-d9cfffff
Dec  7 21:07:24 majikthise kernel: [    8.404413]   PREFETCH window: dc400000-dc9fffff
Dec  7 21:07:24 majikthise kernel: [    8.404437] PCI: Bridge: 0000:00:15.0
Dec  7 21:07:24 majikthise kernel: [    8.404446]   IO window: 4000-4fff
Dec  7 21:07:24 majikthise kernel: [    8.404471]   MEM window: d9d00000-d9dfffff
Dec  7 21:07:24 majikthise kernel: [    8.404488]   PREFETCH window: dca00000-dcafffff
Dec  7 21:07:24 majikthise kernel: [    8.404536] PCI: Bridge: 0000:00:15.1
Dec  7 21:07:24 majikthise kernel: [    8.404546]   IO window: 8000-8fff
Dec  7 21:07:24 majikthise kernel: [    8.404571]   MEM window: da100000-da1fffff
Dec  7 21:07:24 majikthise kernel: [    8.404588]   PREFETCH window: dce00000-dcefffff
Dec  7 21:07:24 majikthise kernel: [    8.404621] PCI: Bridge: 0000:00:15.2
Dec  7 21:07:24 majikthise kernel: [    8.404631]   IO window: c000-cfff
Dec  7 21:07:24 majikthise kernel: [    8.404655]   MEM window: da500000-da5fffff
Dec  7 21:07:24 majikthise kernel: [    8.404672]   PREFETCH window: dd200000-dd2fffff
Dec  7 21:07:24 majikthise kernel: [    8.404704] PCI: Bridge: 0000:00:15.3
Dec  7 21:07:24 majikthise kernel: [    8.404705]   IO window: disabled.
Dec  7 21:07:24 majikthise kernel: [    8.404730]   MEM window: da900000-da9fffff
Dec  7 21:07:24 majikthise kernel: [    8.404747]   PREFETCH window: dd600000-dd6fffff
Dec  7 21:07:24 majikthise kernel: [    8.404779] PCI: Bridge: 0000:00:15.4
Dec  7 21:07:24 majikthise kernel: [    8.404781]   IO window: disabled.
Dec  7 21:07:24 majikthise kernel: [    8.404805]   MEM window: dad00000-dadfffff
Dec  7 21:07:24 majikthise kernel: [    8.404822]   PREFETCH window: dda00000-ddafffff
Dec  7 21:07:24 majikthise kernel: [    8.404854] PCI: Bridge: 0000:00:15.5
Dec  7 21:07:24 majikthise kernel: [    8.404855]   IO window: disabled.
Dec  7 21:07:24 majikthise kernel: [    8.404880]   MEM window: db100000-db1fffff
Dec  7 21:07:24 majikthise kernel: [    8.404897]   PREFETCH window: dde00000-ddefffff
Dec  7 21:07:24 majikthise kernel: [    8.404929] PCI: Bridge: 0000:00:15.6
Dec  7 21:07:24 majikthise kernel: [    8.404930]   IO window: disabled.
Dec  7 21:07:24 majikthise kernel: [    8.404955]   MEM window: db500000-db5fffff
Dec  7 21:07:24 majikthise kernel: [    8.404972]   PREFETCH window: de200000-de2fffff
Dec  7 21:07:24 majikthise kernel: [    8.405005] PCI: Bridge: 0000:00:15.7
Dec  7 21:07:24 majikthise kernel: [    8.405006]   IO window: disabled.
Dec  7 21:07:24 majikthise kernel: [    8.405031]   MEM window: db900000-db9fffff
Dec  7 21:07:24 majikthise kernel: [    8.405048]   PREFETCH window: de600000-de6fffff
Dec  7 21:07:24 majikthise kernel: [    8.405080] PCI: Bridge: 0000:00:16.0
Dec  7 21:07:24 majikthise kernel: [    8.405089]   IO window: 5000-5fff
Dec  7 21:07:24 majikthise kernel: [    8.405114]   MEM window: d9e00000-d9efffff
Dec  7 21:07:24 majikthise kernel: [    8.405131]   PREFETCH window: dcb00000-dcbfffff
Dec  7 21:07:24 majikthise kernel: [    8.405163] PCI: Bridge: 0000:00:16.1
Dec  7 21:07:24 majikthise kernel: [    8.405173]   IO window: 9000-9fff
Dec  7 21:07:24 majikthise kernel: [    8.405197]   MEM window: da200000-da2fffff
Dec  7 21:07:24 majikthise kernel: [    8.405214]   PREFETCH window: dcf00000-dcffffff
Dec  7 21:07:24 majikthise kernel: [    8.405246] PCI: Bridge: 0000:00:16.2
Dec  7 21:07:24 majikthise kernel: [    8.405256]   IO window: d000-dfff
Dec  7 21:07:24 majikthise kernel: [    8.405280]   MEM window: da600000-da6fffff
Dec  7 21:07:24 majikthise kernel: [    8.405297]   PREFETCH window: dd300000-dd3fffff
Dec  7 21:07:24 majikthise kernel: [    8.405329] PCI: Bridge: 0000:00:16.3
Dec  7 21:07:24 majikthise kernel: [    8.405330]   IO window: disabled.
Dec  7 21:07:24 majikthise kernel: [    8.405355]   MEM window: daa00000-daafffff
Dec  7 21:07:24 majikthise kernel: [    8.405372]   PREFETCH window: dd700000-dd7fffff
Dec  7 21:07:24 majikthise kernel: [    8.405403] PCI: Bridge: 0000:00:16.4
Dec  7 21:07:24 majikthise kernel: [    8.405405]   IO window: disabled.
Dec  7 21:07:24 majikthise kernel: [    8.405430]   MEM window: dae00000-daefffff
Dec  7 21:07:24 majikthise kernel: [    8.405447]   PREFETCH window: ddb00000-ddbfffff
Dec  7 21:07:24 majikthise kernel: [    8.405485] PCI: Bridge: 0000:00:16.5
Dec  7 21:07:24 majikthise kernel: [    8.405487]   IO window: disabled.
Dec  7 21:07:24 majikthise kernel: [    8.405512]   MEM window: db200000-db2fffff
Dec  7 21:07:24 majikthise kernel: [    8.405529]   PREFETCH window: ddf00000-ddffffff
Dec  7 21:07:24 majikthise kernel: [    8.405561] PCI: Bridge: 0000:00:16.6
Dec  7 21:07:24 majikthise kernel: [    8.405562]   IO window: disabled.
Dec  7 21:07:24 majikthise kernel: [    8.405587]   MEM window: db600000-db6fffff
Dec  7 21:07:24 majikthise kernel: [    8.405604]   PREFETCH window: de300000-de3fffff
Dec  7 21:07:24 majikthise kernel: [    8.405636] PCI: Bridge: 0000:00:16.7
Dec  7 21:07:24 majikthise kernel: [    8.405637]   IO window: disabled.
Dec  7 21:07:24 majikthise kernel: [    8.405662]   MEM window: dba00000-dbafffff
Dec  7 21:07:24 majikthise kernel: [    8.405679]   PREFETCH window: de700000-de7fffff
Dec  7 21:07:24 majikthise kernel: [    8.405711] PCI: Bridge: 0000:00:17.0
Dec  7 21:07:24 majikthise kernel: [    8.405722]   IO window: 6000-6fff
Dec  7 21:07:24 majikthise kernel: [    8.405747]   MEM window: d9f00000-d9ffffff
Dec  7 21:07:24 majikthise kernel: [    8.405764]   PREFETCH window: dcc00000-dccfffff
Dec  7 21:07:24 majikthise kernel: [    8.405796] PCI: Bridge: 0000:00:17.1
Dec  7 21:07:24 majikthise kernel: [    8.405805]   IO window: a000-afff
Dec  7 21:07:24 majikthise kernel: [    8.405830]   MEM window: da300000-da3fffff
Dec  7 21:07:24 majikthise kernel: [    8.405847]   PREFETCH window: dd000000-dd0fffff
Dec  7 21:07:24 majikthise kernel: [    8.405879] PCI: Bridge: 0000:00:17.2
Dec  7 21:07:24 majikthise kernel: [    8.405889]   IO window: e000-efff
Dec  7 21:07:24 majikthise kernel: [    8.405913]   MEM window: da700000-da7fffff
Dec  7 21:07:24 majikthise kernel: [    8.405930]   PREFETCH window: dd400000-dd4fffff
Dec  7 21:07:24 majikthise kernel: [    8.405963] PCI: Bridge: 0000:00:17.3
Dec  7 21:07:24 majikthise kernel: [    8.405964]   IO window: disabled.
Dec  7 21:07:24 majikthise kernel: [    8.405989]   MEM window: dab00000-dabfffff
Dec  7 21:07:24 majikthise kernel: [    8.406006]   PREFETCH window: dd800000-dd8fffff
Dec  7 21:07:24 majikthise kernel: [    8.406038] PCI: Bridge: 0000:00:17.4
Dec  7 21:07:24 majikthise kernel: [    8.406039]   IO window: disabled.
Dec  7 21:07:24 majikthise kernel: [    8.406064]   MEM window: daf00000-daffffff
Dec  7 21:07:24 majikthise kernel: [    8.406081]   PREFETCH window: ddc00000-ddcfffff
Dec  7 21:07:24 majikthise kernel: [    8.406113] PCI: Bridge: 0000:00:17.5
Dec  7 21:07:24 majikthise kernel: [    8.406114]   IO window: disabled.
Dec  7 21:07:24 majikthise kernel: [    8.406139]   MEM window: db300000-db3fffff
Dec  7 21:07:24 majikthise kernel: [    8.406156]   PREFETCH window: de000000-de0fffff
Dec  7 21:07:24 majikthise kernel: [    8.406188] PCI: Bridge: 0000:00:17.6
Dec  7 21:07:24 majikthise kernel: [    8.406189]   IO window: disabled.
Dec  7 21:07:24 majikthise kernel: [    8.406214]   MEM window: db700000-db7fffff
Dec  7 21:07:24 majikthise kernel: [    8.406231]   PREFETCH window: de400000-de4fffff
Dec  7 21:07:24 majikthise kernel: [    8.406262] PCI: Bridge: 0000:00:17.7
Dec  7 21:07:24 majikthise kernel: [    8.406264]   IO window: disabled.
Dec  7 21:07:24 majikthise kernel: [    8.406288]   MEM window: dbb00000-dbbfffff
Dec  7 21:07:24 majikthise kernel: [    8.406305]   PREFETCH window: de800000-de8fffff
Dec  7 21:07:24 majikthise kernel: [    8.406337] PCI: Bridge: 0000:00:18.0
Dec  7 21:07:24 majikthise kernel: [    8.406347]   IO window: 7000-7fff
Dec  7 21:07:24 majikthise kernel: [    8.406371]   MEM window: da000000-da0fffff
Dec  7 21:07:24 majikthise kernel: [    8.406388]   PREFETCH window: dcd00000-dcdfffff
Dec  7 21:07:24 majikthise kernel: [    8.406420] PCI: Bridge: 0000:00:18.1
Dec  7 21:07:24 majikthise kernel: [    8.406430]   IO window: b000-bfff
Dec  7 21:07:24 majikthise kernel: [    8.406455]   MEM window: da400000-da4fffff
Dec  7 21:07:24 majikthise kernel: [    8.406472]   PREFETCH window: dd100000-dd1fffff
Dec  7 21:07:24 majikthise kernel: [    8.406519] PCI: Bridge: 0000:00:18.2
Dec  7 21:07:24 majikthise kernel: [    8.406529]   IO window: f000-ffff
Dec  7 21:07:24 majikthise kernel: [    8.406553]   MEM window: da800000-da8fffff
Dec  7 21:07:24 majikthise kernel: [    8.406570]   PREFETCH window: dd500000-dd5fffff
Dec  7 21:07:24 majikthise kernel: [    8.406607] PCI: Bridge: 0000:00:18.3
Dec  7 21:07:24 majikthise kernel: [    8.406608]   IO window: disabled.
Dec  7 21:07:24 majikthise kernel: [    8.406634]   MEM window: dac00000-dacfffff
Dec  7 21:07:24 majikthise kernel: [    8.406651]   PREFETCH window: dd900000-dd9fffff
Dec  7 21:07:24 majikthise kernel: [    8.406684] PCI: Bridge: 0000:00:18.4
Dec  7 21:07:24 majikthise kernel: [    8.406685]   IO window: disabled.
Dec  7 21:07:24 majikthise kernel: [    8.406710]   MEM window: db000000-db0fffff
Dec  7 21:07:24 majikthise kernel: [    8.406727]   PREFETCH window: ddd00000-dddfffff
Dec  7 21:07:24 majikthise kernel: [    8.406759] PCI: Bridge: 0000:00:18.5
Dec  7 21:07:24 majikthise kernel: [    8.406760]   IO window: disabled.
Dec  7 21:07:24 majikthise kernel: [    8.406785]   MEM window: db400000-db4fffff
Dec  7 21:07:24 majikthise kernel: [    8.406802]   PREFETCH window: de100000-de1fffff
Dec  7 21:07:24 majikthise kernel: [    8.406833] PCI: Bridge: 0000:00:18.6
Dec  7 21:07:24 majikthise kernel: [    8.406835]   IO window: disabled.
Dec  7 21:07:24 majikthise kernel: [    8.406860]   MEM window: db800000-db8fffff
Dec  7 21:07:24 majikthise kernel: [    8.406877]   PREFETCH window: de500000-de5fffff
Dec  7 21:07:24 majikthise kernel: [    8.406908] PCI: Bridge: 0000:00:18.7
Dec  7 21:07:24 majikthise kernel: [    8.406910]   IO window: disabled.
Dec  7 21:07:24 majikthise kernel: [    8.406934]   MEM window: dbc00000-dbcfffff
Dec  7 21:07:24 majikthise kernel: [    8.406951]   PREFETCH window: de900000-de9fffff
Dec  7 21:07:24 majikthise kernel: [    8.410115] NET: Registered protocol family 2
Dec  7 21:07:24 majikthise kernel: [    8.502423] IP route cache hash table entries: 32768 (order: 5, 131072 bytes)
Dec  7 21:07:24 majikthise kernel: [    8.502713] TCP established hash table entries: 131072 (order: 8, 1572864 bytes)
Dec  7 21:07:24 majikthise kernel: [    8.509320] TCP bind hash table entries: 65536 (order: 7, 524288 bytes)
Dec  7 21:07:24 majikthise kernel: [    8.512201] TCP: Hash tables configured (established 131072 bind 65536)
Dec  7 21:07:24 majikthise kernel: [    8.512205] TCP reno registered
Dec  7 21:07:24 majikthise kernel: [    8.532414] checking if image is initramfs... it is
Dec  7 21:07:24 majikthise kernel: [    8.782096] Freeing initrd memory: 6897k freed
Dec  7 21:07:24 majikthise kernel: [    8.782205] Simple Boot Flag at 0x36 set to 0x1
Dec  7 21:07:24 majikthise kernel: [    8.782794] audit: initializing netlink socket (disabled)
Dec  7 21:07:24 majikthise kernel: [    8.782807] audit(1291784779.100:1): initialized
Dec  7 21:07:24 majikthise kernel: [    8.782955] highmem bounce pool size: 64 pages
Dec  7 21:07:24 majikthise kernel: [    8.785171] VFS: Disk quotas dquot_6.5.1
Dec  7 21:07:24 majikthise kernel: [    8.785206] Dquot-cache hash table entries: 1024 (order 0, 4096 bytes)
Dec  7 21:07:24 majikthise kernel: [    8.785281] io scheduler noop registered
Dec  7 21:07:24 majikthise kernel: [    8.785283] io scheduler anticipatory registered
Dec  7 21:07:24 majikthise kernel: [    8.785285] io scheduler deadline registered (default)
Dec  7 21:07:24 majikthise kernel: [    8.785293] io scheduler cfq registered
Dec  7 21:07:24 majikthise kernel: [    8.785322] Limiting direct PCI/PCI transfers.
Dec  7 21:07:24 majikthise kernel: [    8.786039] assign_interrupt_mode Found MSI capability
Dec  7 21:07:24 majikthise kernel: [    8.786988] assign_interrupt_mode Found MSI capability
Dec  7 21:07:24 majikthise kernel: [    8.787892] assign_interrupt_mode Found MSI capability
Dec  7 21:07:24 majikthise kernel: [    8.788790] assign_interrupt_mode Found MSI capability
Dec  7 21:07:24 majikthise kernel: [    8.789652] assign_interrupt_mode Found MSI capability
Dec  7 21:07:24 majikthise kernel: [    8.790515] assign_interrupt_mode Found MSI capability
Dec  7 21:07:24 majikthise kernel: [    8.791379] assign_interrupt_mode Found MSI capability
Dec  7 21:07:24 majikthise kernel: [    8.791544] assign_interrupt_mode Found MSI capability
Dec  7 21:07:24 majikthise kernel: [    8.791544] assign_interrupt_mode Found MSI capability
Dec  7 21:07:24 majikthise kernel: [    8.792342] assign_interrupt_mode Found MSI capability
Dec  7 21:07:24 majikthise kernel: [    8.793212] assign_interrupt_mode Found MSI capability
Dec  7 21:07:24 majikthise kernel: [    8.794077] assign_interrupt_mode Found MSI capability
Dec  7 21:07:24 majikthise kernel: [    8.794936] assign_interrupt_mode Found MSI capability
Dec  7 21:07:24 majikthise kernel: [    8.795798] assign_interrupt_mode Found MSI capability
Dec  7 21:07:24 majikthise kernel: [    8.796665] assign_interrupt_mode Found MSI capability
Dec  7 21:07:24 majikthise kernel: [    8.797528] assign_interrupt_mode Found MSI capability
Dec  7 21:07:24 majikthise kernel: [    8.798388] assign_interrupt_mode Found MSI capability
Dec  7 21:07:24 majikthise kernel: [    8.799250] assign_interrupt_mode Found MSI capability
Dec  7 21:07:24 majikthise kernel: [    8.800110] assign_interrupt_mode Found MSI capability
Dec  7 21:07:24 majikthise kernel: [    8.801025] assign_interrupt_mode Found MSI capability
Dec  7 21:07:24 majikthise kernel: [    8.801516] assign_interrupt_mode Found MSI capability
Dec  7 21:07:24 majikthise last message repeated 2 times
Dec  7 21:07:24 majikthise kernel: [    8.802295] assign_interrupt_mode Found MSI capability
Dec  7 21:07:24 majikthise kernel: [    8.803234] assign_interrupt_mode Found MSI capability
Dec  7 21:07:24 majikthise kernel: [    8.804157] assign_interrupt_mode Found MSI capability
Dec  7 21:07:24 majikthise kernel: [    8.805115] assign_interrupt_mode Found MSI capability
Dec  7 21:07:24 majikthise kernel: [    8.806041] assign_interrupt_mode Found MSI capability
Dec  7 21:07:24 majikthise kernel: [    8.806978] assign_interrupt_mode Found MSI capability
Dec  7 21:07:24 majikthise kernel: [    8.807946] assign_interrupt_mode Found MSI capability
Dec  7 21:07:24 majikthise kernel: [    8.808896] assign_interrupt_mode Found MSI capability
Dec  7 21:07:24 majikthise kernel: [    8.809824] assign_interrupt_mode Found MSI capability
Dec  7 21:07:24 majikthise kernel: [    8.810475] isapnp: Scanning for PnP cards...
Dec  7 21:07:24 majikthise kernel: [    8.901708] Switched to high resolution mode on CPU 1
Dec  7 21:07:24 majikthise kernel: [    8.911250] Switched to high resolution mode on CPU 0
Dec  7 21:07:24 majikthise kernel: [    9.167123] isapnp: No Plug & Play device found
Dec  7 21:07:24 majikthise kernel: [    9.181007] Real Time Clock Driver v1.12ac
Dec  7 21:07:24 majikthise kernel: [    9.181063] Serial: 8250/16550 driver $Revision: 1.90 $ 4 ports, IRQ sharing enabled
Dec  7 21:07:24 majikthise kernel: [    9.181512] serial8250: ttyS0 at I/O 0x3f8 (irq = 4) is a 16550A
Dec  7 21:07:24 majikthise kernel: [    9.181926] serial8250: ttyS1 at I/O 0x2f8 (irq = 3) is a 16550A
Dec  7 21:07:24 majikthise kernel: [    9.182582] 00:09: ttyS0 at I/O 0x3f8 (irq = 4) is a 16550A
Dec  7 21:07:24 majikthise kernel: [    9.183003] 00:0a: ttyS1 at I/O 0x2f8 (irq = 3) is a 16550A
Dec  7 21:07:24 majikthise kernel: [    9.183423] RAMDISK driver initialized: 16 RAM disks of 65536K size 1024 blocksize
Dec  7 21:07:24 majikthise kernel: [    9.183546] input: Macintosh mouse button emulation as /class/input/input0
Dec  7 21:07:24 majikthise kernel: [    9.183666] PNP: PS/2 Controller [PNP0303:KBC,PNP0f13:MOUS] at 0x60,0x64 irq 1,12
Dec  7 21:07:24 majikthise kernel: [    9.702023] serio: i8042 KBD port at 0x60,0x64 irq 1
Dec  7 21:07:24 majikthise kernel: [    9.702030] serio: i8042 AUX port at 0x60,0x64 irq 12
Dec  7 21:07:24 majikthise kernel: [    9.702383] mice: PS/2 mouse device common for all mice
Dec  7 21:07:24 majikthise kernel: [    9.702636] EISA: Probing bus 0 at eisa.0
Dec  7 21:07:24 majikthise kernel: [    9.702659] Cannot allocate resource for EISA slot 1
Dec  7 21:07:24 majikthise kernel: [    9.702662] Cannot allocate resource for EISA slot 2
Dec  7 21:07:24 majikthise kernel: [    9.702663] Cannot allocate resource for EISA slot 3
Dec  7 21:07:24 majikthise kernel: [    9.702665] Cannot allocate resource for EISA slot 4
Dec  7 21:07:24 majikthise kernel: [    9.702667] Cannot allocate resource for EISA slot 5
Dec  7 21:07:24 majikthise kernel: [    9.702668] Cannot allocate resource for EISA slot 6
Dec  7 21:07:24 majikthise kernel: [    9.702670] Cannot allocate resource for EISA slot 7
Dec  7 21:07:24 majikthise kernel: [    9.702672] Cannot allocate resource for EISA slot 8
Dec  7 21:07:24 majikthise kernel: [    9.702673] EISA: Detected 0 cards.
Dec  7 21:07:24 majikthise kernel: [    9.702714] TCP cubic registered
Dec  7 21:07:24 majikthise kernel: [    9.702720] NET: Registered protocol family 1
Dec  7 21:07:24 majikthise kernel: [    9.702731] Using IPI No-Shortcut mode
Dec  7 21:07:24 majikthise kernel: [    9.703030]   Magic number: 6:230:112
Dec  7 21:07:24 majikthise kernel: [    9.703131] Freeing unused kernel memory: 364k freed
Dec  7 21:07:24 majikthise kernel: [    9.704519] input: AT Translated Set 2 keyboard as /class/input/input1
Dec  7 21:07:24 majikthise kernel: [    9.781596] VMware vmxnet virtual NIC driver
Dec  7 21:07:24 majikthise kernel: [    9.782706] AppArmor: AppArmor initialized<5>audit(1291784780.100:2):  type=1505 info="AppArmor initialized" pid=1232
Dec  7 21:07:24 majikthise kernel: [    9.785308] fuse init (API version 7.8)
Dec  7 21:07:24 majikthise kernel: [    9.786596] Failure registering capabilities with primary security module.
Dec  7 21:07:24 majikthise kernel: [    9.853755] ACPI: Processor [CP00] (supports 8 throttling states)
Dec  7 21:07:24 majikthise kernel: [    9.854147] ACPI: Processor [CP01] (supports 8 throttling states)
Dec  7 21:07:24 majikthise kernel: [   10.088878] SCSI subsystem initialized
Dec  7 21:07:24 majikthise kernel: [   10.092984] scsi0 : ata_piix
Dec  7 21:07:24 majikthise kernel: [   10.093052] scsi1 : ata_piix
Dec  7 21:07:24 majikthise kernel: [   10.093069] ata1: PATA max UDMA/33 cmd 0x000101f0 ctl 0x000103f6 bmdma 0x000110c0 irq 14
Dec  7 21:07:24 majikthise kernel: [   10.093071] ata2: PATA max UDMA/33 cmd 0x00010170 ctl 0x00010376 bmdma 0x000110c8 irq 15
Dec  7 21:07:24 majikthise kernel: [   10.093671] Fusion MPT base driver 3.04.04
Dec  7 21:07:24 majikthise kernel: [   10.093672] Copyright (c) 1999-2007 LSI Logic Corporation
Dec  7 21:07:24 majikthise kernel: [   10.094337] Fusion MPT SPI Host driver 3.04.04
Dec  7 21:07:24 majikthise kernel: [   10.096055] Intel(R) PRO/1000 Network Driver - version 7.3.20-k2-NAPI
Dec  7 21:07:24 majikthise kernel: [   10.096057] Copyright (c) 1999-2006 Intel Corporation.
Dec  7 21:07:24 majikthise kernel: [   10.149762] Floppy drive(s): fd0 is 1.44M
Dec  7 21:07:24 majikthise kernel: [   10.169452] FDC 0 is a post-1991 82077
Dec  7 21:07:24 majikthise kernel: [   10.597759] ata2.00: ATAPI: VMware Virtual IDE CDROM Drive, 00000001, max UDMA/33
Dec  7 21:07:24 majikthise kernel: [   10.757381] ata2.00: configured for UDMA/33
Dec  7 21:07:24 majikthise kernel: [   10.757715] scsi 1:0:0:0: CD-ROM            NECVMWar VMware IDE CDR10 1.00 PQ: 0 ANSI: 5
Dec  7 21:07:24 majikthise kernel: [   10.757979] ACPI: PCI Interrupt 0000:02:00.0[A] -> GSI 18 (level, low) -> IRQ 16
Dec  7 21:07:24 majikthise kernel: [   10.758365] ACPI: PCI Interrupt 0000:00:10.0[A] -> GSI 17 (level, low) -> IRQ 17
Dec  7 21:07:24 majikthise kernel: [   10.758473] mptbase: Initiating ioc0 bringup
Dec  7 21:07:24 majikthise kernel: [   10.763286] sr0: scsi3-mmc drive: 1x/1x xa/form2 cdda tray
Dec  7 21:07:24 majikthise kernel: [   10.763290] Uniform CD-ROM driver Revision: 3.20
Dec  7 21:07:24 majikthise kernel: [   10.764289] sr 1:0:0:0: Attached scsi generic sg0 type 5
Dec  7 21:07:24 majikthise kernel: [   10.936969] ioc0: 53C1030: Capabilities={Initiator}
Dec  7 21:07:24 majikthise kernel: [   11.095708] e1000: 0000:02:00.0: e1000_probe: (PCI:66MHz:32-bit) 00:0c:29:fe:21:f1
Dec  7 21:07:24 majikthise kernel: [   11.140505] e1000: eth0: e1000_probe: Intel(R) PRO/1000 Network Connection
Dec  7 21:07:24 majikthise kernel: [   11.257091] scsi2 : ioc0: LSI53C1030, FwRev=01032920h, Ports=1, MaxQ=128, IRQ=17
Dec  7 21:07:24 majikthise kernel: [   11.535948] scsi 2:0:0:0: Direct-Access     VMware,  VMware Virtual S 1.0  PQ: 0 ANSI: 2
Dec  7 21:07:24 majikthise kernel: [   11.535958]  target2:0:0: Beginning Domain Validation
Dec  7 21:07:24 majikthise kernel: [   11.536962]  target2:0:0: Domain Validation skipping write tests
Dec  7 21:07:24 majikthise kernel: [   11.536965]  target2:0:0: Ending Domain Validation
Dec  7 21:07:24 majikthise kernel: [   11.537002]  target2:0:0: FAST-40 WIDE SCSI 80.0 MB/s ST (25 ns, offset 127)
Dec  7 21:07:24 majikthise kernel: [   11.538701] scsi 2:0:0:0: Attached scsi generic sg1 type 0
Dec  7 21:07:24 majikthise kernel: [   11.553680] sd 2:0:0:0: [sda] 88080384 512-byte hardware sectors (45097 MB)
Dec  7 21:07:24 majikthise kernel: [   11.553731] sd 2:0:0:0: [sda] Write Protect is off
Dec  7 21:07:24 majikthise kernel: [   11.553771] sd 2:0:0:0: [sda] Cache data unavailable
Dec  7 21:07:24 majikthise kernel: [   11.554085] sd 2:0:0:0: [sda] 88080384 512-byte hardware sectors (45097 MB)
Dec  7 21:07:24 majikthise kernel: [   11.554130] sd 2:0:0:0: [sda] Write Protect is off
Dec  7 21:07:24 majikthise kernel: [   11.554202] sd 2:0:0:0: [sda] Cache data unavailable
Dec  7 21:07:24 majikthise kernel: [   11.554312]  sda: sda1 sda2 sda3
Dec  7 21:07:24 majikthise kernel: [   12.463446] sd 2:0:0:0: [sda] Attached SCSI disk
Dec  7 21:07:24 majikthise kernel: [   13.964007] SGI XFS with ACLs, security attributes, realtime, large block numbers, no debug enabled
Dec  7 21:07:24 majikthise kernel: [   13.965727] SGI XFS Quota Management subsystem
Dec  7 21:07:24 majikthise kernel: [   14.958637] XFS mounting filesystem sda3
Dec  7 21:07:24 majikthise kernel: [   49.088333] e1000: eth0: e1000_watchdog: NIC Link is Up 1000 Mbps Full Duplex, Flow Control: None
Dec  7 21:07:24 majikthise kernel: [   52.317322] pci_hotplug: PCI Hot Plug PCI Core version: 0.5
Dec  7 21:07:24 majikthise kernel: [   52.324663] shpchp: Standard Hot Plug PCI Controller Driver version: 0.4
Dec  7 21:07:24 majikthise kernel: [   53.215605] parport_pc 00:08: reported by Plug and Play ACPI
Dec  7 21:07:24 majikthise kernel: [   53.216090] parport0: PC-style at 0x378, irq 7 [PCSPP,TRISTATE]
Dec  7 21:07:24 majikthise kernel: [   53.229298] VMCI: Major device number is: 254
Dec  7 21:07:24 majikthise kernel: [   53.229320] Probing for vmci/PCI.
Dec  7 21:07:24 majikthise kernel: [   53.229370] ACPI: PCI Interrupt 0000:00:07.7[A] -> GSI 16 (level, low) -> IRQ 18
Dec  7 21:07:24 majikthise kernel: [   53.229421] Found vmci/PCI at 0x1080, irq 18.
Dec  7 21:07:24 majikthise kernel: [   53.229551] VMCIUtil: Host capability check: PASSED
Dec  7 21:07:24 majikthise kernel: [   53.229562] Registered vmci device.
Dec  7 21:07:24 majikthise kernel: [   53.277689] NET: Registered protocol family 10
Dec  7 21:07:24 majikthise kernel: [   53.277748] lo: Disabled Privacy Extensions
Dec  7 21:07:24 majikthise kernel: [   54.444099] Adding 1951888k swap on /dev/sda2.  Priority:-1 extents:1 across:1951888k
Dec  7 21:07:24 majikthise kernel: [   60.230165] No dock devices found.
Dec  7 21:07:24 majikthise kernel: [   60.253194] acpiphp: ACPI Hot Plug PCI Controller Driver version: 0.5
Dec  7 21:07:24 majikthise kernel: [   60.306262] acpiphp: Slot [32] registered
Dec  7 21:07:24 majikthise kernel: [   60.306274] acpiphp: Slot [33] registered
Dec  7 21:07:24 majikthise kernel: [   60.306280] acpiphp: Slot [34] registered
Dec  7 21:07:24 majikthise kernel: [   60.306287] acpiphp: Slot [35] registered
Dec  7 21:07:24 majikthise kernel: [   60.306293] acpiphp: Slot [36] registered
Dec  7 21:07:24 majikthise kernel: [   60.306308] acpiphp: Slot [37] registered
Dec  7 21:07:24 majikthise kernel: [   60.306314] acpiphp: Slot [38] registered
Dec  7 21:07:24 majikthise kernel: [   60.306322] acpiphp: Slot [39] registered
Dec  7 21:07:24 majikthise kernel: [   60.306328] acpiphp: Slot [40] registered
Dec  7 21:07:24 majikthise kernel: [   60.306334] acpiphp: Slot [41] registered
Dec  7 21:07:24 majikthise kernel: [   60.306339] acpiphp: Slot [42] registered
Dec  7 21:07:24 majikthise kernel: [   60.306345] acpiphp: Slot [43] registered
Dec  7 21:07:24 majikthise kernel: [   60.306353] acpiphp: Slot [44] registered
Dec  7 21:07:24 majikthise kernel: [   60.306359] acpiphp: Slot [45] registered
Dec  7 21:07:24 majikthise kernel: [   60.306365] acpiphp: Slot [46] registered
Dec  7 21:07:24 majikthise kernel: [   60.306371] acpiphp: Slot [47] registered
Dec  7 21:07:24 majikthise kernel: [   60.306377] acpiphp: Slot [48] registered
Dec  7 21:07:24 majikthise kernel: [   60.306385] acpiphp: Slot [49] registered
Dec  7 21:07:24 majikthise kernel: [   60.306391] acpiphp: Slot [50] registered
Dec  7 21:07:24 majikthise kernel: [   60.306396] acpiphp: Slot [51] registered
Dec  7 21:07:24 majikthise kernel: [   60.306402] acpiphp: Slot [52] registered
Dec  7 21:07:24 majikthise kernel: [   60.306409] acpiphp: Slot [53] registered
Dec  7 21:07:24 majikthise kernel: [   60.306416] acpiphp: Slot [54] registered
Dec  7 21:07:24 majikthise kernel: [   60.306422] acpiphp: Slot [55] registered
Dec  7 21:07:24 majikthise kernel: [   60.306428] acpiphp: Slot [56] registered
Dec  7 21:07:24 majikthise kernel: [   60.306434] acpiphp: Slot [57] registered
Dec  7 21:07:24 majikthise kernel: [   60.306441] acpiphp: Slot [58] registered
Dec  7 21:07:24 majikthise kernel: [   60.306447] acpiphp: Slot [59] registered
Dec  7 21:07:24 majikthise kernel: [   60.306453] acpiphp: Slot [60] registered
Dec  7 21:07:24 majikthise kernel: [   60.306460] acpiphp: Slot [61] registered
Dec  7 21:07:24 majikthise kernel: [   60.306467] acpiphp: Slot [62] registered
Dec  7 21:07:24 majikthise kernel: [   60.306473] acpiphp: Slot [63] registered
Dec  7 21:07:24 majikthise kernel: [   60.306508] acpiphp: Slot [160] registered
Dec  7 21:07:24 majikthise kernel: [   60.306521] acpiphp: Slot [192] registered
Dec  7 21:07:24 majikthise kernel: [   60.306535] acpiphp: Slot [224] registered
Dec  7 21:07:24 majikthise kernel: [   60.306548] acpiphp: Slot [256] registered
Dec  7 21:07:24 majikthise kernel: [   60.306570] acpiphp: Slot [161] registered
Dec  7 21:07:24 majikthise kernel: [   60.306582] acpiphp: Slot [162] registered
Dec  7 21:07:24 majikthise kernel: [   60.306596] acpiphp: Slot [163] registered
Dec  7 21:07:24 majikthise kernel: [   60.306618] acpiphp: Slot [164] registered
Dec  7 21:07:24 majikthise kernel: [   60.306632] acpiphp: Slot [165] registered
Dec  7 21:07:24 majikthise kernel: [   60.306687] acpiphp: Slot [166] registered
Dec  7 21:07:24 majikthise kernel: [   60.306701] acpiphp: Slot [167] registered
Dec  7 21:07:24 majikthise kernel: [   60.306714] acpiphp: Slot [193] registered
Dec  7 21:07:24 majikthise kernel: [   60.306727] acpiphp: Slot [194] registered
Dec  7 21:07:24 majikthise kernel: [   60.306740] acpiphp: Slot [195] registered
Dec  7 21:07:24 majikthise kernel: [   60.306754] acpiphp: Slot [196] registered
Dec  7 21:07:24 majikthise kernel: [   60.306767] acpiphp: Slot [197] registered
Dec  7 21:07:24 majikthise kernel: [   60.306780] acpiphp: Slot [198] registered
Dec  7 21:07:24 majikthise kernel: [   60.306793] acpiphp: Slot [199] registered
Dec  7 21:07:24 majikthise kernel: [   60.306807] acpiphp: Slot [225] registered
Dec  7 21:07:24 majikthise kernel: [   60.306820] acpiphp: Slot [226] registered
Dec  7 21:07:24 majikthise kernel: [   60.306833] acpiphp: Slot [227] registered
Dec  7 21:07:24 majikthise kernel: [   60.306848] acpiphp: Slot [228] registered
Dec  7 21:07:24 majikthise kernel: [   60.306861] acpiphp: Slot [229] registered
Dec  7 21:07:24 majikthise kernel: [   60.306874] acpiphp: Slot [230] registered
Dec  7 21:07:24 majikthise kernel: [   60.306889] acpiphp: Slot [231] registered
Dec  7 21:07:24 majikthise kernel: [   60.306902] acpiphp: Slot [257] registered
Dec  7 21:07:24 majikthise kernel: [   60.306915] acpiphp: Slot [258] registered
Dec  7 21:07:24 majikthise kernel: [   60.306928] acpiphp: Slot [259] registered
Dec  7 21:07:24 majikthise kernel: [   60.306941] acpiphp: Slot [260] registered
Dec  7 21:07:24 majikthise kernel: [   60.306954] acpiphp: Slot [261] registered
Dec  7 21:07:24 majikthise kernel: [   60.306967] acpiphp: Slot [262] registered
Dec  7 21:07:24 majikthise kernel: [   60.306980] acpiphp: Slot [263] registered
Dec  7 21:07:24 majikthise kernel: [   64.072316] VMware memory control driver initialized
Dec  7 21:07:24 majikthise kernel: [   67.963009] e1000: eth0: e1000_set_tso: TSO is Enabled
Dec  7 21:07:27 majikthise kernel: [   71.993372] Failure registering capabilities with primary security module.
Dec  7 21:09:05 majikthise kernel: [  170.161788] VMware memory control driver unloaded
Dec  7 21:09:05 majikthise kernel: [  170.251301] Removing vmci device
Dec  7 21:09:05 majikthise kernel: [  170.251308] Resetting vmci device
Dec  7 21:09:05 majikthise kernel: [  170.251350] Unregistered vmci device.
Dec  7 21:09:05 majikthise kernel: [  170.251373] ACPI: PCI interrupt for device 0000:00:07.7 disabled
Dec  7 21:09:05 majikthise exiting on signal 15
Dec  7 22:18:05 majikthise syslogd 1.4.1#21ubuntu3: restart.
Dec  7 22:18:06 majikthise kernel: Inspecting /boot/System.map-2.6.22-14-server
Dec  7 22:18:06 majikthise kernel: Loaded 25607 symbols from /boot/System.map-2.6.22-14-server.
Dec  7 22:18:06 majikthise kernel: Symbols match kernel version 2.6.22.
Dec  7 22:18:06 majikthise kernel: No module symbols loaded - kernel modules not enabled. 
Dec  7 22:18:06 majikthise kernel: [    0.000000] Linux version 2.6.22-14-server (buildd@terranova) (gcc version 4.1.3 20070929 (prerelease) (Ubuntu 4.1.2-16ubuntu2)) #1 SMP Tue Feb 12 08:27:05 UTC 2008 (Ubuntu 2.6.22-14.52-server)
Dec  7 22:18:06 majikthise kernel: [    0.000000] BIOS-provided physical RAM map:
Dec  7 22:18:06 majikthise kernel: [    0.000000]  BIOS-e820: 0000000000000000 - 000000000009f800 (usable)
Dec  7 22:18:06 majikthise kernel: [    0.000000]  BIOS-e820: 000000000009f800 - 00000000000a0000 (reserved)
Dec  7 22:18:06 majikthise kernel: [    0.000000]  BIOS-e820: 00000000000ca000 - 00000000000cc000 (reserved)
Dec  7 22:18:06 majikthise kernel: [    0.000000]  BIOS-e820: 00000000000dc000 - 00000000000e4000 (reserved)
Dec  7 22:18:06 majikthise kernel: [    0.000000]  BIOS-e820: 00000000000e8000 - 0000000000100000 (reserved)
Dec  7 22:18:06 majikthise kernel: [    0.000000]  BIOS-e820: 0000000000100000 - 000000003fef0000 (usable)
Dec  7 22:18:06 majikthise kernel: [    0.000000]  BIOS-e820: 000000003fef0000 - 000000003feff000 (ACPI data)
Dec  7 22:18:06 majikthise kernel: [    0.000000]  BIOS-e820: 000000003feff000 - 000000003ff00000 (ACPI NVS)
Dec  7 22:18:06 majikthise kernel: [    0.000000]  BIOS-e820: 000000003ff00000 - 0000000040000000 (usable)
Dec  7 22:18:06 majikthise kernel: [    0.000000]  BIOS-e820: 00000000e0000000 - 00000000f0000000 (reserved)
Dec  7 22:18:06 majikthise kernel: [    0.000000]  BIOS-e820: 00000000fec00000 - 00000000fec10000 (reserved)
Dec  7 22:18:06 majikthise kernel: [    0.000000]  BIOS-e820: 00000000fee00000 - 00000000fee01000 (reserved)
Dec  7 22:18:06 majikthise kernel: [    0.000000]  BIOS-e820: 00000000fffe0000 - 0000000100000000 (reserved)
Dec  7 22:18:06 majikthise kernel: [    0.000000] 128MB HIGHMEM available.
Dec  7 22:18:06 majikthise kernel: [    0.000000] 896MB LOWMEM available.
Dec  7 22:18:06 majikthise kernel: [    0.000000] found SMP MP-table at 000f69b0
Dec  7 22:18:06 majikthise kernel: [    0.000000] NX (Execute Disable) protection: active
Dec  7 22:18:06 majikthise kernel: [    0.000000] Zone PFN ranges:
Dec  7 22:18:06 majikthise kernel: [    0.000000]   DMA             0 ->     4096
Dec  7 22:18:06 majikthise kernel: [    0.000000]   Normal       4096 ->   229376
Dec  7 22:18:06 majikthise kernel: [    0.000000]   HighMem    229376 ->   262144
Dec  7 22:18:06 majikthise kernel: [    0.000000] early_node_map[1] active PFN ranges
Dec  7 22:18:06 majikthise kernel: [    0.000000]     0:        0 ->   262144
Dec  7 22:18:06 majikthise kernel: [    0.000000] DMI present.
Dec  7 22:18:06 majikthise kernel: [    0.000000] ACPI: RSDP signature @ 0xC00F6940 checksum 0
Dec  7 22:18:06 majikthise kernel: [    0.000000] ACPI: RSDP 000F6940, 0024 (r2 PTLTD )
Dec  7 22:18:06 majikthise kernel: [    0.000000] ACPI: XSDT 3FEF079A, 004C (r1 INTEL  440BX     6040000 VMW   1324272)
Dec  7 22:18:06 majikthise kernel: [    0.000000] ACPI: FACP 3FEFEE98, 00F4 (r4 INTEL  440BX     6040000 PTL     F4240)
Dec  7 22:18:06 majikthise kernel: [    0.000000] ACPI: DSDT 3FEF0960, E538 (r1 PTLTD  Custom    6040000 MSFT  3000001)
Dec  7 22:18:06 majikthise kernel: [    0.000000] ACPI: FACS 3FEFFFC0, 0040
Dec  7 22:18:06 majikthise kernel: [    0.000000] ACPI: BOOT 3FEF0938, 0028 (r1 PTLTD  $SBFTBL$  6040000  LTP        1)
Dec  7 22:18:06 majikthise kernel: [    0.000000] ACPI: APIC 3FEF08DA, 005E (r1 PTLTD  ^I APIC    6040000  LTP        0)
Dec  7 22:18:06 majikthise kernel: [    0.000000] ACPI: MCFG 3FEF089E, 003C (r1 PTLTD  $PCITBL$  6040000  LTP        1)
Dec  7 22:18:06 majikthise kernel: [    0.000000] ACPI: SRAT 3FEF081E, 0080 (r2 VMWARE MEMPLUG   6040000 VMW         1)
Dec  7 22:18:06 majikthise kernel: [    0.000000] ACPI: PM-Timer IO Port: 0x1008
Dec  7 22:18:06 majikthise kernel: [    0.000000] ACPI: LAPIC (acpi_id[0x00] lapic_id[0x00] enabled)
Dec  7 22:18:06 majikthise kernel: [    0.000000] Processor #0 7:10 APIC version 17
Dec  7 22:18:06 majikthise kernel: [    0.000000] ACPI: LAPIC (acpi_id[0x01] lapic_id[0x01] enabled)
Dec  7 22:18:06 majikthise kernel: [    0.000000] Processor #1 7:10 APIC version 17
Dec  7 22:18:06 majikthise kernel: [    0.000000] ACPI: LAPIC_NMI (acpi_id[0x00] high edge lint[0x1])
Dec  7 22:18:06 majikthise kernel: [    0.000000] ACPI: LAPIC_NMI (acpi_id[0x01] high edge lint[0x1])
Dec  7 22:18:06 majikthise kernel: [    0.000000] ACPI: IOAPIC (id[0x02] address[0xfec00000] gsi_base[0])
Dec  7 22:18:06 majikthise kernel: [    0.000000] IOAPIC[0]: apic_id 2, version 17, address 0xfec00000, GSI 0-23
Dec  7 22:18:06 majikthise kernel: [    0.000000] ACPI: INT_SRC_OVR (bus 0 bus_irq 0 global_irq 2 high edge)
Dec  7 22:18:06 majikthise kernel: [    0.000000] Enabling APIC mode:  Flat.  Using 1 I/O APICs
Dec  7 22:18:06 majikthise kernel: [    0.000000] Using ACPI (MADT) for SMP configuration information
Dec  7 22:18:06 majikthise kernel: [    0.000000] Allocating PCI resources starting at 50000000 (gap: 40000000:a0000000)
Dec  7 22:18:06 majikthise kernel: [    0.000000] Built 1 zonelists.  Total pages: 260096
Dec  7 22:18:06 majikthise kernel: [    0.000000] Kernel command line: root=UUID=3abcbe31-d5b6-4fa6-a286-7be644fe052b ro quiet splash
Dec  7 22:18:06 majikthise kernel: [    0.000000] Enabling fast FPU save and restore... done.
Dec  7 22:18:06 majikthise kernel: [    0.000000] Enabling unmasked SIMD FPU exception support... done.
Dec  7 22:18:06 majikthise kernel: [    0.000000] Initializing CPU#0
Dec  7 22:18:06 majikthise kernel: [    0.000000] PID hash table entries: 4096 (order: 12, 16384 bytes)
Dec  7 22:18:06 majikthise kernel: [    0.000000] Detected 3222.723 MHz processor.
Dec  7 22:18:06 majikthise kernel: [    7.609120] Console: colour VGA+ 80x25
Dec  7 22:18:06 majikthise kernel: [    7.610725] Dentry cache hash table entries: 131072 (order: 7, 524288 bytes)
Dec  7 22:18:06 majikthise kernel: [    7.611571] Inode-cache hash table entries: 65536 (order: 6, 262144 bytes)
Dec  7 22:18:06 majikthise kernel: [    7.612428] Memory: 1027972k/1048576k available (2047k kernel code, 19840k reserved, 920k data, 364k init, 131008k highmem)
Dec  7 22:18:06 majikthise kernel: [    7.612435] virtual kernel memory layout:
Dec  7 22:18:06 majikthise kernel: [    7.612436]     fixmap  : 0xfff4e000 - 0xfffff000   ( 708 kB)
Dec  7 22:18:06 majikthise kernel: [    7.612437]     pkmap   : 0xffc00000 - 0xffe00000   (2048 kB)
Dec  7 22:18:06 majikthise kernel: [    7.612438]     vmalloc : 0xf8800000 - 0xffbfe000   ( 115 MB)
Dec  7 22:18:06 majikthise kernel: [    7.612439]     lowmem  : 0xc0000000 - 0xf8000000   ( 896 MB)
Dec  7 22:18:06 majikthise kernel: [    7.612440]       .init : 0xc03eb000 - 0xc0446000   ( 364 kB)
Dec  7 22:18:06 majikthise kernel: [    7.612441]       .data : 0xc02ffd96 - 0xc03e5f04   ( 920 kB)
Dec  7 22:18:06 majikthise kernel: [    7.612442]       .text : 0xc0100000 - 0xc02ffd96   (2047 kB)
Dec  7 22:18:06 majikthise kernel: [    7.612445] Checking if this processor honours the WP bit even in supervisor mode... Ok.
Dec  7 22:18:06 majikthise kernel: [    7.613335] SLUB: Genslabs=22, HWalign=64, Order=0-1, MinObjects=4, CPUs=2, Nodes=1
Dec  7 22:18:06 majikthise kernel: [    7.763064] Calibrating delay using timer specific routine.. 6452.82 BogoMIPS (lpj=32264103)
Dec  7 22:18:06 majikthise kernel: [    7.763151] Security Framework v1.0.0 initialized
Dec  7 22:18:06 majikthise kernel: [    7.763155] SELinux:  Disabled at boot.
Dec  7 22:18:06 majikthise kernel: [    7.763174] Mount-cache hash table entries: 512
Dec  7 22:18:06 majikthise kernel: [    7.763397] CPU: L1 I cache: 32K, L1 D cache: 32K
Dec  7 22:18:06 majikthise kernel: [    7.763398] CPU: L2 cache: 256K
Dec  7 22:18:06 majikthise kernel: [    7.763400] CPU: L3 cache: 8192K
Dec  7 22:18:06 majikthise kernel: [    7.763403] CPU: Physical Processor ID: 0
Dec  7 22:18:06 majikthise kernel: [    7.763404] CPU: Processor Core ID: 0
Dec  7 22:18:06 majikthise kernel: [    7.763423] Compat vDSO mapped to ffffe000.
Dec  7 22:18:06 majikthise kernel: [    7.763446] Checking 'hlt' instruction... OK.
Dec  7 22:18:06 majikthise kernel: [    7.803020] SMP alternatives: switching to UP code
Dec  7 22:18:06 majikthise kernel: [    7.803303] Early unpacking initramfs... done
Dec  7 22:18:06 majikthise kernel: [    7.938423] ACPI: Core revision 20070126
Dec  7 22:18:06 majikthise kernel: [    7.938544] ACPI: Looking for DSDT in initramfs... error, file /DSDT.aml not found.
Dec  7 22:18:06 majikthise kernel: [    7.943215] CPU0: Intel(R) Core(TM) i7 CPU         940  @ 2.93GHz stepping 04
Dec  7 22:18:06 majikthise kernel: [    7.943366] SMP alternatives: switching to SMP code
Dec  7 22:18:06 majikthise kernel: [    7.943522] Booting processor 1/1 eip 3000
Dec  7 22:18:06 majikthise kernel: [    7.953769] Initializing CPU#1
Dec  7 22:18:06 majikthise kernel: [    8.102314] Calibrating delay using timer specific routine.. 6451.24 BogoMIPS (lpj=32256239)
Dec  7 22:18:06 majikthise kernel: [    8.102330] CPU: L1 I cache: 32K, L1 D cache: 32K
Dec  7 22:18:06 majikthise kernel: [    8.102332] CPU: L2 cache: 256K
Dec  7 22:18:06 majikthise kernel: [    8.102333] CPU: L3 cache: 8192K
Dec  7 22:18:06 majikthise kernel: [    8.102336] CPU: Physical Processor ID: 0
Dec  7 22:18:06 majikthise kernel: [    8.102337] CPU: Processor Core ID: 1
Dec  7 22:18:06 majikthise kernel: [    8.102503] CPU1: Intel(R) Core(TM) i7 CPU         940  @ 2.93GHz stepping 04
Dec  7 22:18:06 majikthise kernel: [    8.102721] Total of 2 processors activated (12904.06 BogoMIPS).
Dec  7 22:18:06 majikthise kernel: [    8.103064] ENABLING IO-APIC IRQs
Dec  7 22:18:06 majikthise kernel: [    8.103482] ..TIMER: vector=0x31 apic1=0 pin1=2 apic2=-1 pin2=-1
Dec  7 22:18:06 majikthise kernel: [    8.322181] checking TSC synchronization [CPU#0 -> CPU#1]: passed.
Dec  7 22:18:06 majikthise kernel: [    8.342178] Brought up 2 CPUs
Dec  7 22:18:06 majikthise kernel: [    8.455236] migration_cost=1614
