Oct  9 20:10:41 syslogd started: BusyBox v1.1.3
Oct  9 20:10:41 kernel: klogd started: BusyBox v1.1.3 (Debian 1:1.1.3-5ubuntu7)
Oct  9 20:10:41 kernel: [    0.000000] Linux version 2.6.22-14-generic (buildd@palmer) (gcc version 4.1.3 20070929 (prerelease) (Ubuntu 4.1.2-16ubuntu2)) #1 SMP Sun Oct 14 23:05:12 GMT 2007 (Ubuntu 2.6.22-14.46-generic)
Oct  9 20:10:41 kernel: [    0.000000] BIOS-provided physical RAM map:
Oct  9 20:10:41 kernel: [    0.000000]  BIOS-e820: 0000000000000000 - 000000000009f800 (usable)
Oct  9 20:10:41 kernel: [    0.000000]  BIOS-e820: 000000000009f800 - 00000000000a0000 (reserved)
Oct  9 20:10:41 kernel: [    0.000000]  BIOS-e820: 00000000000ca000 - 00000000000cc000 (reserved)
Oct  9 20:10:41 kernel: [    0.000000]  BIOS-e820: 00000000000dc000 - 00000000000e4000 (reserved)
Oct  9 20:10:41 kernel: [    0.000000]  BIOS-e820: 00000000000e8000 - 0000000000100000 (reserved)
Oct  9 20:10:41 kernel: [    0.000000]  BIOS-e820: 0000000000100000 - 000000001fef0000 (usable)
Oct  9 20:10:41 kernel: [    0.000000]  BIOS-e820: 000000001fef0000 - 000000001feff000 (ACPI data)
Oct  9 20:10:41 kernel: [    0.000000]  BIOS-e820: 000000001feff000 - 000000001ff00000 (ACPI NVS)
Oct  9 20:10:41 kernel: [    0.000000]  BIOS-e820: 000000001ff00000 - 0000000020000000 (usable)
Oct  9 20:10:41 kernel: [    0.000000]  BIOS-e820: 00000000e0000000 - 00000000f0000000 (reserved)
Oct  9 20:10:41 kernel: [    0.000000]  BIOS-e820: 00000000fec00000 - 00000000fec10000 (reserved)
Oct  9 20:10:41 kernel: [    0.000000]  BIOS-e820: 00000000fee00000 - 00000000fee01000 (reserved)
Oct  9 20:10:41 kernel: [    0.000000]  BIOS-e820: 00000000fffe0000 - 0000000100000000 (reserved)
Oct  9 20:10:41 kernel: [    0.000000] 0MB HIGHMEM available.
Oct  9 20:10:41 kernel: [    0.000000] 512MB LOWMEM available.
Oct  9 20:10:41 kernel: [    0.000000] found SMP MP-table at 000f69b0
Oct  9 20:10:41 kernel: [    0.000000] Entering add_active_range(0, 0, 131072) 0 entries of 256 used
Oct  9 20:10:41 kernel: [    0.000000] Zone PFN ranges:
Oct  9 20:10:41 kernel: [    0.000000]   DMA             0 ->     4096
Oct  9 20:10:41 kernel: [    0.000000]   Normal       4096 ->   131072
Oct  9 20:10:41 kernel: [    0.000000]   HighMem    131072 ->   131072
Oct  9 20:10:41 kernel: [    0.000000] early_node_map[1] active PFN ranges
Oct  9 20:10:41 kernel: [    0.000000]     0:        0 ->   131072
Oct  9 20:10:41 kernel: [    0.000000] On node 0 totalpages: 131072
Oct  9 20:10:41 kernel: [    0.000000]   DMA zone: 32 pages used for memmap
Oct  9 20:10:41 kernel: [    0.000000]   DMA zone: 0 pages reserved
Oct  9 20:10:41 kernel: [    0.000000]   DMA zone: 4064 pages, LIFO batch:0
Oct  9 20:10:41 kernel: [    0.000000]   Normal zone: 992 pages used for memmap
Oct  9 20:10:41 kernel: [    0.000000]   Normal zone: 125984 pages, LIFO batch:31
Oct  9 20:10:41 kernel: [    0.000000]   HighMem zone: 0 pages used for memmap
Oct  9 20:10:41 kernel: [    0.000000] DMI present.
Oct  9 20:10:41 kernel: [    0.000000] ACPI: RSDP signature @ 0xC00F6940 checksum 0
Oct  9 20:10:41 kernel: [    0.000000] ACPI: RSDP 000F6940, 0024 (r2 PTLTD )
Oct  9 20:10:41 kernel: [    0.000000] ACPI: XSDT 1FEF0804, 004C (r1 INTEL  440BX     6040000 VMW   1324272)
Oct  9 20:10:41 kernel: [    0.000000] ACPI: FACP 1FEFEE98, 00F4 (r4 INTEL  440BX     6040000 PTL     F4240)
Oct  9 20:10:41 kernel: [    0.000000] ACPI: DSDT 1FEF09BC, E4DC (r1 PTLTD  Custom    6040000 MSFT  3000001)
Oct  9 20:10:41 kernel: [    0.000000] ACPI: FACS 1FEFFFC0, 0040
Oct  9 20:10:41 kernel: [    0.000000] ACPI: BOOT 1FEF0994, 0028 (r1 PTLTD  $SBFTBL$  6040000  LTP        1)
Oct  9 20:10:41 kernel: [    0.000000] ACPI: APIC 1FEF0944, 0050 (r1 PTLTD  ^I APIC    6040000  LTP        0)
Oct  9 20:10:41 kernel: [    0.000000] ACPI: MCFG 1FEF0908, 003C (r1 PTLTD  $PCITBL$  6040000  LTP        1)
Oct  9 20:10:41 kernel: [    0.000000] ACPI: SRAT 1FEF0888, 0080 (r2 VMWARE MEMPLUG   6040000 VMW         1)
Oct  9 20:10:41 kernel: [    0.000000] ACPI: PM-Timer IO Port: 0x1008
Oct  9 20:10:41 kernel: [    0.000000] ACPI: Local APIC address 0xfee00000
Oct  9 20:10:41 kernel: [    0.000000] ACPI: LAPIC (acpi_id[0x00] lapic_id[0x00] enabled)
Oct  9 20:10:41 kernel: [    0.000000] Processor #0 7:10 APIC version 17
Oct  9 20:10:41 kernel: [    0.000000] ACPI: LAPIC_NMI (acpi_id[0x00] high edge lint[0x1])
Oct  9 20:10:41 kernel: [    0.000000] ACPI: IOAPIC (id[0x01] address[0xfec00000] gsi_base[0])
Oct  9 20:10:41 kernel: [    0.000000] IOAPIC[0]: apic_id 1, version 17, address 0xfec00000, GSI 0-23
Oct  9 20:10:41 kernel: [    0.000000] ACPI: INT_SRC_OVR (bus 0 bus_irq 0 global_irq 2 high edge)
Oct  9 20:10:41 kernel: [    0.000000] ACPI: IRQ0 used by override.
Oct  9 20:10:41 kernel: [    0.000000] ACPI: IRQ2 used by override.
Oct  9 20:10:41 kernel: [    0.000000] ACPI: IRQ9 used by override.
Oct  9 20:10:41 kernel: [    0.000000] Enabling APIC mode:  Flat.  Using 1 I/O APICs
Oct  9 20:10:41 kernel: [    0.000000] Using ACPI (MADT) for SMP configuration information
Oct  9 20:10:41 kernel: [    0.000000] Allocating PCI resources starting at 30000000 (gap: 20000000:c0000000)
Oct  9 20:10:41 kernel: [    0.000000] Built 1 zonelists.  Total pages: 130048
Oct  9 20:10:41 kernel: [    0.000000] Kernel command line: BOOT_IMAGE=/install/vmlinuz file=/cdrom/preseed/ubuntu-server.seed initrd=/install/initrd.gz quiet --
Oct  9 20:10:41 kernel: [    0.000000] mapped APIC to ffffd000 (fee00000)
Oct  9 20:10:41 kernel: pped IOAPIC to ffffc000 (fec00000)
Oct  9 20:10:41 kernel: [    0.000000] Enabling fast FPU save and restore... done.
Oct  9 20:10:41 kernel: [    0.000000] Enabling unmasked SIMD FPU exception support... done.
Oct  9 20:10:41 kernel: [    0.000000] Initializing CPU#0
Oct  9 20:10:41 kernel: [    0.000000] PID hash table entries: 2048 (order: 11, 8192 bytes)
Oct  9 20:10:41 kernel: [    0.000000] Detected 3222.731 MHz processor.
Oct  9 20:10:41 kernel: [   44.575988] Console: colour VGA+ 80x25
Oct  9 20:10:41 kernel: [   44.576717] Dentry cache hash table entries: 65536 (order: 6, 262144 bytes)
Oct  9 20:10:41 kernel: [   44.577138] Inode-cache hash table entries: 32768 (order: 5, 131072 bytes)
Oct  9 20:10:41 kernel: [   44.577995] Memory: 510220k/524288k available (2015k kernel code, 13316k reserved, 916k data, 364k init, 0k highmem)
Oct  9 20:10:41 kernel: [   44.578001] virtual kernel memory layout:
Oct  9 20:10:41 kernel: [   44.578002]     fixmap  : 0xfff4d000 - 0xfffff000   ( 712 kB)
Oct  9 20:10:41 kernel: [   44.578003]     pkmap   : 0xff800000 - 0xffc00000   (4096 kB)
Oct  9 20:10:41 kernel: [   44.578004]     vmalloc : 0xe0800000 - 0xff7fe000   ( 495 MB)
Oct  9 20:10:41 kernel: [   44.578005]     lowmem  : 0xc0000000 - 0xe0000000   ( 512 MB)
Oct  9 20:10:41 kernel: [   44.578006]       .init : 0xc03e3000 - 0xc043e000   ( 364 kB)
Oct  9 20:10:41 kernel: [   44.578007]       .data : 0xc02f7d26 - 0xc03dce84   ( 916 kB)
Oct  9 20:10:41 kernel: [   44.578008]       .text : 0xc0100000 - 0xc02f7d26   (2015 kB)
Oct  9 20:10:41 kernel: [   44.578010] Checking if this processor honours the WP bit even in supervisor mode... Ok.
Oct  9 20:10:41 kernel: [   44.578040] SLUB: Genslabs=22, HWalign=64, Order=0-1, MinObjects=4, CPUs=1, Nodes=1
Oct  9 20:10:41 kernel: [   44.657910] Calibrating delay using timer specific routine.. 6451.59 BogoMIPS (lpj=12903193)
Oct  9 20:10:41 kernel: [   44.657992] Security Framework v1.0.0 initialized
Oct  9 20:10:41 kernel: [   44.658001] SELinux:  Disabled at boot.
Oct  9 20:10:41 kernel: [   44.658012] Mount-cache hash table entries: 512
Oct  9 20:10:41 kernel: [   44.658074] CPU: After generic identify, caps: 0febfbff 28100000 00000000 00000000 80982201 00000000 00000001
Oct  9 20:10:41 kernel: [   44.658087] CPU: L1 I cache: 32K, L1 D cache: 32K
Oct  9 20:10:41 kernel: [   44.658088] CPU: L2 cache: 256K
Oct  9 20:10:41 kernel: [   44.658089] CPU: L3 cache: 8192K
Oct  9 20:10:41 kernel: [   44.658093] CPU: After all inits, caps: 0febfbff 28100000 00000000 00003940 80982201 00000000 00000001
Oct  9 20:10:41 kernel: [   44.658100] Compat vDSO mapped to ffffe000.
Oct  9 20:10:41 kernel: [   44.658127] Checking 'hlt' instruction... OK.
Oct  9 20:10:41 kernel: [   44.673934] SMP alternatives: switching to UP code
Oct  9 20:10:41 kernel: [   44.673997] Freeing SMP alternatives: 11k freed
Oct  9 20:10:41 kernel: [   44.674179] Early unpacking initramfs... done
Oct  9 20:10:41 kernel: [   44.750578] ACPI: Core revision 20070126
Oct  9 20:10:41 kernel: [   44.750712] ACPI: Looking for DSDT in initramfs... error, file /DSDT.aml not found.
Oct  9 20:10:41 kernel: [   44.754057] CPU0: Intel(R) Core(TM) i7 CPU         940  @ 2.93GHz stepping 04
Oct  9 20:10:41 kernel: [   44.754261] Total of 1 processors activated (6451.59 BogoMIPS).
Oct  9 20:10:41 kernel: [   44.754535] ENABLING IO-APIC IRQs
Oct  9 20:10:41 kernel: [   44.754936] ..TIMER: vector=0x31 apic1=0 pin1=2 apic2=-1 pin2=-1
Oct  9 20:10:41 kernel: [   44.901553] Brought up 1 CPUs
Oct  9 20:10:41 kernel: [   44.901820] Booting paravirtualized kernel on bare hardware
Oct  9 20:10:41 kernel: [   44.901914] Time: 20:10:41  Date: 09/09/110
Oct  9 20:10:41 kernel: [   44.901937] NET: Registered protocol family 16
Oct  9 20:10:41 kernel: [   44.902052] EISA bus registered
Oct  9 20:10:41 kernel: [   44.902088] ACPI: bus type pci registered
Oct  9 20:10:41 kernel: [   44.902174] PCI: PCI BIOS revision 2.10 entry at 0xfd8a0, last bus=34
Oct  9 20:10:41 kernel: [   44.902176] PCI: Using configuration type 1
Oct  9 20:10:41 kernel: [   44.902177] Setting up standard PCI resources
Oct  9 20:10:41 kernel: [   44.904160] ACPI: EC: Look up EC in DSDT
Oct  9 20:10:41 kernel: [   44.920968] ACPI: System BIOS is requesting _OSI(Linux)
Oct  9 20:10:41 kernel: [   44.920970] ACPI: Please test with "acpi_osi=!Linux"
Oct  9 20:10:41 kernel: [   44.920971] Please send dmidecode to linux-acpi@vger.kernel.org
Oct  9 20:10:41 kernel: [   44.921321] ACPI: Interpreter enabled
Oct  9 20:10:41 kernel: [   44.921323] ACPI: (supports S0 S1 S4 S5)
Oct  9 20:10:41 kernel: [   44.921332] ACPI: Using IOAPIC for interrupt routing
Oct  9 20:10:41 kernel: [   44.942484] ACPI: PCI Root Bridge [PCI0] (0000:00)
Oct  9 20:10:41 kernel: [   44.942491] PCI: Probing PCI hardware (bus 00)
Oct  9 20:10:41 kernel: [   44.943967] PCI quirk: region 1000-103f claimed by PIIX4 ACPI
Oct  9 20:10:41 kernel: [   44.943978] PCI quirk: region 1040-104f claimed by PIIX4 SMB
Oct  9 20:10:41 kernel: [   44.952612] PCI: Transparent bridge - 0000:00:11.0
Oct  9 20:10:41 kernel: [   44.971022] ACPI: PCI Interrupt Routing Table [\_SB_.PCI0._PRT]
Oct  9 20:10:41 kernel: [   45.149518] ACPI: PCI Interrupt Link [LNKA] (IRQs 3 4 5 6 7 *9 10 11 14 15)
Oct  9 20:10:41 kernel: [   45.149671] ACPI: PCI Interrupt Link [LNKB] (IRQs 3 4 5 6 7 9 10 *11 14 15)
Oct  9 20:10:41 kernel:  3 4 5 6 7 9 *10 11 14 15)
Oct  9 20:10:41 kernel: [   45.149983] ACPI: PCI Interrupt Link [LNKD] (IRQs 3 4 5 6 7 9 10 11 14 15) *0, disabled.
Oct  9 20:10:41 kernel: [   45.150093] Linux Plug and Play Support v0.97 (c) Adam Belay
Oct  9 20:10:41 kernel: [   45.150099] pnp: PnP ACPI init
Oct  9 20:10:41 kernel: [   45.150104] ACPI: bus type pnp registered
Oct  9 20:10:41 kernel: [   45.167826] pnp: PnP ACPI: found 13 devices
Oct  9 20:10:41 kernel: [   45.167828] ACPI: ACPI bus type pnp unregistered
Oct  9 20:10:41 kernel: [   45.167831] PnPBIOS: Disabled by ACPI PNP
Oct  9 20:10:41 kernel: [   45.167868] PCI: Using ACPI for IRQ routing
Oct  9 20:10:41 kernel: [   45.167870] PCI: If a device doesn't work, try "pci=routeirq".  If it helps, post a report
Oct  9 20:10:41 kernel: [   45.379518] NET: Registered protocol family 8
Oct  9 20:10:41 kernel: [   45.379521] NET: Registered protocol family 20
Oct  9 20:10:41 kernel: [   45.379596] pnp: 00:0c: ioport range 0x1060-0x107f has been reserved
Oct  9 20:10:41 kernel: [   45.379601] pnp: 00:0c: iomem range 0xe0000000-0xefffffff could not be reserved
Oct  9 20:10:41 kernel: [   45.379603] pnp: 00:0c: iomem range 0xd8a00000-0xd8bfffff has been reserved
Oct  9 20:10:41 kernel: [   45.380353] Time: tsc clocksource has been installed.
Oct  9 20:10:41 kernel: [   45.410352] PCI: Bridge: 0000:00:01.0
Oct  9 20:10:41 kernel: [   45.410354]   IO window: disabled.
Oct  9 20:10:41 kernel: [   45.410379]   MEM window: disabled.
Oct  9 20:10:41 kernel: [   45.410395]   PREFETCH window: disabled.
Oct  9 20:10:41 kernel: [   45.410420] PCI: Bridge: 0000:00:11.0
Oct  9 20:10:41 kernel: [   45.410429]   IO window: 2000-3fff
Oct  9 20:10:41 kernel: [   45.410453]   MEM window: d9200000-d9cfffff
Oct  9 20:10:41 kernel: [   45.410470]   PREFETCH window: dc100000-dc6fffff
Oct  9 20:10:41 kernel: [   45.410493] PCI: Bridge: 0000:00:15.0
Oct  9 20:10:41 kernel: [   45.410502]   IO window: 4000-4fff
Oct  9 20:10:41 kernel: [   45.410527]   MEM window: d9d00000-d9dfffff
Oct  9 20:10:41 kernel: [   45.410543]   PREFETCH window: dc700000-dc7fffff
Oct  9 20:10:41 kernel: [   45.410592] PCI: Bridge: 0000:00:15.1
Oct  9 20:10:41 kernel: [   45.410603]   IO window: 8000-8fff
Oct  9 20:10:41 kernel: [   45.410627]   MEM window: da100000-da1fffff
Oct  9 20:10:41 kernel: [   45.410644]   PREFETCH window: dcb00000-dcbfffff
Oct  9 20:10:41 kernel: [   45.410676] PCI: Bridge: 0000:00:15.2
Oct  9 20:10:41 kernel: [   45.410686]   IO window: c000-cfff
Oct  9 20:10:41 kernel: [   45.410710]   MEM window: da500000-da5fffff
Oct  9 20:10:41 kernel: [   45.410727]   PREFETCH window: dcf00000-dcffffff
Oct  9 20:10:41 kernel: [   45.410758] PCI: Bridge: 0000:00:15.3
Oct  9 20:10:41 kernel: [   45.410759]   IO window: disabled.
Oct  9 20:10:41 kernel: [   45.410784]   MEM window: da900000-da9fffff
Oct  9 20:10:41 kernel: [   45.410800]   PREFETCH window: dd300000-dd3fffff
Oct  9 20:10:41 kernel: [   45.410832] PCI: Bridge: 0000:00:15.4
Oct  9 20:10:41 kernel: [   45.410833]   IO window: disabled.
Oct  9 20:10:41 kernel: [   45.410857]   MEM window: dad00000-dadfffff
Oct  9 20:10:41 kernel: [   45.410874]   PREFETCH window: dd700000-dd7fffff
Oct  9 20:10:41 kernel: [   45.410905] PCI: Bridge: 0000:00:15.5
Oct  9 20:10:41 kernel: [   45.410906]   IO window: disabled.
Oct  9 20:10:41 kernel: [   45.410931]   MEM window: db100000-db1fffff
Oct  9 20:10:41 kernel: [   45.410947]   PREFETCH window: ddb00000-ddbfffff
Oct  9 20:10:41 kernel: [   45.410979] PCI: Bridge: 0000:00:15.6
Oct  9 20:10:41 kernel: [   45.410980]   IO window: disabled.
Oct  9 20:10:41 kernel: [   45.411004]   MEM window: db500000-db5fffff
Oct  9 20:10:41 kernel: [   45.411021]   PREFETCH window: ddf00000-ddffffff
Oct  9 20:10:41 kernel: [   45.411052] PCI: Bridge: 0000:00:15.7
Oct  9 20:10:41 kernel: [   45.411053]   IO window: disabled.
Oct  9 20:10:41 kernel: [   45.411078]   MEM window: db900000-db9fffff
Oct  9 20:10:41 kernel: [   45.411094]   PREFETCH window: de300000-de3fffff
Oct  9 20:10:41 kernel: [   45.411125] PCI: Bridge: 0000:00:16.0
Oct  9 20:10:41 kernel: [   45.411135]   IO window: 5000-5fff
Oct  9 20:10:41 kernel: [   45.411159]   MEM window: d9e00000-d9efffff
Oct  9 20:10:41 kernel: [   45.411176]   PREFETCH window: dc800000-dc8fffff
Oct  9 20:10:41 kernel: [   45.411207] PCI: Bridge: 0000:00:16.1
Oct  9 20:10:41 kernel: [   45.411217]   IO window: 9000-9fff
Oct  9 20:10:41 kernel: [   45.411241]   MEM window: da200000-da2fffff
Oct  9 20:10:41 kernel: [   45.411257]   PREFETCH window: dcc00000-dccfffff
Oct  9 20:10:41 kernel: [   45.411288] PCI: Bridge: 0000:00:16.2
Oct  9 20:10:41 kernel: [   45.411298]   IO window: d000-dfff
Oct  9 20:10:41 kernel: [   45.411322]   MEM window: da600000-da6fffff
Oct  9 20:10:41 kernel: [   45.411339]   PREFETCH window: dd000000-dd0fffff
Oct  9 20:10:41 kernel: [   45.411370] PCI: Bridge: 0000:00:16.3
Oct  9 20:10:41 kernel: [   45.411371]   IO window: disabled.
Oct  9 20:10:41 kernel: [   45.411395]   MEM window: daa00000-daafffff
Oct  9 20:10:41 kernel: [   45.411412]   PREFETCH window: dd400000-dd4fffff
Oct  9 20:10:41 kernel: [   45.411443] PCI: Bridge: 0000:00:16.4
Oct  9 20:10:41 kernel: [   45.411444]   IO window: disabled.
Oct  9 20:10:41 kernel: [   45.411469]   MEM window: dae00000-daefffff
Oct  9 20:10:41 kernel: [   45.411485]   PREFETCH window: dd800000-dd8fffff
Oct  9 20:10:41 kernel: [   45.411517] PCI: Bridge: 0000:00:16.5
Oct  9 20:10:41 kernel: [   45.411518]   IO window: disabled.
Oct  9 20:10:41 kernel: [   45.411542]   MEM window: db200000-db2fffff
Oct  9 20:10:41 kernel: [   45.411559]   PREFETCH window: ddc00000-ddcfffff
Oct  9 20:10:41 kernel: [   45.411590] PCI: Bridge: 0000:00:16.6
Oct  9 20:10:41 kernel: [   45.411591]   IO window: disabled.
Oct  9 20:10:41 kernel:   45.411615]   MEM window: db600000-db6fffff
Oct  9 20:10:41 kernel: [   45.411632]   PREFETCH window: de000000-de0fffff
Oct  9 20:10:41 kernel: [   45.411663] PCI: Bridge: 0000:00:16.7
Oct  9 20:10:41 kernel: [   45.411664]   IO window: disabled.
Oct  9 20:10:41 kernel: [   45.411689]   MEM window: dba00000-dbafffff
Oct  9 20:10:41 kernel: [   45.411705]   PREFETCH window: de400000-de4fffff
Oct  9 20:10:41 kernel: [   45.411736] PCI: Bridge: 0000:00:17.0
Oct  9 20:10:41 kernel: [   45.411746]   IO window: 6000-6fff
Oct  9 20:10:41 kernel: [   45.411770]   MEM window: d9f00000-d9ffffff
Oct  9 20:10:41 kernel: [   45.411787]   PREFETCH window: dc900000-dc9fffff
Oct  9 20:10:41 kernel: [   45.411818] PCI: Bridge: 0000:00:17.1
Oct  9 20:10:41 kernel: [   45.411828]   IO window: a000-afff
Oct  9 20:10:41 kernel: [   45.411852]   MEM window: da300000-da3fffff
Oct  9 20:10:41 kernel: [   45.411868]   PREFETCH window: dcd00000-dcdfffff
Oct  9 20:10:41 kernel: [   45.411902] PCI: Bridge: 0000:00:17.2
Oct  9 20:10:41 kernel: [   45.411912]   IO window: e000-efff
Oct  9 20:10:41 kernel: [   45.411936]   MEM window: da700000-da7fffff
Oct  9 20:10:41 kernel: [   45.411959]   PREFETCH window: dd100000-dd1fffff
Oct  9 20:10:41 kernel: [   45.411992] PCI: Bridge: 0000:00:17.3
Oct  9 20:10:41 kernel: [   45.411993]   IO window: disabled.
Oct  9 20:10:41 kernel: [   45.412017]   MEM window: dab00000-dabfffff
Oct  9 20:10:41 kernel: [   45.412034]   PREFETCH window: dd500000-dd5fffff
Oct  9 20:10:41 kernel: [   45.412065] PCI: Bridge: 0000:00:17.4
Oct  9 20:10:41 kernel: [   45.412066]   IO window: disabled.
Oct  9 20:10:41 kernel: [   45.412091]   MEM window: daf00000-daffffff
Oct  9 20:10:41 kernel: [   45.412107]   PREFETCH window: dd900000-dd9fffff
Oct  9 20:10:41 kernel: [   45.412139] PCI: Bridge: 0000:00:17.5
Oct  9 20:10:41 kernel: [   45.412140]   IO window: disabled.
Oct  9 20:10:41 kernel: [   45.412164]   MEM window: db300000-db3fffff
Oct  9 20:10:41 kernel: [   45.412181]   PREFETCH window: ddd00000-dddfffff
Oct  9 20:10:41 kernel: [   45.412212] PCI: Bridge: 0000:00:17.6
Oct  9 20:10:41 kernel: [   45.412213]   IO window: disabled.
Oct  9 20:10:41 kernel: [   45.412237]   MEM window: db700000-db7fffff
Oct  9 20:10:41 kernel: [   45.412254]   PREFETCH window: de100000-de1fffff
Oct  9 20:10:41 kernel: [   45.412284] PCI: Bridge: 0000:00:17.7
Oct  9 20:10:41 kernel: [   45.412285]   IO window: disabled.
Oct  9 20:10:41 kernel: [   45.412310]   MEM window: dbb00000-dbbfffff
Oct  9 20:10:41 kernel: [   45.412327]   PREFETCH window: de500000-de5fffff
Oct  9 20:10:41 kernel: [   45.412359] PCI: Bridge: 0000:00:18.0
Oct  9 20:10:41 kernel: [   45.412369]   IO window: 7000-7fff
Oct  9 20:10:41 kernel: [   45.412393]   MEM window: da000000-da0fffff
Oct  9 20:10:41 kernel: [   45.412410]   PREFETCH window: dca00000-dcafffff
Oct  9 20:10:41 kernel: [   45.412441] PCI: Bridge: 0000:00:18.1
Oct  9 20:10:41 kernel: [   45.412451]   IO window: b000-bfff
Oct  9 20:10:41 kernel: [   45.412475]   MEM window: da400000-da4fffff
Oct  9 20:10:41 kernel: [   45.412491]   PREFETCH window: dce00000-dcefffff
Oct  9 20:10:41 kernel: [   45.412522] PCI: Bridge: 0000:00:18.2
Oct  9 20:10:41 kernel: [   45.412532]   IO window: f000-ffff
Oct  9 20:10:41 kernel: [   45.412556]   MEM window: da800000-da8fffff
Oct  9 20:10:41 kernel: [   45.412573]   PREFETCH window: dd200000-dd2fffff
Oct  9 20:10:41 kernel: [   45.412604] PCI: Bridge: 0000:00:18.3
Oct  9 20:10:41 kernel: [   45.412605]   IO window: disabled.
Oct  9 20:10:41 kernel: [   45.412630]   MEM window: dac00000-dacfffff
Oct  9 20:10:41 kernel: [   45.412646]   PREFETCH window: dd600000-dd6fffff
Oct  9 20:10:41 kernel: [   45.412677] PCI: Bridge: 0000:00:18.4
Oct  9 20:10:41 kernel: [   45.412678]   IO window: disabled.
Oct  9 20:10:41 kernel: [   45.412703]   MEM window: db000000-db0fffff
Oct  9 20:10:41 kernel: [   45.412719]   PREFETCH window: dda00000-ddafffff
Oct  9 20:10:41 kernel: [   45.412751] PCI: Bridge: 0000:00:18.5
Oct  9 20:10:41 kernel: [   45.412752]   IO window: disabled.
Oct  9 20:10:41 kernel: [   45.412776]   MEM window: db400000-db4fffff
Oct  9 20:10:41 kernel: [   45.412793]   PREFETCH window: dde00000-ddefffff
Oct  9 20:10:41 kernel: [   45.412824] PCI: Bridge: 0000:00:18.6
Oct  9 20:10:41 kernel: [   45.412825]   IO window: disabled.
Oct  9 20:10:41 kernel: [   45.412849]   MEM window: db800000-db8fffff
Oct  9 20:10:41 kernel: [   45.412866]   PREFETCH window: de200000-de2fffff
Oct  9 20:10:41 kernel: [   45.412897] PCI: Bridge: 0000:00:18.7
Oct  9 20:10:41 kernel: [   45.412899]   IO window: disabled.
Oct  9 20:10:41 kernel: [   45.412923]   MEM window: dbc00000-dbcfffff
Oct  9 20:10:41 kernel: [   45.412940]   PREFETCH window: de600000-de6fffff
Oct  9 20:10:41 kernel: [   45.413004] PCI: Setting latency timer of device 0000:00:01.0 to 64
Oct  9 20:10:41 kernel: [   45.413151] PCI: Setting latency timer of device 0000:00:15.0 to 64
Oct  9 20:10:41 kernel: [   45.413244] PCI: Setting latency timer of device 0000:00:15.1 to 64
Oct  9 20:10:41 kernel: [   45.413336] PCI: Setting latency timer of device 0000:00:15.2 to 64
Oct  9 20:10:41 kernel: [   45.413428] PCI: Setting latency timer of device 0000:00:15.3 to 64
Oct  9 20:10:41 kernel: [   45.413520] PCI: Setting latency timer of device 0000:00:15.4 to 64
Oct  9 20:10:41 kernel: [   45.413612] PCI: Setting latency timer of device 0000:00:15.5 to 64
Oct  9 20:10:41 kernel: [   45.413704] PCI: Setting latency timer of device 0000:00:15.6 to 64
Oct  9 20:10:41 kernel: [   45.413797] PCI: Setting latency timer of device 0000:00:15.7 to 64
Oct  9 20:10:41 kernel: [   45.413889] PCI: Setting latency timer of device 0000:00:16.0 to 64
Oct  9 20:10:41 kernel: ting latency timer of device 0000:00:16.1 to 64
Oct  9 20:10:41 kernel: [   45.414073] PCI: Setting latency timer of device 0000:00:16.2 to 64
Oct  9 20:10:41 kernel: [   45.414165] PCI: Setting latency timer of device 0000:00:16.3 to 64
Oct  9 20:10:41 kernel: [   45.414257] PCI: Setting latency timer of device 0000:00:16.4 to 64
Oct  9 20:10:41 kernel: [   45.414349] PCI: Setting latency timer of device 0000:00:16.5 to 64
Oct  9 20:10:41 kernel: [   45.414443] PCI: Setting latency timer of device 0000:00:16.6 to 64
Oct  9 20:10:41 kernel: [   45.414535] PCI: Setting latency timer of device 0000:00:16.7 to 64
Oct  9 20:10:41 kernel: [   45.414627] PCI: Setting latency timer of device 0000:00:17.0 to 64
Oct  9 20:10:41 kernel: [   45.414719] PCI: Setting latency timer of device 0000:00:17.1 to 64
Oct  9 20:10:41 kernel: [   45.414812] PCI: Setting latency timer of device 0000:00:17.2 to 64
Oct  9 20:10:41 kernel: [   45.414906] PCI: Setting latency timer of device 0000:00:17.3 to 64
Oct  9 20:10:41 kernel: [   45.414999] PCI: Setting latency timer of device 0000:00:17.4 to 64
Oct  9 20:10:41 kernel: [   45.415091] PCI: Setting latency timer of device 0000:00:17.5 to 64
Oct  9 20:10:41 kernel: [   45.415183] PCI: Setting latency timer of device 0000:00:17.6 to 64
Oct  9 20:10:41 kernel: [   45.415275] PCI: Setting latency timer of device 0000:00:17.7 to 64
Oct  9 20:10:41 kernel: [   45.415367] PCI: Setting latency timer of device 0000:00:18.0 to 64
Oct  9 20:10:41 kernel: [   45.415459] PCI: Setting latency timer of device 0000:00:18.1 to 64
Oct  9 20:10:41 kernel: [   45.415551] PCI: Setting latency timer of device 0000:00:18.2 to 64
Oct  9 20:10:41 kernel: [   45.415643] PCI: Setting latency timer of device 0000:00:18.3 to 64
Oct  9 20:10:41 kernel: [   45.415735] PCI: Setting latency timer of device 0000:00:18.4 to 64
Oct  9 20:10:41 kernel: [   45.415827] PCI: Setting latency timer of device 0000:00:18.5 to 64
Oct  9 20:10:41 kernel: [   45.415919] PCI: Setting latency timer of device 0000:00:18.6 to 64
Oct  9 20:10:41 kernel: [   45.416011] PCI: Setting latency timer of device 0000:00:18.7 to 64
Oct  9 20:10:41 kernel: [   45.416029] NET: Registered protocol family 2
Oct  9 20:10:41 kernel: [   45.452243] IP route cache hash table entries: 16384 (order: 4, 65536 bytes)
Oct  9 20:10:41 kernel: [   45.452288] TCP established hash table entries: 65536 (order: 7, 786432 bytes)
Oct  9 20:10:41 kernel: [   45.456386] TCP bind hash table entries: 65536 (order: 7, 524288 bytes)
Oct  9 20:10:41 kernel: [   45.459286] TCP: Hash tables configured (established 65536 bind 65536)
Oct  9 20:10:41 kernel: [   45.459290] TCP reno registered
Oct  9 20:10:41 kernel: [   45.468230] checking if image is initramfs... it is
Oct  9 20:10:41 kernel: [   45.659918] Freeing initrd memory: 4942k freed
Oct  9 20:10:41 kernel: [   45.659999] Simple Boot Flag at 0x36 set to 0x1
Oct  9 20:10:41 kernel: [   45.660540] audit: initializing netlink socket (disabled)
Oct  9 20:10:41 kernel: [   45.660551] audit(1286655039.700:1): initialized
Oct  9 20:10:41 kernel: [   45.663096] VFS: Disk quotas dquot_6.5.1
Oct  9 20:10:41 kernel: [   45.663151] Dquot-cache hash table entries: 1024 (order 0, 4096 bytes)
Oct  9 20:10:41 kernel: [   45.663278] io scheduler noop registered
Oct  9 20:10:41 kernel: [   45.663280] io scheduler anticipatory registered
Oct  9 20:10:41 kernel: [   45.663282] io scheduler deadline registered
Oct  9 20:10:41 kernel: [   45.663290] io scheduler cfq registered (default)
Oct  9 20:10:41 kernel: [   45.663299] Limiting direct PCI/PCI transfers.
Oct  9 20:10:41 kernel: [   45.663316] Boot video device is 0000:00:0f.0
Oct  9 20:10:41 kernel: [   45.663484] PCI: Setting latency timer of device 0000:00:15.0 to 64
Oct  9 20:10:41 kernel: [   45.663871] assign_interrupt_mode Found MSI capability
Oct  9 20:10:41 kernel: [   45.663873] Allocate Port Service[0000:00:15.0:pcie00]
Oct  9 20:10:41 kernel: [   45.663922] Allocate Port Service[0000:00:15.0:pcie02]
Oct  9 20:10:41 kernel: [   45.664404] PCI: Setting latency timer of device 0000:00:15.1 to 64
Oct  9 20:10:41 kernel: [   45.664780] assign_interrupt_mode Found MSI capability
Oct  9 20:10:41 kernel: [   45.664781] Allocate Port Service[0000:00:15.1:pcie00]
Oct  9 20:10:41 kernel: [   45.664853] Allocate Port Service[0000:00:15.1:pcie02]
Oct  9 20:10:41 kernel: [   45.665323] PCI: Setting latency timer of device 0000:00:15.2 to 64
Oct  9 20:10:41 kernel: [   45.665698] assign_interrupt_mode Found MSI capability
Oct  9 20:10:41 kernel: [   45.665699] Allocate Port Service[0000:00:15.2:pcie00]
Oct  9 20:10:41 kernel: [   45.665767] Allocate Port Service[0000:00:15.2:pcie02]
Oct  9 20:10:41 kernel: [   45.666255] PCI: Setting latency timer of device 0000:00:15.3 to 64
Oct  9 20:10:41 kernel: [   45.666637] assign_interrupt_mode Found MSI capability
Oct  9 20:10:41 kernel: [   45.666639] Allocate Port Service[0000:00:15.3:pcie00]
Oct  9 20:10:41 kernel: [   45.666688] Allocate Port Service[0000:00:15.3:pcie02]
Oct  9 20:10:41 kernel: [   45.667157] PCI: Setting latency timer of device 0000:00:15.4 to 64
Oct  9 20:10:41 kernel: [   45.667531] assign_interrupt_mode Found MSI capability
Oct  9 20:10:41 kernel: [   45.667533] Allocate Port Service[0000:00:15.4:pcie00]
Oct  9 20:10:41 kernel: [   45.667581] Allocate Port Service[0000:00:15.4:pcie02]
Oct  9 20:10:41 kernel: [   45.668072] PCI: Setting latency timer of device 0000:00:15.5 to 64
Oct  9 20:10:41 kernel: [   45.668447] assign_interrupt_mode Found MSI capability
Oct  9 20:10:41 kernel: [   45.668449] Allocate Port Service[0000:00:15.5:pcie00]
Oct  9 20:10:41 kernel: [   45.668517] Allocate Port Service[0000:00:15.5:pcie02]
Oct  9 20:10:41 kernel: [   45.668991] PCI: Setting latency timer of device 0000:00:15.6 to 64
Oct  9 20:10:41 kernel: [   45.669373] assign_interrupt_mode Found MSI capability
Oct  9 20:10:41 kernel: [   45.669375] Allocate Port Service[0000:00:15.6:pcie00]
Oct  9 20:10:41 kernel: [   45.669443] Allocate Port Service[0000:00:15.6:pcie02]
Oct  9 20:10:41 kernel: [   45.669913] PCI: Setting latency timer of device 0000:00:15.7 to 64
Oct  9 20:10:41 kernel: [   45.670288] assign_interrupt_mode Found MSI capability
Oct  9 20:10:41 kernel: [   45.670292] Allocate Port Service[0000:00:15.7:pcie00]
Oct  9 20:10:41 kernel: [   45.670340] Allocate Port Service[0000:00:15.7:pcie02]
Oct  9 20:10:41 kernel: [   45.670809] PCI: Setting latency timer of device 0000:00:16.0 to 64
Oct  9 20:10:41 kernel: [   45.671184] assign_interrupt_mode Found MSI capability
Oct  9 20:10:41 kernel: [   45.671186] Allocate Port Service[0000:00:16.0:pcie00]
Oct  9 20:10:41 kernel: [   45.671276] Allocate Port Service[0000:00:16.0:pcie02]
Oct  9 20:10:41 kernel: [   45.671753] PCI: Setting latency timer of device 0000:00:16.1 to 64
Oct  9 20:10:41 kernel: [   45.672127] assign_interrupt_mode Found MSI capability
Oct  9 20:10:41 kernel: [   45.672129] Allocate Port Service[0000:00:16.1:pcie00]
Oct  9 20:10:41 kernel: [   45.672179] Allocate Port Service[0000:00:16.1:pcie02]
Oct  9 20:10:41 kernel: [   45.672671] PCI: Setting latency timer of device 0000:00:16.2 to 64
Oct  9 20:10:41 kernel: [   45.673045] assign_interrupt_mode Found MSI capability
Oct  9 20:10:41 kernel: [   45.673047] Allocate Port Service[0000:00:16.2:pcie00]
Oct  9 20:10:41 kernel: [   45.673096] Allocate Port Service[0000:00:16.2:pcie02]
Oct  9 20:10:41 kernel: [   45.673565] PCI: Setting latency timer of device 0000:00:16.3 to 64
Oct  9 20:10:41 kernel: [   45.673939] assign_interrupt_mode Found MSI capability
Oct  9 20:10:41 kernel: [   45.673941] Allocate Port Service[0000:00:16.3:pcie00]
Oct  9 20:10:41 kernel: [   45.674032] Allocate Port Service[0000:00:16.3:pcie02]
Oct  9 20:10:41 kernel: [   45.674505] PCI: Setting latency timer of device 0000:00:16.4 to 64
Oct  9 20:10:41 kernel: [   45.674880] assign_interrupt_mode Found MSI capability
Oct  9 20:10:41 kernel: [   45.674882] Allocate Port Service[0000:00:16.4:pcie00]
Oct  9 20:10:41 kernel: [   45.674930] Allocate Port Service[0000:00:16.4:pcie02]
Oct  9 20:10:41 kernel: [   45.675400] PCI: Setting latency timer of device 0000:00:16.5 to 64
Oct  9 20:10:41 kernel: [   45.675789] assign_interrupt_mode Found MSI capability
Oct  9 20:10:41 kernel: [   45.675791] Allocate Port Service[0000:00:16.5:pcie00]
Oct  9 20:10:41 kernel: [   45.675858] Allocate Port Service[0000:00:16.5:pcie02]
Oct  9 20:10:41 kernel: [   45.676332] PCI: Setting latency timer of device 0000:00:16.6 to 64
Oct  9 20:10:41 kernel: [   45.676715] assign_interrupt_mode Found MSI capability
Oct  9 20:10:41 kernel: [   45.676717] Allocate Port Service[0000:00:16.6:pcie00]
Oct  9 20:10:41 kernel: [   45.676785] Allocate Port Service[0000:00:16.6:pcie02]
Oct  9 20:10:41 kernel: [   45.677276] PCI: Setting latency timer of device 0000:00:16.7 to 64
Oct  9 20:10:41 kernel: [   45.677651] assign_interrupt_mode Found MSI capability
Oct  9 20:10:41 kernel: [   45.677653] Allocate Port Service[0000:00:16.7:pcie00]
Oct  9 20:10:41 kernel: [   45.677701] Allocate Port Service[0000:00:16.7:pcie02]
Oct  9 20:10:41 kernel: [   45.678172] PCI: Setting latency timer of device 0000:00:17.0 to 64
Oct  9 20:10:41 kernel: [   45.678547] assign_interrupt_mode Found MSI capability
Oct  9 20:10:41 kernel: [   45.678549] Allocate Port Service[0000:00:17.0:pcie00]
Oct  9 20:10:41 kernel: [   45.678597] Allocate Port Service[0000:00:17.0:pcie02]
Oct  9 20:10:41 kernel: [   45.679090] PCI: Setting latency timer of device 0000:00:17.1 to 64
Oct  9 20:10:41 kernel: [   45.679465] assign_interrupt_mode Found MSI capability
Oct  9 20:10:41 kernel: [   45.679467] Allocate Port Service[0000:00:17.1:pcie00]
Oct  9 20:10:41 kernel: [   45.679536] Allocate Port Service[0000:00:17.1:pcie02]
Oct  9 20:10:41 kernel: [   45.680022] PCI: Setting latency timer of device 0000:00:17.2 to 64
Oct  9 20:10:41 kernel: [   45.680397] assign_interrupt_mode Found MSI capability
Oct  9 20:10:41 kernel: [   45.680399] Allocate Port Service[0000:00:17.2:pcie00]
Oct  9 20:10:41 kernel: [   45.680467] Allocate Port Service[0000:00:17.2:pcie02]
Oct  9 20:10:41 kernel: [   45.680942] PCI: Setting latency timer of device 0000:00:17.3 to 64
Oct  9 20:10:41 kernel: [   45.681318] assign_interrupt_mode Found MSI capability
Oct  9 20:10:41 kernel: [   45.681319] Allocate Port Service[0000:00:17.3:pcie00]
Oct  9 20:10:41 kernel: [   45.681367] Allocate Port Service[0000:00:17.3:pcie02]
Oct  9 20:10:41 kernel: [   45.681846] PCI: Setting latency timer of device 0000:00:17.4 to 64
Oct  9 20:10:41 kernel: [   45.682222] assign_interrupt_mode Found MSI capability
Oct  9 20:10:41 kernel: [   45.682223] Allocate Port Service[0000:00:17.4:pcie00]
Oct  9 20:10:41 kernel: 00:17.4:pcie02]
Oct  9 20:10:41 kernel: [   45.682785] PCI: Setting latency timer of device 0000:00:17.5 to 64
Oct  9 20:10:41 kernel: [   45.683161] assign_interrupt_mode Found MSI capability
Oct  9 20:10:41 kernel: [   45.683162] Allocate Port Service[0000:00:17.5:pcie00]
Oct  9 20:10:41 kernel: [   45.683211] Allocate Port Service[0000:00:17.5:pcie02]
Oct  9 20:10:41 kernel: [   45.683710] PCI: Setting latency timer of device 0000:00:17.6 to 64
Oct  9 20:10:41 kernel: [   45.684088] assign_interrupt_mode Found MSI capability
Oct  9 20:10:41 kernel: [   45.684090] Allocate Port Service[0000:00:17.6:pcie00]
Oct  9 20:10:41 kernel: [   45.684142] Allocate Port Service[0000:00:17.6:pcie02]
Oct  9 20:10:41 kernel: [   45.684612] PCI: Setting latency timer of device 0000:00:17.7 to 64
Oct  9 20:10:41 kernel: [   45.684987] assign_interrupt_mode Found MSI capability
Oct  9 20:10:41 kernel: [   45.684990] Allocate Port Service[0000:00:17.7:pcie00]
Oct  9 20:10:41 kernel: [   45.685078] Allocate Port Service[0000:00:17.7:pcie02]
Oct  9 20:10:41 kernel: [   45.685553] PCI: Setting latency timer of device 0000:00:18.0 to 64
Oct  9 20:10:41 kernel: [   45.685928] assign_interrupt_mode Found MSI capability
Oct  9 20:10:41 kernel: [   45.685930] Allocate Port Service[0000:00:18.0:pcie00]
Oct  9 20:10:41 kernel: [   45.685978] Allocate Port Service[0000:00:18.0:pcie02]
Oct  9 20:10:41 kernel: [   45.686449] PCI: Setting latency timer of device 0000:00:18.1 to 64
Oct  9 20:10:41 kernel: [   45.686831] assign_interrupt_mode Found MSI capability
Oct  9 20:10:41 kernel: [   45.686833] Allocate Port Service[0000:00:18.1:pcie00]
Oct  9 20:10:41 kernel: [   45.686903] Allocate Port Service[0000:00:18.1:pcie02]
Oct  9 20:10:41 kernel: [   45.687376] PCI: Setting latency timer of device 0000:00:18.2 to 64
Oct  9 20:10:41 kernel: [   45.687761] assign_interrupt_mode Found MSI capability
Oct  9 20:10:41 kernel: [   45.687763] Allocate Port Service[0000:00:18.2:pcie00]
Oct  9 20:10:41 kernel: [   45.687833] Allocate Port Service[0000:00:18.2:pcie02]
Oct  9 20:10:41 kernel: [   45.688326] PCI: Setting latency timer of device 0000:00:18.3 to 64
Oct  9 20:10:41 kernel: [   45.688701] assign_interrupt_mode Found MSI capability
Oct  9 20:10:41 kernel: [   45.688703] Allocate Port Service[0000:00:18.3:pcie00]
Oct  9 20:10:41 kernel: [   45.688753] Allocate Port Service[0000:00:18.3:pcie02]
Oct  9 20:10:41 kernel: [   45.689226] PCI: Setting latency timer of device 0000:00:18.4 to 64
Oct  9 20:10:41 kernel: [   45.689602] assign_interrupt_mode Found MSI capability
Oct  9 20:10:41 kernel: [   45.689604] Allocate Port Service[0000:00:18.4:pcie00]
Oct  9 20:10:41 kernel: [   45.689654] Allocate Port Service[0000:00:18.4:pcie02]
Oct  9 20:10:41 kernel: [   45.690148] PCI: Setting latency timer of device 0000:00:18.5 to 64
Oct  9 20:10:41 kernel: [   45.690523] assign_interrupt_mode Found MSI capability
Oct  9 20:10:41 kernel: [   45.690525] Allocate Port Service[0000:00:18.5:pcie00]
Oct  9 20:10:41 kernel: [   45.690594] Allocate Port Service[0000:00:18.5:pcie02]
Oct  9 20:10:41 kernel: [   45.691067] PCI: Setting latency timer of device 0000:00:18.6 to 64
Oct  9 20:10:41 kernel: [   45.691442] assign_interrupt_mode Found MSI capability
Oct  9 20:10:41 kernel: [   45.691444] Allocate Port Service[0000:00:18.6:pcie00]
Oct  9 20:10:41 kernel: [   45.691522] Allocate Port Service[0000:00:18.6:pcie02]
Oct  9 20:10:41 kernel: [   45.692004] PCI: Setting latency timer of device 0000:00:18.7 to 64
Oct  9 20:10:41 kernel: [   45.692379] assign_interrupt_mode Found MSI capability
Oct  9 20:10:41 kernel: [   45.692381] Allocate Port Service[0000:00:18.7:pcie00]
Oct  9 20:10:41 kernel: [   45.692432] Allocate Port Service[0000:00:18.7:pcie02]
Oct  9 20:10:41 kernel: [   45.692967] isapnp: Scanning for PnP cards...
Oct  9 20:10:41 kernel: [   45.911217] Switched to high resolution mode on CPU 0
Oct  9 20:10:41 kernel: [   46.046383] isapnp: No Plug & Play device found
Oct  9 20:10:41 kernel: [   46.060854] Real Time Clock Driver v1.12ac
Oct  9 20:10:41 kernel: [   46.061004] Serial: 8250/16550 driver $Revision: 1.90 $ 4 ports, IRQ sharing enabled
Oct  9 20:10:41 kernel: [   46.061466] serial8250: ttyS0 at I/O 0x3f8 (irq = 4) is a 16550A
Oct  9 20:10:41 kernel: [   46.061898] serial8250: ttyS1 at I/O 0x2f8 (irq = 3) is a 16550A
Oct  9 20:10:41 kernel: [   46.062746] 00:09: ttyS0 at I/O 0x3f8 (irq = 4) is a 16550A
Oct  9 20:10:41 kernel: [   46.063167] 00:0a: ttyS1 at I/O 0x2f8 (irq = 3) is a 16550A
Oct  9 20:10:41 kernel: [   46.063793] RAMDISK driver initialized: 16 RAM disks of 65536K size 1024 blocksize
Oct  9 20:10:41 kernel: [   46.063916] input: Macintosh mouse button emulation as /class/input/input0
Oct  9 20:10:41 kernel: [   46.063967] PNP: PS/2 Controller [PNP0303:KBC,PNP0f13:MOUS] at 0x60,0x64 irq 1,12
Oct  9 20:10:41 kernel: [   46.575241] serio: i8042 KBD port at 0x60,0x64 irq 1
Oct  9 20:10:41 kernel: [   46.575248] serio: i8042 AUX port at 0x60,0x64 irq 12
Oct  9 20:10:41 kernel: [   46.575381] mice: PS/2 mouse device common for all mice
Oct  9 20:10:41 kernel: [   46.575521] EISA: Probing bus 0 at eisa.0
Oct  9 20:10:41 kernel: [   46.575546] Cannot allocate resource for EISA slot 1
Oct  9 20:10:41 kernel: [   46.575548] Cannot allocate resource for EISA slot 2
Oct  9 20:10:41 kernel: [   46.575549] Cannot allocate resource for EISA slot 3
Oct  9 20:10:41 kernel: .575551] Cannot allocate resource for EISA slot 4
Oct  9 20:10:41 kernel: [   46.575552] Cannot allocate resource for EISA slot 5
Oct  9 20:10:41 kernel: [   46.575554] Cannot allocate resource for EISA slot 6
Oct  9 20:10:41 kernel: [   46.575555] Cannot allocate resource for EISA slot 7
Oct  9 20:10:41 kernel: [   46.575557] Cannot allocate resource for EISA slot 8
Oct  9 20:10:41 kernel: [   46.575558] EISA: Detected 0 cards.
Oct  9 20:10:41 kernel: [   46.575599] TCP cubic registered
Oct  9 20:10:41 kernel: [   46.575606] NET: Registered protocol family 1
Oct  9 20:10:41 kernel: [   46.575617] Using IPI No-Shortcut mode
Oct  9 20:10:41 kernel: [   46.575835]   Magic number: 14:438:194
Oct  9 20:10:41 kernel: [   46.575855]   hash matches device ttys6
Oct  9 20:10:41 kernel: [   46.575896] Freeing unused kernel memory: 364k freed
Oct  9 20:10:41 kernel: [   46.580179] input: AT Translated Set 2 keyboard as /class/input/input1
Oct  9 20:10:41 kernel: [   46.686228] SCSI subsystem initialized
Oct  9 20:10:41 kernel: [   46.686303] libata version 2.21 loaded.
Oct  9 20:10:41 kernel: [   46.686372] ata_piix 0000:00:07.1: version 2.11
Oct  9 20:10:41 kernel: [   46.686598] scsi0 : ata_piix
Oct  9 20:10:41 kernel: [   46.686625] scsi1 : ata_piix
Oct  9 20:10:41 kernel: [   46.686641] ata1: PATA max UDMA/33 cmd 0x000101f0 ctl 0x000103f6 bmdma 0x000110c0 irq 14
Oct  9 20:10:41 kernel: [   46.686643] ata2: PATA max UDMA/33 cmd 0x00010170 ctl 0x00010376 bmdma 0x000110c8 irq 15
Oct  9 20:10:41 kernel: [   46.724103] input: ImPS/2 Generic Wheel Mouse as /class/input/input2
Oct  9 20:10:41 kernel: [   46.731141] Floppy drive(s): fd0 is 1.44M
Oct  9 20:10:41 kernel: [   46.746015] FDC 0 is a post-1991 82077
Oct  9 20:10:41 kernel: [   47.188241] ata2.00: ATAPI: VMware Virtual IDE CDROM Drive, 00000001, max UDMA/33
Oct  9 20:10:41 kernel: [   47.343854] ata2.00: configured for UDMA/33
Oct  9 20:10:41 kernel: [   47.344112] scsi 1:0:0:0: CD-ROM            NECVMWar VMware IDE CDR10 1.00 PQ: 0 ANSI: 5
Oct  9 20:10:41 kernel: [   47.347970] sr0: scsi3-mmc drive: 1x/1x xa/form2 cdda tray
Oct  9 20:10:41 kernel: [   47.347974] Uniform CD-ROM driver Revision: 3.20
Oct  9 20:10:41 kernel: [   47.348127] sr 1:0:0:0: Attached scsi CD-ROM sr0
Oct  9 20:10:41 kernel: [   47.348765] sr 1:0:0:0: Attached scsi generic sg0 type 5
Oct  9 20:10:41 kernel: [   47.407936] ACPI: Processor [CP00] (supports 8 throttling states)
Oct  9 20:10:41 kernel: [   47.536989] usbcore: registered new interface driver usbfs
Oct  9 20:10:41 kernel: [   47.537270] usbcore: registered new interface driver hub
Oct  9 20:10:41 kernel: [   47.537564] usbcore: registered new device driver usb
Oct  9 20:10:41 kernel: [   47.538253] usbcore: registered new interface driver usbkbd
Oct  9 20:10:41 kernel: [   47.538275] /build/buildd/linux-source-2.6.22-2.6.22/drivers/hid/usbhid/usbkbd.c: :USB HID Boot Protocol keyboard driver
Oct  9 20:10:41 kernel: [   47.539156] usbcore: registered new interface driver hiddev
Oct  9 20:10:41 kernel: [   47.539156] usbcore: registered new interface driver usbhid
Oct  9 20:10:41 kernel: [   47.539156] /build/buildd/linux-source-2.6.22-2.6.22/drivers/hid/usbhid/hid-core.c: v2.6:USB HID core driver
Oct  9 20:10:41 kernel: [   47.539850] usbcore: registered new interface driver usbserial
Oct  9 20:10:41 kernel: [   47.540118] /build/buildd/linux-source-2.6.22-2.6.22/drivers/usb/serial/usb-serial.c: USB Serial support registered for generic
Oct  9 20:10:41 kernel: [   47.540387] usbcore: registered new interface driver usbserial_generic
Oct  9 20:10:41 kernel: [   47.540390] /build/buildd/linux-source-2.6.22-2.6.22/drivers/usb/serial/usb-serial.c: USB Serial Driver core
Oct  9 20:10:41 kernel: [   47.574914] vga16fb: initializing
Oct  9 20:10:41 kernel: [   47.574918] vga16fb: mapped to 0xc00a0000
Oct  9 20:10:41 kernel: [   47.575070] fb0: VGA16 VGA frame buffer device
Oct  9 20:10:42 kernel: [   47.681809] Console: switching to colour frame buffer device 80x30
Oct  9 20:10:42 net/hw-detect.hotplug: Detected hotpluggable network interface lo
Oct  9 20:10:42 init: Starting pid 3464, console /dev/tty1: '/sbin/debian-installer'
Oct  9 20:10:42 init: Starting pid 3472, console /dev/tty4: '/usr/bin/tail'
Oct  9 20:10:42 debconf: Setting debconf/language to en
Oct  9 20:10:42 main-menu[3535]: DEBUG: resolver (libc6): package doesn't exist (ignored) 
Oct  9 20:10:42 main-menu[3535]: DEBUG: resolver (libnewt0.52): package doesn't exist (ignored) 
Oct  9 20:10:42 main-menu[3535]: INFO: Falling back to the package description for console-setup-udeb 
Oct  9 20:10:42 main-menu[3535]: INFO: Menu item 'localechooser' selected 
Oct  9 20:10:42 debconf: Setting debconf/language to en
Oct  9 20:10:44 localechooser: info: LANGNAME=English
Oct  9 20:10:44 localechooser: info: line=English;0;en;US;en_US.UTF-8;UTF-8;;kbd=lat0-sun16(utf8)
Oct  9 20:10:44 localechooser: info: Set debian-installer/language = 'en'
Oct  9 20:10:44 localechooser: info: Set debian-installer/locale = 'en_US.UTF-8'
Oct  9 20:10:44 localechooser: info: Set debian-installer/fallbacklocale = 'en_US.UTF-8'
Oct  9 20:10:44 localechooser: info: Set debian-installer/country = 'US'
Oct  9 20:10:44 localechooser: info: Set debian-installer/consoledisplay = 'kbd=lat0-sun16(utf8)'
Oct  9 20:10:44 debconf: Setting debconf/language to en
Oct  9 20:10:44 localechooser: info: Set debconf/language = 'en'
Oct  9 20:10:44 localechooser: info: Set countrychooser/country-name = 'United States'
Oct  9 20:10:45 localechooser: info: Set debian-installer/country = 'CA'
Oct  9 20:10:45 localechooser: info: Set debian-installer/locale = 'en_CA.UTF-8'
Oct  9 20:10:45 main-menu[3535]: DEBUG: resolver (libc6): package doesn't exist (ignored) 
Oct  9 20:10:45 main-menu[3535]: DEBUG: resolver (libnewt0.52): package doesn't exist (ignored) 
Oct  9 20:10:45 main-menu[3535]: INFO: Falling back to the package description for console-setup-udeb 
Oct  9 20:10:45 main-menu[3535]: INFO: Falling back to the package description for console-setup-udeb 
Oct  9 20:10:45 main-menu[3535]: INFO: Falling back to the package description for console-setup-udeb 
Oct  9 20:10:45 main-menu[3535]: INFO: Menu item 'console-setup-udeb' selected 
Oct  9 20:10:45 main-menu[3535]: INFO: Falling back to the package description for console-setup-pc-ekmap 
Oct  9 20:10:45 main-menu[3535]: INFO: Falling back to the package description for console-setup-pc-ekmap 
Oct  9 20:10:45 main-menu[3535]: WARNING **: Unable to set title for console-setup-udeb. 
Oct  9 20:10:50 main-menu[3535]: (process:4104): md5sum:  
Oct  9 20:10:50 main-menu[3535]: (process:4104): /etc/console-setup/boottime.kmap.gz 
Oct  9 20:10:50 main-menu[3535]: (process:4104): : No such file or directory 
Oct  9 20:10:50 main-menu[3535]: DEBUG: resolver (libc6): package doesn't exist (ignored) 
Oct  9 20:10:50 main-menu[3535]: DEBUG: resolver (libnewt0.52): package doesn't exist (ignored) 
Oct  9 20:10:50 main-menu[3535]: INFO: Falling back to the package description for console-setup-udeb 
Oct  9 20:10:50 main-menu[3535]: INFO: Falling back to the package description for console-setup-udeb 
Oct  9 20:10:50 main-menu[3535]: INFO: Menu item 'cdrom-detect' selected 
Oct  9 20:10:50 net/hw-detect.hotplug: Detected hotpluggable network interface lo
Oct  9 20:10:51 hw-detect: Detected module 'ide-core' for 'Linux IDE support'
Oct  9 20:10:51 kernel: [   56.775534] Uniform Multi-Platform E-IDE driver Revision: 7.00alpha2
Oct  9 20:10:51 kernel: [   56.775589] ide: Assuming 33MHz system bus speed for PIO modes; override with idebus=xx
Oct  9 20:10:51 hw-detect: insmod /lib/modules/2.6.22-14-generic/kernel/drivers/ide/ide-core.ko 
Oct  9 20:10:51 hw-detect: Detected module 'usb-storage' for 'USB storage'
Oct  9 20:10:51 kernel: [   56.786404] usbcore: registered new interface driver libusual
Oct  9 20:10:51 kernel: [   56.787312] Initializing USB Mass Storage driver...
Oct  9 20:10:51 kernel: [   56.787578] usbcore: registered new interface driver usb-storage
Oct  9 20:10:51 kernel: [   56.787615] USB Mass Storage support registered.
Oct  9 20:10:51 hw-detect: insmod /lib/modules/2.6.22-14-generic/kernel/drivers/usb/storage/libusual.ko 
Oct  9 20:10:51 hw-detect: insmod /lib/modules/2.6.22-14-generic/kernel/drivers/usb/storage/usb-storage.ko 
Oct  9 20:10:51 hw-detect: Detected module 'trm290' for 'IDE chipset support'
Oct  9 20:10:51 hw-detect: insmod /lib/modules/2.6.22-14-generic/kernel/drivers/ide/pci/trm290.ko 
Oct  9 20:10:51 hw-detect: Detected module 'sc1200' for 'IDE chipset support'
Oct  9 20:10:51 hw-detect: insmod /lib/modules/2.6.22-14-generic/kernel/drivers/ide/pci/sc1200.ko 
Oct  9 20:10:51 hw-detect: Detected module 'via82cxxx' for 'IDE chipset support'
Oct  9 20:10:51 hw-detect: insmod /lib/modules/2.6.22-14-generic/kernel/drivers/ide/pci/via82cxxx.ko 
Oct  9 20:10:51 hw-detect: Detected module 'opti621' for 'IDE chipset support'
Oct  9 20:10:51 hw-detect: insmod /lib/modules/2.6.22-14-generic/kernel/drivers/ide/pci/opti621.ko 
Oct  9 20:10:51 hw-detect: Detected module 'ns87415' for 'IDE chipset support'
Oct  9 20:10:51 hw-detect: insmod /lib/modules/2.6.22-14-generic/kernel/drivers/ide/pci/ns87415.ko 
Oct  9 20:10:51 hw-detect: Detected module 'hpt366' for 'IDE chipset support'
Oct  9 20:10:51 hw-detect: insmod /lib/modules/2.6.22-14-generic/kernel/drivers/ide/pci/hpt366.ko 
Oct  9 20:10:51 hw-detect: Detected module 'hpt34x' for 'IDE chipset support'
Oct  9 20:10:51 hw-detect: insmod /lib/modules/2.6.22-14-generic/kernel/drivers/ide/pci/hpt34x.ko 
Oct  9 20:10:51 hw-detect: Detected module 'cy82c693' for 'IDE chipset support'
Oct  9 20:10:51 hw-detect: insmod /lib/modules/2.6.22-14-generic/kernel/drivers/ide/pci/cy82c693.ko 
Oct  9 20:10:51 hw-detect: Detected module 'cs5535' for 'IDE chipset support'
Oct  9 20:10:51 hw-detect: insmod /lib/modules/2.6.22-14-generic/kernel/drivers/ide/pci/cs5535.ko 
Oct  9 20:10:51 hw-detect: Detected module 'cs5530' for 'IDE chipset support'
Oct  9 20:10:51 hw-detect: insmod /lib/modules/2.6.22-14-generic/kernel/drivers/ide/pci/cs5530.ko 
Oct  9 20:10:51 hw-detect: Detected module 'cmd64x' for 'IDE chipset support'
Oct  9 20:10:51 hw-detect: insmod /lib/modules/2.6.22-14-generic/kernel/drivers/ide/pci/cmd64x.ko 
Oct  9 20:10:51 hw-detect: Detected module 'atiixp' for 'IDE chipset support'
Oct  9 20:10:51 hw-detect: insmod /lib/modules/2.6.22-14-generic/kernel/drivers/ide/pci/atiixp.ko 
Oct  9 20:10:51 hw-detect: Detected module 'amd74xx' for 'IDE chipset support'
Oct  9 20:10:51 hw-detect: insmod /lib/modules/2.6.22-14-generic/kernel/drivers/ide/pci/amd74xx.ko 
Oct  9 20:10:51 hw-detect: Detected module 'alim15x3' for 'IDE chipset support'
Oct  9 20:10:51 hw-detect: insmod /lib/modules/2.6.22-14-generic/kernel/drivers/ide/pci/alim15x3.ko 
Oct  9 20:10:51 hw-detect: Detected module 'aec62xx' for 'IDE chipset support'
Oct  9 20:10:51 hw-detect: insmod /lib/modules/2.6.22-14-generic/kernel/drivers/ide/pci/aec62xx.ko 
Oct  9 20:10:51 hw-detect: Detected module 'pdc202xx_old' for 'IDE chipset support'
Oct  9 20:10:51 hw-detect: insmod /lib/modules/2.6.22-14-generic/kernel/drivers/ide/pci/pdc202xx_old.ko 
Oct  9 20:10:51 hw-detect: Detected module 'ide-generic' for 'Linux IDE support'
Oct  9 20:10:51 kernel: [   56.947883] ide0: I/O resource 0x3F6-0x3F6 not free.
Oct  9 20:10:51 kernel: [   56.947886] ide0: ports already in use, skipping probe
Oct  9 20:10:51 kernel: [   56.947887] ide1: I/O resource 0x376-0x376 not free.
Oct  9 20:10:51 kernel: [   56.947888] ide1: ports already in use, skipping probe
Oct  9 20:10:51 hw-detect: insmod /lib/modules/2.6.22-14-generic/kernel/drivers/ide/ide-generic.ko 
Oct  9 20:10:51 hw-detect: Detected module 'ide-floppy' for 'Linux IDE floppy'
Oct  9 20:10:51 kernel: [   56.957604] ide-floppy driver 0.99.newide
Oct  9 20:10:51 hw-detect: insmod /lib/modules/2.6.22-14-generic/kernel/drivers/ide/ide-floppy.ko 
Oct  9 20:10:51 hw-detect: Detected module 'ide-disk' for 'Linux ATA DISK'
Oct  9 20:10:51 hw-detect: insmod /lib/modules/2.6.22-14-generic/kernel/drivers/ide/ide-disk.ko 
Oct  9 20:10:51 hw-detect: Detected module 'ide-cd' for 'Linux ATAPI CD-ROM'
Oct  9 20:10:51 hw-detect: insmod /lib/modules/2.6.22-14-generic/kernel/drivers/ide/ide-cd.ko 
Oct  9 20:10:51 hw-detect: Detected module 'isofs' for 'Linux ISO 9660 filesystem'
Oct  9 20:10:51 hw-detect: insmod /lib/modules/2.6.22-14-generic/kernel/fs/isofs/isofs.ko 
Oct  9 20:10:51 kernel: [   57.008259] Intel ISA PCIC probe: not found.
Oct  9 20:10:51 hw-detect: Loading PCMCIA bridge driver module: i82365
Oct  9 20:10:51 apt-install: Queueing package udev for later installation
Oct  9 20:10:51 apt-install: Queueing package usbutils for later installation
Oct  9 20:10:51 apt-install: Queueing package acpi for later installation
Oct  9 20:10:51 apt-install: Queueing package acpid for later installation
Oct  9 20:10:51 apt-install: Queueing package eject for later installation
Oct  9 20:10:51 apt-install: Queueing package libc6-i686 for later installation
Oct  9 20:10:51 net/hw-detect.hotplug: Detected hotpluggable network interface lo
Oct  9 20:10:51 cdrom-detect: Searching for Ubuntu installation media...
Oct  9 20:10:51 kernel: [   57.606959] ISO 9660 Extensions: Microsoft Joliet Level 3
Oct  9 20:10:51 kernel: [   57.609852] Unable to load NLS charset cp437
Oct  9 20:10:51 kernel: [   57.612235] Unable to load NLS charset cp437
Oct  9 20:10:51 kernel: [   57.616972] ISO 9660 Extensions: RRIP_1991A
Oct  9 20:10:51 cdrom-detect: CD-ROM mount succeeded: device=/dev/scd0
Oct  9 20:10:51 cdrom-detect: Detected CD 'Ubuntu-Server 7.10 "Gutsy Gibbon" - Release i386 (20071016)'
Oct  9 20:10:53 cdrom-detect: Detected CD with 'gutsy' (gutsy) distribution
Oct  9 20:10:53 anna-install: Queueing udeb apt-mirror-setup for later installation
Oct  9 20:10:53 anna-install: Queueing udeb apt-cdrom-setup for later installation
Oct  9 20:10:53 main-menu[3535]: DEBUG: resolver (libc6): package doesn't exist (ignored) 
Oct  9 20:10:53 main-menu[3535]: DEBUG: resolver (libnewt0.52): package doesn't exist (ignored) 
Oct  9 20:10:53 main-menu[3535]: INFO: Falling back to the package description for console-setup-udeb 
Oct  9 20:10:53 main-menu[3535]: INFO: Falling back to the package description for console-setup-udeb 
Oct  9 20:10:53 main-menu[3535]: INFO: Menu item 'file-preseed' selected 
Oct  9 20:10:53 preseed: successfully loaded preseed file from file:///cdrom/preseed/ubuntu-server.seed
Oct  9 20:10:53 main-menu[3535]: DEBUG: resolver (libc6): package doesn't exist (ignored) 
Oct  9 20:10:53 main-menu[3535]: DEBUG: resolver (libnewt0.52): package doesn't exist (ignored) 
Oct  9 20:10:53 main-menu[3535]: INFO: Falling back to the package description for console-setup-udeb 
Oct  9 20:10:53 main-menu[3535]: INFO: Falling back to the package description for console-setup-udeb 
Oct  9 20:10:53 main-menu[3535]: INFO: Menu item 'load-cdrom' selected 
Oct  9 20:10:53 anna[8715]: DEBUG: install hw-detect, enhances installed packages hw-detect 
Oct  9 20:10:53 anna[8715]: DEBUG: install apt-cdrom-setup, queued by anna-install 
Oct  9 20:10:53 anna[8715]: DEBUG: install apt-mirror-setup, queued by anna-install 
Oct  9 20:10:53 anna[8715]: DEBUG: install apt-setup-udeb, priority >= standard 
Oct  9 20:10:53 anna[8715]: DEBUG: install base-installer, priority >= standard 
Oct  9 20:10:53 anna[8715]: DEBUG: install binutils-static-udeb, priority >= standard 
Oct  9 20:10:53 anna[8715]: DEBUG: ask for choose-mirror, is menu item 
Oct  9 20:10:53 anna[8715]: DEBUG: install clock-setup, priority >= standard 
Oct  9 20:10:53 anna[8715]: DEBUG: install di-utils-mapdevfs, priority >= standard 
Oct  9 20:10:53 anna[8715]: DEBUG: ask for eject-udeb, is menu item 
Oct  9 20:10:53 anna[8715]: DEBUG: install elilo-installer, priority >= standard 
Oct  9 20:10:53 anna[8715]: DEBUG: install finish-install, priority >= standard 
Oct  9 20:10:53 anna[8715]: DEBUG: ask for load-floppy, is menu item 
Oct  9 20:10:53 anna[8715]: DEBUG: install grub-installer, priority >= standard 
Oct  9 20:10:53 anna[8715]: DEBUG: install disk-detect, priority >= standard 
Oct  9 20:10:53 anna[8715]: DEBUG: ask for ethdetect, is menu item 
Oct  9 20:10:53 anna[8715]: DEBUG: ask for iso-scan, is menu item 
Oct  9 20:10:53 anna[8715]: DEBUG: ask for load-iso, is menu item 
Oct  9 20:10:53 anna[8715]: DEBUG: install lilo-installer, priority >= standard 
Oct  9 20:10:53 anna[8715]: DEBUG: ask for updates-modules-2.6.22-14-generic-di, matches kernel 
Oct  9 20:10:53 anna[8715]: DEBUG: install updates-modules-2.6.22-14-generic-di, priority >= standard 
Oct  9 20:10:53 anna[8715]: DEBUG: ask for block-modules-2.6.22-14-generic-di, matches kernel 
Oct  9 20:10:53 anna[8715]: DEBUG: install block-modules-2.6.22-14-generic-di, priority >= standard 
Oct  9 20:10:53 anna[8715]: DEBUG: ask for crypto-modules-2.6.22-14-generic-di, matches kernel 
Oct  9 20:10:53 anna[8715]: DEBUG: ask for fat-modules-2.6.22-14-generic-di, matches kernel 
Oct  9 20:10:53 anna[8715]: DEBUG: install fat-modules-2.6.22-14-generic-di, priority >= standard 
Oct  9 20:10:53 anna[8715]: DEBUG: ask for fs-core-modules-2.6.22-14-generic-di, matches kernel 
Oct  9 20:10:53 anna[8715]: DEBUG: install fs-core-modules-2.6.22-14-generic-di, priority >= standard 
Oct  9 20:10:53 anna[8715]: DEBUG: ask for fs-secondary-modules-2.6.22-14-generic-di, matches kernel 
Oct  9 20:10:53 anna[8715]: DEBUG: install fs-secondary-modules-2.6.22-14-generic-di, priority >= standard 
Oct  9 20:10:53 anna[8715]: DEBUG: ask for ipv6-modules-2.6.22-14-generic-di, matches kernel 
Oct  9 20:10:53 anna[8715]: DEBUG: install ipv6-modules-2.6.22-14-generic-di, priority >= standard 
Oct  9 20:10:53 anna[8715]: DEBUG: ask for irda-modules-2.6.22-14-generic-di, matches kernel 
Oct  9 20:10:53 anna[8715]: DEBUG: install irda-modules-2.6.22-14-generic-di, priority >= standard 
Oct  9 20:10:53 anna[8715]: DEBUG: ask for md-modules-2.6.22-14-generic-di, matches kernel 
Oct  9 20:10:53 anna[8715]: DEBUG: install md-modules-2.6.22-14-generic-di, priority >= standard 
Oct  9 20:10:53 anna[8715]: DEBUG: ask for message-modules-2.6.22-14-generic-di, matches kernel 
Oct  9 20:10:53 anna[8715]: DEBUG: install message-modules-2.6.22-14-generic-di, priority >= standard 
Oct  9 20:10:53 anna[8715]: DEBUG: ask for nfs-modules-2.6.22-14-generic-di, matches kernel 
Oct  9 20:10:53 anna[8715]: DEBUG: install nfs-modules-2.6.22-14-generic-di, priority >= standard 
Oct  9 20:10:53 anna[8715]: DEBUG: ask for nic-modules-2.6.22-14-generic-di, matches kernel 
Oct  9 20:10:53 anna[8715]: DEBUG: install nic-modules-2.6.22-14-generic-di, priority >= standard 
Oct  9 20:10:53 anna[8715]: DEBUG: ask for nic-pcmcia-modules-2.6.22-14-generic-di, matches kernel 
Oct  9 20:10:53 anna[8715]: DEBUG: install nic-pcmcia-modules-2.6.22-14-generic-di, priority >= standard 
Oct  9 20:10:53 anna[8715]: DEBUG: ask for nic-shared-modules-2.6.22-14-generic-di, matches kernel 
Oct  9 20:10:53 anna[8715]: DEBUG: install nic-shared-modules-2.6.22-14-generic-di, priority >= standard 
Oct  9 20:10:53 anna[8715]: DEBUG: ask for nic-usb-modules-2.6.22-14-generic-di, matches kernel 
Oct  9 20:10:53 anna[8715]: DEBUG: install nic-usb-modules-2.6.22-14-generic-di, priority >= standard 
Oct  9 20:10:53 anna[8715]: DEBUG: ask for parport-modules-2.6.22-14-generic-di, matches kernel 
Oct  9 20:10:53 anna[8715]: DEBUG: install parport-modules-2.6.22-14-generic-di, priority >= standard 
Oct  9 20:10:53 anna[8715]: DEBUG: ask for plip-modules-2.6.22-14-generic-di, matches kernel 
Oct  9 20:10:53 anna[8715]: DEBUG: install plip-modules-2.6.22-14-generic-di, priority >= standard 
Oct  9 20:10:53 anna[8715]: DEBUG: ask for ppp-modules-2.6.22-14-generic-di, matches kernel 
Oct  9 20:10:53 anna[8715]: DEBUG: install ppp-modules-2.6.22-14-generic-di, priority >= standard 
Oct  9 20:10:53 anna[8715]: DEBUG: ask for nic-firmware-2.6.22-14-generic-di, matches kernel 
Oct  9 20:10:53 anna[8715]: DEBUG: install nic-firmware-2.6.22-14-generic-di, priority >= standard 
Oct  9 20:10:53 anna[8715]: DEBUG: ask for ubuntu-modules-2.6.22-14-generic-di, matches kernel 
Oct  9 20:10:53 anna[8715]: DEBUG: install ubuntu-modules-2.6.22-14-generic-di, priority >= standard 
Oct  9 20:10:53 anna[8715]: DEBUG: ask for lowmem, is menu item 
Oct  9 20:10:53 anna[8715]: DEBUG: ask for lvmcfg, is menu item 
Oct  9 20:10:53 anna[8715]: DEBUG: ask for mdcfg, is menu item 
Oct  9 20:10:53 anna[8715]: DEBUG: ask for migration-assistant, is menu item 
Oct  9 20:10:53 anna[8715]: DEBUG: ask for download-installer, is menu item 
Oct  9 20:10:53 anna[8715]: DEBUG: ask for netcfg, is menu item 
Oct  9 20:10:53 anna[8715]: DEBUG: ask for network-console, is menu item 
Oct  9 20:10:53 anna[8715]: DEBUG: install nobootloader, priority >= standard 
Oct  9 20:10:53 anna[8715]: DEBUG: ask for oem-config-udeb, is menu item 
Oct  9 20:10:53 anna[8715]: DEBUG: ask for openssh-client-udeb, is menu item 
Oct  9 20:10:53 anna[8715]: DEBUG: install partman-auto-crypto, priority >= standard 
Oct  9 20:10:53 anna[8715]: DEBUG: install partman-auto-loop, priority >= standard 
Oct  9 20:10:53 anna[8715]: DEBUG: install partman-auto-lvm, priority >= standard 
Oct  9 20:10:53 anna[8715]: DEBUG: install partman-auto, priority >= standard 
Oct  9 20:10:53 anna[8715]: DEBUG: install partman-base, priority >= standard 
Oct  9 20:10:53 anna[8715]: DEBUG: install partman-basicfilesystems, priority >= standard 
Oct  9 20:10:53 anna[8715]: DEBUG: install partman-crypto-dm, priority >= standard 
Oct  9 20:10:53 anna[8715]: DEBUG: install partman-efi, priority >= standard 
Oct  9 20:10:53 anna[8715]: DEBUG: install partman-ext3, priority >= standard 
Oct  9 20:10:53 anna[8715]: DEBUG: install partman-jfs, priority >= standard 
Oct  9 20:10:53 anna[8715]: DEBUG: install partman-lvm, priority >= standard 
Oct  9 20:10:53 anna[8715]: DEBUG: install partman-md, priority >= standard 
Oct  9 20:10:53 anna[8715]: DEBUG: install partman-reiserfs, priority >= standard 
Oct  9 20:10:53 anna[8715]: DEBUG: install partman-target, priority >= standard 
Oct  9 20:10:53 anna[8715]: DEBUG: install partman-xfs, priority >= standard 
Oct  9 20:10:53 anna[8715]: DEBUG: install pkgsel, priority >= standard 
Oct  9 20:10:53 anna[8715]: DEBUG: ask for ppp-udeb, is menu item 
Oct  9 20:10:53 anna[8715]: DEBUG: install network-preseed, priority >= standard 
Oct  9 20:10:53 anna[8715]: DEBUG: install mkreiserfs-udeb, priority >= standard 
Oct  9 20:10:53 anna[8715]: DEBUG: ask for rescue-mode, is menu item 
Oct  9 20:10:53 anna[8715]: DEBUG: install tzsetup-udeb, priority >= standard 
Oct  9 20:10:53 anna[8715]: DEBUG: install usbutils-udeb, priority >= standard 
Oct  9 20:10:53 anna[8715]: DEBUG: install user-setup-udeb, priority >= standard 
Oct  9 20:10:53 anna[8715]: DEBUG: ask for nic-restricted-firmware-2.6.22-14-generic-di, matches kernel 
Oct  9 20:10:53 anna[8715]: DEBUG: install nic-restricted-firmware-2.6.22-14-generic-di, priority >= standard 
Oct  9 20:10:53 anna[8715]: DEBUG: ask for nic-restricted-modules-2.6.22-14-generic-di, matches kernel 
Oct  9 20:10:53 anna[8715]: DEBUG: install nic-restricted-modules-2.6.22-14-generic-di, priority >= standard 
Oct  9 20:10:53 anna[8715]: DEBUG: resolver (efi-modules): package doesn't exist (ignored) 
Oct  9 20:10:53 anna[8715]: DEBUG: resolver (libnewt0.52): package doesn't exist (ignored) 
Oct  9 20:10:53 anna[8715]: DEBUG: resolver (libnewt0.52): package doesn't exist (ignored) 
Oct  9 20:10:53 anna[8715]: DEBUG: resolver (efi-modules): package doesn't exist (ignored) 
Oct  9 20:10:55 main-menu[3535]: DEBUG: resolver (libnewt0.52): package doesn't exist (ignored) 
Oct  9 20:10:55 main-menu[3535]: DEBUG: resolver (efi-modules): package doesn't exist (ignored) 
Oct  9 20:10:55 main-menu[3535]: INFO: Falling back to the package description for console-setup-udeb 
Oct  9 20:10:55 main-menu[3535]: INFO: Falling back to the package description for console-setup-udeb 
Oct  9 20:10:55 main-menu[3535]: INFO: Menu item 'ethdetect' selected 
Oct  9 20:10:56 net/hw-detect.hotplug: Detected hotpluggable network interface lo
Oct  9 20:10:56 kernel: [   62.010683] Fusion MPT base driver 3.04.04
Oct  9 20:10:56 kernel: [   62.010685] Copyright (c) 1999-2007 LSI Logic Corporation
Oct  9 20:10:56 kernel: [   62.012221] Fusion MPT SPI Host driver 3.04.04
Oct  9 20:10:56 kernel: [   62.012306] ACPI: PCI Interrupt 0000:00:10.0[A] -> GSI 17 (level, low) -> IRQ 16
Oct  9 20:10:56 kernel: [   62.012443] mptbase: Initiating ioc0 bringup
Oct  9 20:10:56 kernel: [   62.042778] pcnet32.c:v1.33 27.Jun.2006 tsbogend@alpha.franken.de
Oct  9 20:10:56 kernel: [   62.184501] ioc0: 53C1030: Capabilities={Initiator}
Oct  9 20:10:56 kernel: [   62.242141] parport_pc 00:08: reported by Plug and Play ACPI
Oct  9 20:10:56 kernel: [   62.242388] parport0: PC-style at 0x378, irq 7 [PCSPP,TRISTATE]
Oct  9 20:10:56 kernel: [   62.362321] scsi2 : ioc0: LSI53C1030, FwRev=01032920h, Ports=1, MaxQ=128, IRQ=16
Oct  9 20:10:56 kernel: [   62.473753] scsi 2:0:0:0: Direct-Access     VMware,  VMware Virtual S 1.0  PQ: 0 ANSI: 2
Oct  9 20:10:56 kernel: [   62.473832]  target2:0:0: Beginning Domain Validation
Oct  9 20:10:56 kernel: [   62.474256]  target2:0:0: Domain Validation skipping write tests
Oct  9 20:10:56 kernel: [   62.474257]  target2:0:0: Ending Domain Validation
Oct  9 20:10:56 kernel: [   62.474334]  target2:0:0: FAST-40 WIDE SCSI 80.0 MB/s ST (25 ns, offset 127)
Oct  9 20:10:56 kernel: [   62.475236] scsi 2:0:0:0: Attached scsi generic sg1 type 0
Oct  9 20:10:56 kernel: [   62.475333] ACPI: PCI Interrupt 0000:02:00.0[A] -> GSI 18 (level, low) -> IRQ 17
Oct  9 20:10:56 kernel: [   62.475501] pcnet32: PCnet/PCI II 79C970A at 0x2000, 00 0c 29 fe 21 f1 assigned IRQ 17.
Oct  9 20:10:56 kernel: [   62.475845] eth0: registered as PCnet/PCI II 79C970A
Oct  9 20:10:56 kernel: [   62.475944] pcnet32: 1 cards_found.
Oct  9 20:10:56 kernel: [   62.485702] sd 2:0:0:0: [sda] 88080384 512-byte hardware sectors (45097 MB)
Oct  9 20:10:56 kernel: [   62.485773] sd 2:0:0:0: [sda] Write Protect is off
Oct  9 20:10:56 kernel: [   62.485775] sd 2:0:0:0: [sda] Mode Sense: 5d 00 00 00
Oct  9 20:10:56 kernel: [   62.485880] sd 2:0:0:0: [sda] Cache data unavailable
Oct  9 20:10:56 kernel: [   62.485882] sd 2:0:0:0: [sda] Assuming drive cache: write through
Oct  9 20:10:56 kernel: [   62.486001] sd 2:0:0:0: [sda] 88080384 512-byte hardware sectors (45097 MB)
Oct  9 20:10:56 kernel: [   62.486079] sd 2:0:0:0: [sda] Write Protect is off
Oct  9 20:10:56 kernel: [   62.486080] sd 2:0:0:0: [sda] Mode Sense: 5d 00 00 00
Oct  9 20:10:56 kernel: [   62.486176] sd 2:0:0:0: [sda] Cache data unavailable
Oct  9 20:10:56 kernel: [   62.486178] sd 2:0:0:0: [sda] Assuming drive cache: write through
Oct  9 20:10:56 kernel:  unknown partition table
Oct  9 20:10:56 kernel: [   62.486480] sd 2:0:0:0: [sda] Attached SCSI disk
Oct  9 20:10:56 net/hw-detect.hotplug: Detected hotpluggable network interface eth0
Oct  9 20:10:57 kernel: [   62.641021] Intel ISA PCIC probe: not found.
Oct  9 20:10:57 hw-detect: Loading PCMCIA bridge driver module: i82365
Oct  9 20:10:57 net/hw-detect.hotplug: Detected hotpluggable network interface eth0
Oct  9 20:10:57 net/hw-detect.hotplug: Detected hotpluggable network interface lo
Oct  9 20:10:57 main-menu[3535]: DEBUG: resolver (libnewt0.52): package doesn't exist (ignored) 
Oct  9 20:10:57 main-menu[3535]: DEBUG: resolver (efi-modules): package doesn't exist (ignored) 
Oct  9 20:10:57 main-menu[3535]: INFO: Falling back to the package description for console-setup-udeb 
Oct  9 20:10:57 main-menu[3535]: INFO: Falling back to the package description for console-setup-udeb 
Oct  9 20:10:57 main-menu[3535]: INFO: Menu item 'netcfg' selected 
Oct  9 20:10:57 kernel: [   63.432704] NET: Registered protocol family 17
Oct  9 20:10:57 dhclient: Internet Systems Consortium DHCP Client V3.0.5
Oct  9 20:10:57 dhclient: Copyright 2004-2006 Internet Systems Consortium.
Oct  9 20:10:57 dhclient: All rights reserved.
Oct  9 20:10:57 dhclient: For info, please visit http://www.isc.org/sw/dhcp/
Oct  9 20:10:57 dhclient: 
Oct  9 20:10:57 dhclient: can't create /var/state/dhcp/dhclient.leases: No such file or directory
Oct  9 20:10:58 kernel: [   63.437730] eth0: link up
Oct  9 20:10:59 dhclient: Listening on LPF/eth0/00:0c:29:fe:21:f1
Oct  9 20:10:59 dhclient: Sending on   LPF/eth0/00:0c:29:fe:21:f1
Oct  9 20:10:59 dhclient: Sending on   Socket/fallback
Oct  9 20:11:00 dhclient: DHCPDISCOVER on eth0 to 255.255.255.255 port 67 interval 7
Oct  9 20:11:00 dhclient: DHCPOFFER from 192.168.1.1
Oct  9 20:11:00 dhclient: DHCPREQUEST on eth0 to 255.255.255.255 port 67
Oct  9 20:11:00 dhclient: DHCPACK from 192.168.1.1
Oct  9 20:11:00 dhclient: can't create /var/state/dhcp/dhclient.leases: No such file or directory
Oct  9 20:11:00 dhclient: bound to 192.168.1.156 -- renewal in 266 seconds.
Oct  9 20:15:26 dhclient: DHCPREQUEST on eth0 to 192.168.1.1 port 67
Oct  9 20:15:26 dhclient: DHCPACK from 192.168.1.1
Oct  9 20:15:26 dhclient: can't create /var/state/dhcp/dhclient.leases: No such file or directory
Oct  9 20:15:26 dhclient: bound to 192.168.1.156 -- renewal in 246 seconds.
Oct  9 20:19:32 dhclient: DHCPREQUEST on eth0 to 192.168.1.1 port 67
Oct  9 20:19:32 dhclient: DHCPACK from 192.168.1.1
Oct  9 20:19:32 dhclient: can't create /var/state/dhcp/dhclient.leases: No such file or directory
Oct  9 20:19:32 dhclient: bound to 192.168.1.156 -- renewal in 274 seconds.
Oct  9 20:24:06 dhclient: DHCPREQUEST on eth0 to 192.168.1.1 port 67
Oct  9 20:24:06 dhclient: DHCPACK from 192.168.1.1
Oct  9 20:24:06 dhclient: can't create /var/state/dhcp/dhclient.leases: No such file or directory
Oct  9 20:24:06 dhclient: bound to 192.168.1.156 -- renewal in 264 seconds.
Oct  9 20:28:30 dhclient: DHCPREQUEST on eth0 to 192.168.1.1 port 67
Oct  9 20:28:30 dhclient: DHCPACK from 192.168.1.1
Oct  9 20:28:30 dhclient: can't create /var/state/dhcp/dhclient.leases: No such file or directory
Oct  9 20:28:30 dhclient: bound to 192.168.1.156 -- renewal in 278 seconds.
Oct  9 20:33:08 dhclient: DHCPREQUEST on eth0 to 192.168.1.1 port 67
Oct  9 20:33:08 dhclient: DHCPACK from 192.168.1.1
Oct  9 20:33:08 dhclient: can't create /var/state/dhcp/dhclient.leases: No such file or directory
Oct  9 20:33:08 dhclient: bound to 192.168.1.156 -- renewal in 241 seconds.
Oct  9 20:37:09 dhclient: DHCPREQUEST on eth0 to 192.168.1.1 port 67
Oct  9 20:37:09 dhclient: DHCPACK from 192.168.1.1
Oct  9 20:37:09 dhclient: can't create /var/state/dhcp/dhclient.leases: No such file or directory
Oct  9 20:37:09 dhclient: bound to 192.168.1.156 -- renewal in 258 seconds.
Oct  9 20:41:27 dhclient: DHCPREQUEST on eth0 to 192.168.1.1 port 67
Oct  9 20:41:27 dhclient: DHCPACK from 192.168.1.1
Oct  9 20:41:27 dhclient: can't create /var/state/dhcp/dhclient.leases: No such file or directory
Oct  9 20:41:27 dhclient: bound to 192.168.1.156 -- renewal in 240 seconds.
Oct  9 20:45:27 dhclient: DHCPREQUEST on eth0 to 192.168.1.1 port 67
Oct  9 20:45:27 dhclient: DHCPACK from 192.168.1.1
Oct  9 20:45:27 dhclient: can't create /var/state/dhcp/dhclient.leases: No such file or directory
Oct  9 20:45:27 dhclient: bound to 192.168.1.156 -- renewal in 226 seconds.
Oct  9 20:49:13 dhclient: DHCPREQUEST on eth0 to 192.168.1.1 port 67
Oct  9 20:49:13 dhclient: DHCPACK from 192.168.1.1
Oct  9 20:49:13 dhclient: can't create /var/state/dhcp/dhclient.leases: No such file or directory
Oct  9 20:49:13 dhclient: bound to 192.168.1.156 -- renewal in 268 seconds.
Oct  9 20:53:41 dhclient: DHCPREQUEST on eth0 to 192.168.1.1 port 67
Oct  9 20:53:41 dhclient: DHCPACK from 192.168.1.1
Oct  9 20:53:41 dhclient: can't create /var/state/dhcp/dhclient.leases: No such file or directory
Oct  9 20:53:41 dhclient: bound to 192.168.1.156 -- renewal in 288 seconds.
Oct  9 20:58:29 dhclient: DHCPREQUEST on eth0 to 192.168.1.1 port 67
Oct  9 20:58:29 dhclient: DHCPACK from 192.168.1.1
Oct  9 20:58:29 dhclient: can't create /var/state/dhcp/dhclient.leases: No such file or directory
Oct  9 20:58:29 dhclient: bound to 192.168.1.156 -- renewal in 254 seconds.
Oct  9 21:02:43 dhclient: DHCPREQUEST on eth0 to 192.168.1.1 port 67
Oct  9 21:02:43 dhclient: DHCPACK from 192.168.1.1
Oct  9 21:02:43 dhclient: can't create /var/state/dhcp/dhclient.leases: No such file or directory
Oct  9 21:02:43 dhclient: bound to 192.168.1.156 -- renewal in 242 seconds.
Oct  9 21:06:45 dhclient: DHCPREQUEST on eth0 to 192.168.1.1 port 67
Oct  9 21:06:45 dhclient: DHCPACK from 192.168.1.1
Oct  9 21:06:45 dhclient: can't create /var/state/dhcp/dhclient.leases: No such file or directory
Oct  9 21:06:45 dhclient: bound to 192.168.1.156 -- renewal in 246 seconds.
Oct  9 21:10:51 dhclient: DHCPREQUEST on eth0 to 192.168.1.1 port 67
Oct  9 21:10:51 dhclient: DHCPACK from 192.168.1.1
Oct  9 21:10:51 dhclient: can't create /var/state/dhcp/dhclient.leases: No such file or directory
Oct  9 21:10:51 dhclient: bound to 192.168.1.156 -- renewal in 229 seconds.
Oct  9 21:14:40 dhclient: DHCPREQUEST on eth0 to 192.168.1.1 port 67
Oct  9 21:14:40 dhclient: DHCPACK from 192.168.1.1
Oct  9 21:14:40 dhclient: can't create /var/state/dhcp/dhclient.leases: No such file or directory
Oct  9 21:14:40 dhclient: bound to 192.168.1.156 -- renewal in 285 seconds.
Oct  9 21:19:25 dhclient: DHCPREQUEST on eth0 to 192.168.1.1 port 67
Oct  9 21:19:25 dhclient: DHCPACK from 192.168.1.1
Oct  9 21:19:25 dhclient: can't create /var/state/dhcp/dhclient.leases: No such file or directory
Oct  9 21:19:25 dhclient: bound to 192.168.1.156 -- renewal in 299 seconds.
Oct  9 21:24:24 dhclient: DHCPREQUEST on eth0 to 192.168.1.1 port 67
Oct  9 21:24:24 dhclient: DHCPACK from 192.168.1.1
Oct  9 21:24:24 dhclient: can't create /var/state/dhcp/dhclient.leases: No such file or directory
Oct  9 21:24:24 dhclient: bound to 192.168.1.156 -- renewal in 278 seconds.
Oct  9 21:29:02 dhclient: DHCPREQUEST on eth0 to 192.168.1.1 port 67
Oct  9 21:29:02 dhclient: DHCPACK from 192.168.1.1
Oct  9 21:29:02 dhclient: can't create /var/state/dhcp/dhclient.leases: No such file or directory
Oct  9 21:29:02 dhclient: bound to 192.168.1.156 -- renewal in 294 seconds.
Oct  9 21:33:56 dhclient: DHCPREQUEST on eth0 to 192.168.1.1 port 67
Oct  9 21:33:56 dhclient: DHCPACK from 192.168.1.1
Oct  9 21:33:56 dhclient: can't create /var/state/dhcp/dhclient.leases: No such file or directory
Oct  9 21:33:56 dhclient: bound to 192.168.1.156 -- renewal in 261 seconds.
Oct  9 21:38:17 dhclient: DHCPREQUEST on eth0 to 192.168.1.1 port 67
Oct  9 21:38:17 dhclient: DHCPACK from 192.168.1.1
Oct  9 21:38:17 dhclient: can't create /var/state/dhcp/dhclient.leases: No such file or directory
Oct  9 21:38:17 dhclient: bound to 192.168.1.156 -- renewal in 287 seconds.
Oct  9 21:43:04 dhclient: DHCPREQUEST on eth0 to 192.168.1.1 port 67
Oct  9 21:43:04 dhclient: DHCPACK from 192.168.1.1
Oct  9 21:43:04 dhclient: can't create /var/state/dhcp/dhclient.leases: No such file or directory
Oct  9 21:43:04 dhclient: can't create /var/state/dhcp/dhclient.leases: No such file or directory
Oct  9 21:43:04 dhclient: bound to 192.168.1.156 -- renewal in 273 seconds.
Oct  9 21:47:37 dhclient: DHCPREQUEST on eth0 to 192.168.1.1 port 67
Oct  9 21:47:37 dhclient: DHCPACK from 192.168.1.1
Oct  9 21:47:37 dhclient: can't create /var/state/dhcp/dhclient.leases: No such file or directory
Oct  9 21:47:37 dhclient: bound to 192.168.1.156 -- renewal in 232 seconds.
Oct  9 21:51:29 dhclient: DHCPREQUEST on eth0 to 192.168.1.1 port 67
Oct  9 21:51:29 dhclient: DHCPACK from 192.168.1.1
Oct  9 21:51:29 dhclient: can't create /var/state/dhcp/dhclient.leases: No such file or directory
Oct  9 21:51:29 dhclient: bound to 192.168.1.156 -- renewal in 258 seconds.
Oct  9 21:55:47 dhclient: DHCPREQUEST on eth0 to 192.168.1.1 port 67
Oct  9 21:55:47 dhclient: DHCPACK from 192.168.1.1
Oct  9 21:55:47 dhclient: can't create /var/state/dhcp/dhclient.leases: No such file or directory
Oct  9 21:55:47 dhclient: bound to 192.168.1.156 -- renewal in 297 seconds.
Oct  9 22:00:44 dhclient: DHCPREQUEST on eth0 to 192.168.1.1 port 67
Oct  9 22:00:44 dhclient: DHCPACK from 192.168.1.1
Oct  9 22:00:44 dhclient: can't create /var/state/dhcp/dhclient.leases: No such file or directory
Oct  9 22:00:44 dhclient: bound to 192.168.1.156 -- renewal in 267 seconds.
Oct  9 22:05:11 dhclient: DHCPREQUEST on eth0 to 192.168.1.1 port 67
Oct  9 22:05:11 dhclient: DHCPACK from 192.168.1.1
Oct  9 22:05:11 dhclient: can't create /var/state/dhcp/dhclient.leases: No such file or directory
Oct  9 22:05:11 dhclient: bound to 192.168.1.156 -- renewal in 228 seconds.
Oct  9 22:08:59 dhclient: DHCPREQUEST on eth0 to 192.168.1.1 port 67
Oct  9 22:08:59 dhclient: DHCPACK from 192.168.1.1
Oct  9 22:08:59 dhclient: can't create /var/state/dhcp/dhclient.leases: No such file or directory
Oct  9 22:08:59 dhclient: bound to 192.168.1.156 -- renewal in 247 seconds.
Oct  9 22:13:06 dhclient: DHCPREQUEST on eth0 to 192.168.1.1 port 67
Oct  9 22:13:06 dhclient: DHCPACK from 192.168.1.1
Oct  9 22:13:06 dhclient: can't create /var/state/dhcp/dhclient.leases: No such file or directory
Oct  9 22:13:06 dhclient: bound to 192.168.1.156 -- renewal in 267 seconds.
Oct  9 22:17:33 dhclient: DHCPREQUEST on eth0 to 192.168.1.1 port 67
Oct  9 22:17:33 dhclient: DHCPACK from 192.168.1.1
Oct  9 22:17:33 dhclient: can't create /var/state/dhcp/dhclient.leases: No such file or directory
Oct  9 22:17:33 dhclient: bound to 192.168.1.156 -- renewal in 281 seconds.
Oct  9 22:22:14 dhclient: DHCPREQUEST on eth0 to 192.168.1.1 port 67
Oct  9 22:22:14 dhclient: DHCPACK from 192.168.1.1
Oct  9 22:22:14 dhclient: can't create /var/state/dhcp/dhclient.leases: No such file or directory
Oct  9 22:22:14 dhclient: bound to 192.168.1.156 -- renewal in 279 seconds.
Oct  9 22:26:53 dhclient: DHCPREQUEST on eth0 to 192.168.1.1 port 67
Oct  9 22:26:53 dhclient: DHCPACK from 192.168.1.1
Oct  9 22:26:53 dhclient: can't create /var/state/dhcp/dhclient.leases: No such file or directory
Oct  9 22:26:53 dhclient: bound to 192.168.1.156 -- renewal in 287 seconds.
Oct  9 22:31:40 dhclient: DHCPREQUEST on eth0 to 192.168.1.1 port 67
Oct  9 22:31:40 dhclient: DHCPACK from 192.168.1.1
Oct  9 22:31:40 dhclient: can't create /var/state/dhcp/dhclient.leases: No such file or directory
Oct  9 22:31:40 dhclient: bound to 192.168.1.156 -- renewal in 254 seconds.
Oct  9 22:35:54 dhclient: DHCPREQUEST on eth0 to 192.168.1.1 port 67
Oct  9 22:35:54 dhclient: DHCPACK from 192.168.1.1
Oct  9 22:35:54 dhclient: can't create /var/state/dhcp/dhclient.leases: No such file or directory
Oct  9 22:35:54 dhclient: bound to 192.168.1.156 -- renewal in 234 seconds.
Oct  9 22:39:48 dhclient: DHCPREQUEST on eth0 to 192.168.1.1 port 67
Oct  9 22:39:48 dhclient: DHCPACK from 192.168.1.1
Oct  9 22:39:48 dhclient: can't create /var/state/dhcp/dhclient.leases: No such file or directory
Oct  9 22:39:48 dhclient: bound to 192.168.1.156 -- renewal in 264 seconds.
Oct  9 22:44:12 dhclient: DHCPREQUEST on eth0 to 192.168.1.1 port 67
Oct  9 22:44:12 dhclient: DHCPACK from 192.168.1.1
Oct  9 22:44:12 dhclient: can't create /var/state/dhcp/dhclient.leases: No such file or directory
Oct  9 22:44:12 dhclient: bound to 192.168.1.156 -- renewal in 291 seconds.
Oct  9 22:49:03 dhclient: DHCPREQUEST on eth0 to 192.168.1.1 port 67
Oct  9 22:49:03 dhclient: DHCPACK from 192.168.1.1
Oct  9 22:49:03 dhclient: can't create /var/state/dhcp/dhclient.leases: No such file or directory
Oct  9 22:49:03 dhclient: bound to 192.168.1.156 -- renewal in 242 seconds.
Oct  9 22:53:05 dhclient: DHCPREQUEST on eth0 to 192.168.1.1 port 67
Oct  9 22:53:05 dhclient: DHCPACK from 192.168.1.1
Oct  9 22:53:05 dhclient: can't create /var/state/dhcp/dhclient.leases: No such file or directory
Oct  9 22:53:05 dhclient: bound to 192.168.1.156 -- renewal in 241 seconds.
Oct  9 22:57:06 dhclient: DHCPREQUEST on eth0 to 192.168.1.1 port 67
Oct  9 22:57:06 dhclient: DHCPACK from 192.168.1.1
Oct  9 22:57:06 dhclient: can't create /var/state/dhcp/dhclient.leases: No such file or directory
Oct  9 22:57:06 dhclient: bound to 192.168.1.156 -- renewal in 298 seconds.
Oct  9 23:02:04 dhclient: DHCPREQUEST on eth0 to 192.168.1.1 port 67
Oct  9 23:02:04 dhclient: DHCPACK from 192.168.1.1
Oct  9 23:02:04 dhclient: can't create /var/state/dhcp/dhclient.leases: No such file or directory
Oct  9 23:02:04 dhclient: bound to 192.168.1.156 -- renewal in 228 seconds.
Oct  9 23:05:52 dhclient: DHCPREQUEST on eth0 to 192.168.1.1 port 67
Oct  9 23:05:52 dhclient: DHCPACK from 192.168.1.1
Oct  9 23:05:52 dhclient: can't create /var/state/dhcp/dhclient.leases: No such file or directory
Oct  9 23:05:52 dhclient: bound to 192.168.1.156 -- renewal in 258 seconds.
Oct  9 23:10:10 dhclient: DHCPREQUEST on eth0 to 192.168.1.1 port 67
Oct  9 23:10:10 dhclient: DHCPACK from 192.168.1.1
Oct  9 23:10:10 dhclient: can't create /var/state/dhcp/dhclient.leases: No such file or directory
Oct  9 23:10:10 dhclient: bound to 192.168.1.156 -- renewal in 262 seconds.
Oct  9 23:14:32 dhclient: DHCPREQUEST on eth0 to 192.168.1.1 port 67
Oct  9 23:14:32 dhclient: DHCPACK from 192.168.1.1
Oct  9 23:14:32 dhclient: can't create /var/state/dhcp/dhclient.leases: No such file or directory
Oct  9 23:14:32 dhclient: bound to 192.168.1.156 -- renewal in 237 seconds.
Oct  9 23:18:29 dhclient: DHCPREQUEST on eth0 to 192.168.1.1 port 67
Oct  9 23:18:29 dhclient: DHCPACK from 192.168.1.1
Oct  9 23:18:29 dhclient: can't create /var/state/dhcp/dhclient.leases: No such file or directory
Oct  9 23:18:29 dhclient: can't create /var/state/dhcp/dhclient.leases: No such file or directory
Oct  9 23:18:29 dhclient: bound to 192.168.1.156 -- renewal in 253 seconds.
Oct  9 23:22:42 dhclient: DHCPREQUEST on eth0 to 192.168.1.1 port 67
Oct  9 23:22:42 dhclient: DHCPACK from 192.168.1.1
Oct  9 23:22:42 dhclient: can't create /var/state/dhcp/dhclient.leases: No such file or directory
Oct  9 23:22:42 dhclient: bound to 192.168.1.156 -- renewal in 236 seconds.
Oct  9 23:23:18 main-menu[3535]: (process:14140): Internet Systems Consortium DHCP Client V3.0.5 
Oct  9 23:23:18 main-menu[3535]: (process:14140): Copyright 2004-2006 Internet Systems Consortium. 
Oct  9 23:23:18 main-menu[3535]: (process:14140): All rights reserved. 
Oct  9 23:23:18 main-menu[3535]: (process:14140): For info, please visit http://www.isc.org/sw/dhcp/ 
Oct  9 23:23:18 main-menu[3535]: (process:14140):  
Oct  9 23:23:18 main-menu[3535]: (process:14140): can't create /var/state/dhcp/dhclient.leases: No such file or directory 
Oct  9 23:23:18 main-menu[3535]: (process:14140): Listening on LPF/eth0/00:0c:29:fe:21:f1 
Oct  9 23:23:18 main-menu[3535]: (process:14140): Sending on   LPF/eth0/00:0c:29:fe:21:f1 
Oct  9 23:23:18 main-menu[3535]: (process:14140): Sending on   Socket/fallback 
Oct  9 23:23:18 main-menu[3535]: (process:14140): DHCPDISCOVER on eth0 to 255.255.255.255 port 67 interval 7 
Oct  9 23:23:18 main-menu[3535]: (process:14140): DHCPOFFER from 192.168.1.1 
Oct  9 23:23:18 main-menu[3535]: (process:14140): DHCPREQUEST on eth0 to 255.255.255.255 port 67 
Oct  9 23:23:18 main-menu[3535]: (process:14140): DHCPACK from 192.168.1.1 
Oct  9 23:23:18 main-menu[3535]: (process:14140): can't create /var/state/dhcp/dhclient.leases: No such file or directory 
Oct  9 23:23:18 main-menu[3535]: (process:14140): bound to 192.168.1.156 -- renewal in 266 seconds. 
Oct  9 23:23:18 main-menu[3535]: DEBUG: resolver (libnewt0.52): package doesn't exist (ignored) 
Oct  9 23:23:18 main-menu[3535]: DEBUG: resolver (efi-modules): package doesn't exist (ignored) 
Oct  9 23:23:18 main-menu[3535]: INFO: Falling back to the package description for console-setup-udeb 
Oct  9 23:23:18 main-menu[3535]: INFO: Falling back to the package description for console-setup-udeb 
Oct  9 23:23:18 main-menu[3535]: INFO: Menu item 'disk-detect' selected 
Oct  9 23:23:18 net/hw-detect.hotplug: Detected hotpluggable network interface eth0
Oct  9 23:23:18 net/hw-detect.hotplug: Detected hotpluggable network interface lo
Oct  9 23:23:18 kernel: [11576.765628] Intel ISA PCIC probe: not found.
Oct  9 23:23:18 hw-detect: Loading PCMCIA bridge driver module: i82365
Oct  9 23:23:18 net/hw-detect.hotplug: Detected hotpluggable network interface eth0
Oct  9 23:23:18 net/hw-detect.hotplug: Detected hotpluggable network interface lo
Oct  9 23:23:19 kernel: [11577.533092] end_request: I/O error, dev fd0, sector 0
Oct  9 23:23:19 kernel: [11577.555561] end_request: I/O error, dev fd0, sector 0
Oct  9 23:23:19 main-menu[3535]: DEBUG: resolver (libnewt0.52): package doesn't exist (ignored) 
Oct  9 23:23:19 main-menu[3535]: DEBUG: resolver (efi-modules): package doesn't exist (ignored) 
Oct  9 23:23:19 main-menu[3535]: INFO: Falling back to the package description for console-setup-udeb 
Oct  9 23:23:19 main-menu[3535]: INFO: Falling back to the package description for console-setup-udeb 
Oct  9 23:23:19 main-menu[3535]: INFO: Menu item 'partman-base' selected 
Oct  9 23:23:19 kernel: [11577.751440] fuse init (API version 7.8)
Oct  9 23:23:19 kernel: [11577.807887] JFS: nTxBlock = 4030, nTxLock = 32240
Oct  9 23:23:19 kernel: [11577.862791] SGI XFS with ACLs, security attributes, realtime, large block numbers, no debug enabled
Oct  9 23:23:19 kernel: [11577.864919] SGI XFS Quota Management subsystem
Oct  9 23:23:19 kernel: [11577.894779] end_request: I/O error, dev fd0, sector 0
Oct  9 23:23:19 kernel: [11577.914746] end_request: I/O error, dev fd0, sector 0
Oct  9 23:23:19 partman:   No matching physical volumes found
Oct  9 23:23:19 partman:   Reading all physical volumes.  This may take a while...
Oct  9 23:23:19 partman:   No volume groups found
Oct  9 23:26:38 dhclient: DHCPREQUEST on eth0 to 192.168.1.1 port 67
Oct  9 23:26:38 dhclient: DHCPACK from 192.168.1.1
Oct  9 23:26:38 dhclient: can't create /var/state/dhcp/dhclient.leases: No such file or directory
Oct  9 23:26:38 dhclient: bound to 192.168.1.156 -- renewal in 233 seconds.
Oct  9 23:27:54 net/hw-detect.hotplug: Detected hotpluggable network interface eth0
Oct  9 23:27:54 net/hw-detect.hotplug: Detected hotpluggable network interface lo
Oct  9 23:27:55 kernel: [11852.475200] Adding 1951888k swap on /dev/sda2.  Priority:-1 extents:1 across:1951888k
Oct  9 23:27:56 kernel: [11853.914264] XFS mounting filesystem sda3
Oct  9 23:27:56 kernel: [11853.935340] Ending clean XFS mount for filesystem: sda3
Oct  9 23:27:56 apt-install: Queueing package e2fsprogs for later installation
Oct  9 23:27:56 apt-install: Queueing package xfsprogs for later installation
Oct  9 23:27:56 main-menu[3535]: (process:17845): mkdir:  
Oct  9 23:27:56 main-menu[3535]: (process:17845): Cannot create directory `2508710400-45090984959/options' 
Oct  9 23:27:56 main-menu[3535]: (process:17845): : File exists 
Oct  9 23:27:56 main-menu[3535]: DEBUG: resolver (libnewt0.52): package doesn't exist (ignored) 
Oct  9 23:27:56 main-menu[3535]: DEBUG: resolver (efi-modules): package doesn't exist (ignored) 
Oct  9 23:27:56 main-menu[3535]: INFO: Falling back to the package description for console-setup-udeb 
Oct  9 23:27:57 main-menu[3535]: INFO: Falling back to the package description for console-setup-udeb 
Oct  9 23:27:57 main-menu[3535]: INFO: Menu item 'tzsetup-udeb' selected 
Oct  9 23:27:59 main-menu[3535]: DEBUG: resolver (libnewt0.52): package doesn't exist (ignored) 
Oct  9 23:27:59 main-menu[3535]: DEBUG: resolver (efi-modules): package doesn't exist (ignored) 
Oct  9 23:27:59 main-menu[3535]: INFO: Falling back to the package description for console-setup-udeb 
Oct  9 23:27:59 main-menu[3535]: INFO: Falling back to the package description for console-setup-udeb 
Oct  9 23:27:59 main-menu[3535]: INFO: Menu item 'clock-setup' selected 
Oct  9 23:27:59 anna-install: Installing ext2-modules
Oct  9 23:27:59 anna-install: Installing ext3-modules
Oct  9 23:27:59 anna-install: Installing reiserfs-modules
Oct  9 23:27:59 anna-install: Installing xfs-modules
Oct  9 23:27:59 anna-install: Installing jfs-modules
Oct  9 23:27:59 anna-install: Installing msdos-modules
Oct  9 23:27:59 os-prober: unknown udeb msdos-modules
Oct  9 23:27:59 anna-install: Installing vfat-modules
Oct  9 23:27:59 os-prober: unknown udeb vfat-modules
Oct  9 23:27:59 anna-install: Installing ntfs-modules
Oct  9 23:27:59 anna-install: Installing minix-modules
Oct  9 23:27:59 os-prober: unknown udeb minix-modules
Oct  9 23:27:59 anna-install: Installing hfs-modules
Oct  9 23:27:59 anna-install: Installing hfsplus-modules
Oct  9 23:27:59 os-prober: unknown udeb hfsplus-modules
Oct  9 23:27:59 anna-install: Installing qnx4-modules
Oct  9 23:27:59 os-prober: unknown udeb qnx4-modules
Oct  9 23:27:59 anna-install: Installing ufs-modules
Oct  9 23:27:59 anna-install: Installing fs-core-modules
Oct  9 23:27:59 anna-install: Installing fs-secondary-modules
Oct  9 23:27:59 kernel: [11857.257035] NTFS driver 2.1.28 [Flags: R/O MODULE].
Oct  9 23:27:59 os-prober: File descriptor 3 left open
Oct  9 23:27:59 os-prober: File descriptor 4 left open
Oct  9 23:27:59 os-prober: File descriptor 5 left open
Oct  9 23:27:59 os-prober: File descriptor 6 left open
Oct  9 23:27:59 os-prober:   No volume groups found
Oct  9 23:27:59 os-prober: debug: running /usr/lib/os-probes/50mounted-tests on /dev/sda2
Oct  9 23:28:00 main-menu[3535]: DEBUG: resolver (libnewt0.52): package doesn't exist (ignored) 
Oct  9 23:28:00 main-menu[3535]: DEBUG: resolver (efi-modules): package doesn't exist (ignored) 
Oct  9 23:28:00 main-menu[3535]: INFO: Falling back to the package description for console-setup-udeb 
Oct  9 23:28:00 main-menu[3535]: INFO: Falling back to the package description for console-setup-udeb 
Oct  9 23:28:00 main-menu[3535]: INFO: Menu item 'user-setup-udeb' selected 
Oct  9 23:29:28 main-menu[3535]: DEBUG: resolver (libnewt0.52): package doesn't exist (ignored) 
Oct  9 23:29:28 main-menu[3535]: DEBUG: resolver (efi-modules): package doesn't exist (ignored) 
Oct  9 23:29:28 main-menu[3535]: INFO: Falling back to the package description for console-setup-udeb 
Oct  9 23:29:28 main-menu[3535]: INFO: Falling back to the package description for console-setup-udeb 
Oct  9 23:29:28 main-menu[3535]: INFO: Menu item 'base-installer' selected 
Oct  9 23:29:29 apt-install: Queueing package console-setup for later installation
Oct  9 23:29:38 debootstrap: Selecting previously deselected package base-files.
Oct  9 23:29:38 debootstrap: (Reading database ... 
Oct  9 23:29:38 debootstrap: 0 files and directories currently installed.)
Oct  9 23:29:38 debootstrap: Unpacking base-files (from .../base-files_4.0.0ubuntu5_i386.deb) ...
Oct  9 23:29:38 debootstrap: Selecting previously deselected package base-passwd.
Oct  9 23:29:38 debootstrap: Unpacking base-passwd (from .../base-passwd_3.5.11build1_i386.deb) ...
Oct  9 23:29:38 debootstrap: dpkg: base-passwd: dependency problems, but configuring anyway as you request:
Oct  9 23:29:38 debootstrap:  base-passwd depends on libc6 (>= 2.6); however:
Oct  9 23:29:38 debootstrap:   Package libc6 is not installed.
Oct  9 23:29:38 debootstrap: Setting up base-passwd (3.5.11build1) ...
Oct  9 23:29:38 debootstrap: 
Oct  9 23:29:38 debootstrap: dpkg: base-files: dependency problems, but configuring anyway as you request:
Oct  9 23:29:38 debootstrap:  base-files depends on awk; however:
Oct  9 23:29:38 debootstrap:   Package awk is not installed.
Oct  9 23:29:38 debootstrap:  base-files depends on libpam-modules (>= 0.79-3ubuntu3); however:
Oct  9 23:29:38 debootstrap:   Package libpam-modules is not installed.
Oct  9 23:29:38 debootstrap: Setting up base-files (4.0.0ubuntu5) ...
Oct  9 23:29:38 debootstrap: 
Oct  9 23:29:38 debootstrap: dpkg: regarding .../dpkg_1.14.5ubuntu16_i386.deb containing dpkg, pre-dependency problem:
Oct  9 23:29:38 debootstrap:  dpkg pre-depends on libc6 (>= 2.6-1)
Oct  9 23:29:38 debootstrap: dpkg: warning - ignoring pre-dependency problem !
Oct  9 23:29:38 debootstrap: dpkg: regarding .../dpkg_1.14.5ubuntu16_i386.deb containing dpkg, pre-dependency problem:
Oct  9 23:29:38 debootstrap:  dpkg pre-depends on coreutils (>= 5.93-1)
Oct  9 23:29:38 debootstrap: dpkg: warning - ignoring pre-dependency problem !
Oct  9 23:29:38 debootstrap: (Reading database ... 
Oct  9 23:29:38 debootstrap: 91 files and directories currently installed.)
Oct  9 23:29:38 debootstrap: Preparing to replace dpkg 1.14.5ubuntu16 (using .../dpkg_1.14.5ubuntu16_i386.deb) ...
Oct  9 23:29:38 debootstrap: Unpacking replacement dpkg ...
Oct  9 23:29:39 debootstrap: dpkg: dpkg: dependency problems, but configuring anyway as you request:
Oct  9 23:29:39 debootstrap:  dpkg depends on libc6 (>= 2.6-1); however:
Oct  9 23:29:39 debootstrap:   Package libc6 is not installed.
Oct  9 23:29:39 debootstrap:  dpkg depends on coreutils (>= 5.93-1); however:
Oct  9 23:29:39 debootstrap:   Package coreutils is not installed.
Oct  9 23:29:39 debootstrap: Setting up dpkg (1.14.5ubuntu16) ...
Oct  9 23:29:39 debootstrap: 
Oct  9 23:29:39 debootstrap: Selecting previously deselected package libc6.
Oct  9 23:29:39 debootstrap: (Reading database ... 
Oct  9 23:29:39 debootstrap: 311 files and directories currently installed.)
Oct  9 23:29:39 debootstrap: Unpacking libc6 (from .../libc6_2.6.1-1ubuntu9_i386.deb) ...
Oct  9 23:29:40 debootstrap: dpkg: libc6: dependency problems, but configuring anyway as you request:
Oct  9 23:29:40 debootstrap:  libc6 depends on libgcc1; however:
Oct  9 23:29:40 debootstrap:   Package libgcc1 is not installed.
Oct  9 23:29:40 debootstrap: Setting up libc6 (2.6.1-1ubuntu9) ...
Oct  9 23:29:40 debootstrap: 
Oct  9 23:29:40 debootstrap: Processing triggers for libc6 ...
Oct  9 23:29:40 debootstrap: ldconfig deferred processing now taking place
Oct  9 23:29:40 debootstrap: Selecting previously deselected package perl-base.
Oct  9 23:29:40 debootstrap: (Reading database ... 
Oct  9 23:29:40 debootstrap: 649 files and directories currently installed.)
Oct  9 23:29:40 debootstrap: Unpacking perl-base (from .../perl-base_5.8.8-7ubuntu3_i386.deb) ...
Oct  9 23:29:40 debootstrap: Setting up perl-base (5.8.8-7ubuntu3) ...
Oct  9 23:29:40 debootstrap: Selecting previously deselected package mawk.
Oct  9 23:29:40 debootstrap: (Reading database ... 
Oct  9 23:29:40 debootstrap: 767 files and directories currently installed.)
Oct  9 23:29:40 debootstrap: Unpacking mawk (from .../mawk_1.3.3-11ubuntu2_i386.deb) ...
Oct  9 23:29:40 debootstrap: Setting up mawk (1.3.3-11ubuntu2) ...
Oct  9 23:29:40 debootstrap: 
Oct  9 23:29:40 debootstrap: Selecting previously deselected package debconf.
Oct  9 23:29:40 debootstrap: (Reading database ... 
Oct  9 23:29:40 debootstrap: 786 files and directories currently installed.)
Oct  9 23:29:40 debootstrap: Unpacking debconf (from .../debconf_1.5.14ubuntu1_all.deb) ...
Oct  9 23:29:40 debootstrap: dpkg: debconf: dependency problems, but configuring anyway as you request:
Oct  9 23:29:40 debootstrap:  debconf depends on debconf-i18n | debconf-english; however:
Oct  9 23:29:40 debootstrap:   Package debconf-i18n is not installed.
Oct  9 23:29:40 debootstrap:   Package debconf-english is not installed.
Oct  9 23:29:40 debootstrap: Setting up debconf (1.5.14ubuntu1) ...
Oct  9 23:29:40 debootstrap: 
Oct  9 23:29:43 debootstrap: Selecting previously deselected package libacl1.
Oct  9 23:29:43 debootstrap: (Reading database ... 
Oct  9 23:29:43 debootstrap: 965 files and directories currently installed.)
Oct  9 23:29:43 debootstrap: Unpacking libacl1 (from .../libacl1_2.2.42-1ubuntu1_i386.deb) ...
Oct  9 23:29:43 debootstrap: Selecting previously deselected package libattr1.
Oct  9 23:29:43 debootstrap: Unpacking libattr1 (from .../libattr1_1%3a2.4.32-1.1ubuntu1_i386.deb) ...
Oct  9 23:29:43 debootstrap: Preparing to replace base-files 4.0.0ubuntu5 (using .../base-files_4.0.0ubuntu5_i386.deb) ...
Oct  9 23:29:43 debootstrap: Unpacking replacement base-files ...
Oct  9 23:29:43 debootstrap: Preparing to replace base-passwd 3.5.11build1 (using .../base-passwd_3.5.11build1_i386.deb) ...
Oct  9 23:29:43 debootstrap: Unpacking replacement base-passwd ...
Oct  9 23:29:43 debootstrap: Selecting previously deselected package bash.
Oct  9 23:29:43 debootstrap: dpkg: regarding .../bash_3.2-0ubuntu11_i386.deb containing bash, pre-dependency problem:
Oct  9 23:29:43 debootstrap:  bash pre-depends on libncurses5 (>= 5.6)
Oct  9 23:29:43 debootstrap: dpkg: warning - ignoring pre-dependency problem !
Oct  9 23:29:43 debootstrap: Unpacking bash (from .../bash_3.2-0ubuntu11_i386.deb) ...
Oct  9 23:29:43 debootstrap: Selecting previously deselected package belocs-locales-bin.
Oct  9 23:29:43 debootstrap: Unpacking belocs-locales-bin (from .../belocs-locales-bin_2.4-2.2ubuntu5_i386.deb) ...
Oct  9 23:29:43 debootstrap: Selecting previously deselected package coreutils.
Oct  9 23:29:43 debootstrap: dpkg: regarding .../coreutils_5.97-5.3ubuntu3_i386.deb containing coreutils, pre-dependency problem:
Oct  9 23:29:43 debootstrap:  coreutils pre-depends on libacl1 (>= 2.2.11-1)
Oct  9 23:29:43 debootstrap:   libacl1 is unpacked, but has never been configured.
Oct  9 23:29:43 debootstrap: dpkg: warning - ignoring pre-dependency problem !
Oct  9 23:29:43 debootstrap: dpkg: regarding .../coreutils_5.97-5.3ubuntu3_i386.deb containing coreutils, pre-dependency problem:
Oct  9 23:29:43 debootstrap:  coreutils pre-depends on libselinux1 (>= 2.0.15)
Oct  9 23:29:43 debootstrap: dpkg: warning - ignoring pre-dependency problem !
Oct  9 23:29:43 debootstrap: Unpacking coreutils (from .../coreutils_5.97-5.3ubuntu3_i386.deb) ...
Oct  9 23:29:43 debootstrap: Use of uninitialized value in string eq at /usr/sbin/dpkg-divert line 224.
Oct  9 23:29:43 debootstrap: Use of uninitialized value in length at /usr/sbin/dpkg-divert line 224.
Oct  9 23:29:43 debootstrap: Use of uninitialized value in length at /usr/sbin/dpkg-divert line 224.
Oct  9 23:29:43 debootstrap: Use of uninitialized value in length at /usr/sbin/dpkg-divert line 224.
Oct  9 23:29:43 debootstrap: No diversion `any diversion of /usr/share/man/man1/md5sum.textutils.1.gz', none removed
Oct  9 23:29:43 debootstrap: Use of uninitialized value in string eq at /usr/sbin/dpkg-divert line 224.
Oct  9 23:29:43 debootstrap: Use of uninitialized value in length at /usr/sbin/dpkg-divert line 224.
Oct  9 23:29:43 debootstrap: Use of uninitialized value in length at /usr/sbin/dpkg-divert line 224.
Oct  9 23:29:43 debootstrap: Use of uninitialized value in length at /usr/sbin/dpkg-divert line 224.
Oct  9 23:29:43 debootstrap: No diversion `any diversion of /usr/bin/md5sum.textutils', none removed
Oct  9 23:29:44 debootstrap: Selecting previously deselected package dash.
Oct  9 23:29:44 debootstrap: Unpacking dash (from .../dash_0.5.4-1ubuntu3_i386.deb) ...
Oct  9 23:29:44 debootstrap: Selecting previously deselected package libdb4.5.
Oct  9 23:29:44 debootstrap: Unpacking libdb4.5 (from .../libdb4.5_4.5.20-5ubuntu3_i386.deb) ...
Oct  9 23:29:44 debootstrap: Selecting previously deselected package debconf-i18n.
Oct  9 23:29:44 debootstrap: Unpacking debconf-i18n (from .../debconf-i18n_1.5.14ubuntu1_all.deb) ...
Oct  9 23:29:44 debootstrap: Preparing to replace debconf 1.5.14ubuntu1 (using .../debconf_1.5.14ubuntu1_all.deb) ...
Oct  9 23:29:44 debootstrap: Unpacking replacement debconf ...
Oct  9 23:29:44 debootstrap: Selecting previously deselected package debianutils.
Oct  9 23:29:44 debootstrap: Unpacking debianutils (from .../debianutils_2.22.1_i386.deb) ...
Oct  9 23:29:44 debootstrap: Selecting previously deselected package libdevmapper1.02.1.
Oct  9 23:29:44 debootstrap: Unpacking libdevmapper1.02.1 (from .../libdevmapper1.02.1_2%3a1.02.20-1ubuntu4_i386.deb) ...
Oct  9 23:29:44 debootstrap: Selecting previously deselected package diff.
Oct  9 23:29:44 debootstrap: Unpacking diff (from .../diff_2.8.1-12ubuntu1_i386.deb) ...
Oct  9 23:29:44 debootstrap: dpkg: regarding .../dpkg_1.14.5ubuntu16_i386.deb containing dpkg, pre-dependency problem:
Oct  9 23:29:44 debootstrap:  dpkg pre-depends on coreutils (>= 5.93-1)
Oct  9 23:29:44 debootstrap:   coreutils is unpacked, but has never been configured.
Oct  9 23:29:44 debootstrap: dpkg: warning - ignoring pre-dependency problem !
Oct  9 23:29:44 debootstrap: Preparing to replace dpkg 1.14.5ubuntu16 (using .../dpkg_1.14.5ubuntu16_i386.deb) ...
Oct  9 23:29:44 debootstrap: Unpacking replacement dpkg ...
Oct  9 23:29:44 debootstrap: Selecting previously deselected package e2fslibs.
Oct  9 23:29:44 debootstrap: Unpacking e2fslibs (from .../e2fslibs_1.40.2-1ubuntu1_i386.deb) ...
Oct  9 23:29:44 debootstrap: Selecting previously deselected package e2fsprogs.
Oct  9 23:29:44 debootstrap: dpkg: regarding .../e2fsprogs_1.40.2-1ubuntu1_i386.deb containing e2fsprogs, pre-dependency problem:
Oct  9 23:29:44 debootstrap:  e2fsprogs pre-depends on e2fslibs (= 1.40.2-1ubuntu1)
Oct  9 23:29:44 debootstrap:   e2fslibs is unpacked, but has never been configured.
Oct  9 23:29:44 debootstrap: dpkg: warning - ignoring pre-dependency problem !
Oct  9 23:29:44 debootstrap: dpkg: regarding .../e2fsprogs_1.40.2-1ubuntu1_i386.deb containing e2fsprogs, pre-dependency problem:
