Nov  7 06:47:03 majikthise syslogd 1.4.1#21ubuntu3: restart.
Nov  7 07:08:52 majikthise -- MARK --
Nov  7 07:29:10 majikthise -- MARK --
Nov  7 07:49:10 majikthise -- MARK --
Nov  7 08:09:10 majikthise -- MARK --
Nov  7 08:29:20 majikthise -- MARK --
Nov  7 08:49:20 majikthise -- MARK --
Nov  7 09:09:20 majikthise -- MARK --
Nov  7 09:29:39 majikthise -- MARK --
Nov  7 09:49:39 majikthise -- MARK --
Nov  7 10:09:39 majikthise -- MARK --
Nov  7 10:29:48 majikthise -- MARK --
Nov  7 10:49:48 majikthise -- MARK --
Nov  7 11:09:48 majikthise -- MARK --
Nov  7 11:30:07 majikthise -- MARK --
Nov  7 11:50:07 majikthise -- MARK --
Nov  7 12:10:07 majikthise -- MARK --
Nov  7 12:30:17 majikthise -- MARK --
Nov  7 12:50:17 majikthise -- MARK --
Nov  7 13:10:17 majikthise -- MARK --
Nov  7 13:30:35 majikthise -- MARK --
Nov  7 13:50:35 majikthise -- MARK --
Nov  7 14:10:35 majikthise -- MARK --
Nov  7 14:30:58 majikthise -- MARK --
Nov  7 14:50:58 majikthise -- MARK --
Nov  7 15:10:58 majikthise -- MARK --
Nov  7 15:31:07 majikthise -- MARK --
Nov  7 15:51:07 majikthise -- MARK --
Nov  7 16:11:07 majikthise -- MARK --
Nov  7 16:31:27 majikthise -- MARK --
Nov  7 16:51:27 majikthise -- MARK --
Nov  7 17:11:27 majikthise -- MARK --
Nov  7 17:31:36 majikthise -- MARK --
Nov  7 17:51:36 majikthise -- MARK --
Nov  7 18:11:36 majikthise -- MARK --
Nov  7 18:31:56 majikthise -- MARK --
Nov  7 18:51:56 majikthise -- MARK --
Nov  7 19:11:56 majikthise -- MARK --
Nov  7 19:32:05 majikthise -- MARK --
Nov  7 19:52:05 majikthise -- MARK --
Nov  7 20:12:05 majikthise -- MARK --
Nov  7 20:32:25 majikthise -- MARK --
Nov  7 20:52:25 majikthise -- MARK --
Nov  7 21:12:25 majikthise -- MARK --
Nov  7 21:32:35 majikthise -- MARK --
Nov  7 21:52:35 majikthise -- MARK --
Nov  7 22:12:35 majikthise -- MARK --
Nov  7 22:32:53 majikthise -- MARK --
Nov  7 22:52:53 majikthise -- MARK --
Nov  7 23:12:53 majikthise -- MARK --
Nov  7 23:33:12 majikthise -- MARK --
Nov  7 23:53:12 majikthise -- MARK --
Nov  8 00:13:12 majikthise -- MARK --
Nov  8 00:33:23 majikthise -- MARK --
Nov  8 00:53:23 majikthise -- MARK --
Nov  8 01:13:23 majikthise -- MARK --
Nov  8 01:33:41 majikthise -- MARK --
Nov  8 01:53:41 majikthise -- MARK --
Nov  8 02:13:41 majikthise -- MARK --
Nov  8 02:33:41 majikthise -- MARK --
Nov  8 02:53:41 majikthise -- MARK --
Nov  8 03:13:41 majikthise -- MARK --
Nov  8 03:33:53 majikthise -- MARK --
Nov  8 03:53:53 majikthise -- MARK --
Nov  8 04:13:53 majikthise -- MARK --
Nov  8 04:34:11 majikthise -- MARK --
Nov  8 04:54:11 majikthise -- MARK --
Nov  8 05:14:11 majikthise -- MARK --
Nov  8 05:34:23 majikthise -- MARK --
Nov  8 05:54:23 majikthise -- MARK --
Nov  8 06:14:23 majikthise -- MARK --
Nov  8 06:25:04 majikthise syslogd 1.4.1#21ubuntu3: restart.
Nov  8 06:54:42 majikthise -- MARK --
Nov  8 07:14:42 majikthise -- MARK --
Nov  8 07:34:52 majikthise -- MARK --
Nov  8 07:54:52 majikthise -- MARK --
Nov  8 08:14:52 majikthise -- MARK --
Nov  8 08:35:11 majikthise -- MARK --
Nov  8 08:55:11 majikthise -- MARK --
Nov  8 09:15:11 majikthise -- MARK --
Nov  8 09:35:22 majikthise -- MARK --
Nov  8 09:55:22 majikthise -- MARK --
Nov  8 10:15:22 majikthise -- MARK --
Nov  8 10:35:41 majikthise -- MARK --
Nov  8 10:55:41 majikthise -- MARK --
Nov  8 11:15:41 majikthise -- MARK --
Nov  8 11:35:52 majikthise -- MARK --
Nov  8 11:55:52 majikthise -- MARK --
Nov  8 12:15:52 majikthise -- MARK --
Nov  8 12:36:10 majikthise -- MARK --
Nov  8 12:56:10 majikthise -- MARK --
Nov  8 13:16:10 majikthise -- MARK --
Nov  8 13:36:23 majikthise -- MARK --
Nov  8 13:56:23 majikthise -- MARK --
Nov  8 14:16:23 majikthise -- MARK --
Nov  8 14:36:41 majikthise -- MARK --
Nov  8 14:56:41 majikthise -- MARK --
Nov  8 15:16:41 majikthise -- MARK --
Nov  8 15:36:53 majikthise -- MARK --
Nov  8 15:56:53 majikthise -- MARK --
Nov  8 16:16:53 majikthise -- MARK --
Nov  8 16:37:11 majikthise -- MARK --
Nov  8 16:57:11 majikthise -- MARK --
Nov  8 17:17:11 majikthise -- MARK --
Nov  8 17:37:22 majikthise -- MARK --
Nov  8 17:57:22 majikthise -- MARK --
Nov  8 18:17:22 majikthise -- MARK --
Nov  8 18:37:41 majikthise -- MARK --
Nov  8 18:57:41 majikthise -- MARK --
Nov  8 19:17:41 majikthise -- MARK --
Nov  8 19:37:52 majikthise -- MARK --
Nov  8 19:57:52 majikthise -- MARK --
Nov  8 20:18:02 majikthise -- MARK --
Nov  8 20:38:11 majikthise -- MARK --
Nov  8 20:58:11 majikthise -- MARK --
Nov  8 21:18:13 majikthise -- MARK --
Nov  8 21:38:23 majikthise -- MARK --
Nov  8 21:58:23 majikthise -- MARK --
Nov  8 22:18:41 majikthise -- MARK --
Nov  8 22:38:41 majikthise -- MARK --
Nov  8 22:58:41 majikthise -- MARK --
Nov  8 23:19:00 majikthise -- MARK --
Nov  8 23:39:00 majikthise -- MARK --
Nov  8 23:59:00 majikthise -- MARK --
Nov  9 00:19:10 majikthise -- MARK --
Nov  9 00:39:10 majikthise -- MARK --
Nov  9 00:59:10 majikthise -- MARK --
Nov  9 01:19:30 majikthise -- MARK --
Nov  9 01:39:30 majikthise -- MARK --
Nov  9 01:59:30 majikthise -- MARK --
Nov  9 02:19:30 majikthise -- MARK --
Nov  9 02:39:30 majikthise -- MARK --
Nov  9 02:59:30 majikthise -- MARK --
Nov  9 03:19:39 majikthise -- MARK --
Nov  9 03:39:39 majikthise -- MARK --
Nov  9 03:59:39 majikthise -- MARK --
Nov  9 04:20:01 majikthise -- MARK --
Nov  9 04:40:01 majikthise -- MARK --
Nov  9 05:00:01 majikthise -- MARK --
Nov  9 05:20:10 majikthise -- MARK --
Nov  9 05:40:10 majikthise -- MARK --
Nov  9 06:00:10 majikthise -- MARK --
Nov  9 06:20:30 majikthise -- MARK --
Nov  9 06:25:04 majikthise syslogd 1.4.1#21ubuntu3: restart.
Nov  9 06:40:30 majikthise -- MARK --
Nov  9 07:00:30 majikthise -- MARK --
Nov  9 07:20:40 majikthise -- MARK --
Nov  9 07:40:40 majikthise -- MARK --
Nov  9 08:00:40 majikthise -- MARK --
Nov  9 08:20:59 majikthise -- MARK --
Nov  9 08:40:59 majikthise -- MARK --
Nov  9 09:00:59 majikthise -- MARK --
Nov  9 09:21:17 majikthise -- MARK --
Nov  9 09:41:17 majikthise -- MARK --
Nov  9 10:01:17 majikthise -- MARK --
Nov  9 10:21:27 majikthise -- MARK --
Nov  9 10:41:27 majikthise -- MARK --
Nov  9 11:01:27 majikthise -- MARK --
Nov  9 11:21:46 majikthise -- MARK --
Nov  9 11:41:46 majikthise -- MARK --
Nov  9 12:01:46 majikthise -- MARK --
Nov  9 12:21:56 majikthise -- MARK --
Nov  9 12:41:56 majikthise -- MARK --
Nov  9 13:01:56 majikthise -- MARK --
Nov  9 13:22:15 majikthise -- MARK --
Nov  9 13:42:15 majikthise -- MARK --
Nov  9 14:02:15 majikthise -- MARK --
Nov  9 14:22:26 majikthise -- MARK --
Nov  9 14:42:26 majikthise -- MARK --
Nov  9 15:02:26 majikthise -- MARK --
Nov  9 15:22:44 majikthise -- MARK --
Nov  9 15:42:44 majikthise -- MARK --
Nov  9 16:02:44 majikthise -- MARK --
Nov  9 16:22:55 majikthise -- MARK --
Nov  9 16:42:55 majikthise -- MARK --
Nov  9 17:02:55 majikthise -- MARK --
Nov  9 17:23:13 majikthise -- MARK --
Nov  9 17:43:13 majikthise -- MARK --
Nov  9 18:03:13 majikthise -- MARK --
Nov  9 18:23:24 majikthise -- MARK --
Nov  9 18:43:24 majikthise -- MARK --
Nov  9 19:03:24 majikthise -- MARK --
Nov  9 19:23:42 majikthise -- MARK --
Nov  9 19:43:42 majikthise -- MARK --
Nov  9 20:03:42 majikthise -- MARK --
Nov  9 20:23:53 majikthise -- MARK --
Nov  9 20:43:53 majikthise -- MARK --
Nov  9 21:03:53 majikthise -- MARK --
Nov  9 21:24:12 majikthise -- MARK --
Nov  9 21:44:12 majikthise -- MARK --
Nov  9 22:04:12 majikthise -- MARK --
Nov  9 22:24:23 majikthise -- MARK --
Nov  9 22:44:23 majikthise -- MARK --
Nov  9 23:04:23 majikthise -- MARK --
Nov  9 23:24:42 majikthise -- MARK --
Nov  9 23:44:42 majikthise -- MARK --
Nov 10 00:04:42 majikthise -- MARK --
Nov 10 00:24:53 majikthise -- MARK --
Nov 10 00:44:53 majikthise -- MARK --
Nov 10 01:04:53 majikthise -- MARK --
Nov 10 01:25:12 majikthise -- MARK --
Nov 10 01:45:12 majikthise -- MARK --
Nov 10 02:05:12 majikthise -- MARK --
Nov 10 02:25:12 majikthise -- MARK --
Nov 10 02:45:12 majikthise -- MARK --
Nov 10 03:05:12 majikthise -- MARK --
Nov 10 03:25:21 majikthise -- MARK --
Nov 10 03:45:21 majikthise -- MARK --
Nov 10 04:05:21 majikthise -- MARK --
Nov 10 04:25:40 majikthise -- MARK --
Nov 10 04:45:40 majikthise -- MARK --
Nov 10 05:05:40 majikthise -- MARK --
Nov 10 05:25:59 majikthise -- MARK --
Nov 10 05:45:59 majikthise -- MARK --
Nov 10 06:05:59 majikthise -- MARK --
Nov 10 06:25:04 majikthise syslogd 1.4.1#21ubuntu3: restart.
Nov 10 06:46:08 majikthise -- MARK --
Nov 10 07:06:08 majikthise -- MARK --
Nov 10 07:26:27 majikthise -- MARK --
Nov 10 07:46:27 majikthise -- MARK --
Nov 10 08:06:27 majikthise -- MARK --
Nov 10 08:26:37 majikthise -- MARK --
Nov 10 08:46:37 majikthise -- MARK --
Nov 10 09:06:37 majikthise -- MARK --
Nov 10 09:26:55 majikthise -- MARK --
Nov 10 09:46:55 majikthise -- MARK --
Nov 10 10:06:55 majikthise -- MARK --
Nov 10 10:27:05 majikthise -- MARK --
Nov 10 10:47:05 majikthise -- MARK --
Nov 10 11:07:05 majikthise -- MARK --
Nov 10 11:27:24 majikthise -- MARK --
Nov 10 11:47:24 majikthise -- MARK --
Nov 10 12:07:24 majikthise -- MARK --
Nov 10 12:27:34 majikthise -- MARK --
Nov 10 12:47:34 majikthise -- MARK --
Nov 10 13:07:34 majikthise -- MARK --
Nov 10 13:27:54 majikthise -- MARK --
Nov 10 13:47:54 majikthise -- MARK --
Nov 10 14:07:54 majikthise -- MARK --
Nov 10 14:28:04 majikthise -- MARK --
Nov 10 14:48:04 majikthise -- MARK --
Nov 10 15:08:04 majikthise -- MARK --
Nov 10 15:28:23 majikthise -- MARK --
Nov 10 15:48:23 majikthise -- MARK --
Nov 10 16:08:23 majikthise -- MARK --
Nov 10 16:28:32 majikthise -- MARK --
Nov 10 16:48:32 majikthise -- MARK --
Nov 10 17:08:32 majikthise -- MARK --
Nov 10 17:28:51 majikthise -- MARK --
Nov 10 17:48:51 majikthise -- MARK --
Nov 10 18:08:51 majikthise -- MARK --
Nov 10 18:29:00 majikthise -- MARK --
Nov 10 18:49:00 majikthise -- MARK --
Nov 10 19:09:00 majikthise -- MARK --
Nov 10 19:29:19 majikthise -- MARK --
Nov 10 19:49:19 majikthise -- MARK --
Nov 10 20:09:19 majikthise -- MARK --
Nov 10 20:29:28 majikthise -- MARK --
Nov 10 20:49:28 majikthise -- MARK --
Nov 10 21:09:28 majikthise -- MARK --
Nov 10 21:29:47 majikthise -- MARK --
Nov 10 21:49:47 majikthise -- MARK --
Nov 10 22:09:47 majikthise -- MARK --
Nov 10 22:29:57 majikthise -- MARK --
Nov 10 22:49:57 majikthise -- MARK --
Nov 10 23:09:57 majikthise -- MARK --
Nov 10 23:30:16 majikthise -- MARK --
Nov 10 23:50:16 majikthise -- MARK --
Nov 11 00:10:16 majikthise -- MARK --
Nov 11 00:30:26 majikthise -- MARK --
Nov 11 00:50:26 majikthise -- MARK --
Nov 11 01:10:26 majikthise -- MARK --
Nov 11 01:30:44 majikthise -- MARK --
Nov 11 01:50:44 majikthise -- MARK --
Nov 11 02:10:44 majikthise -- MARK --
Nov 11 02:30:44 majikthise -- MARK --
Nov 11 02:50:44 majikthise -- MARK --
Nov 11 03:10:44 majikthise -- MARK --
Nov 11 03:30:54 majikthise -- MARK --
Nov 11 03:50:54 majikthise -- MARK --
Nov 11 04:10:54 majikthise -- MARK --
Nov 11 04:31:13 majikthise -- MARK --
Nov 11 04:51:13 majikthise -- MARK --
Nov 11 05:11:13 majikthise -- MARK --
Nov 11 05:31:22 majikthise -- MARK --
Nov 11 05:51:22 majikthise -- MARK --
Nov 11 06:11:22 majikthise -- MARK --
Nov 11 06:25:04 majikthise syslogd 1.4.1#21ubuntu3: restart.
Nov 11 06:51:41 majikthise -- MARK --
Nov 11 07:11:41 majikthise -- MARK --
Nov 11 07:31:50 majikthise -- MARK --
Nov 11 07:51:50 majikthise -- MARK --
Nov 11 08:11:50 majikthise -- MARK --
Nov 11 08:32:09 majikthise -- MARK --
Nov 11 08:52:09 majikthise -- MARK --
Nov 11 09:12:09 majikthise -- MARK --
Nov 11 09:32:18 majikthise -- MARK --
Nov 11 09:52:18 majikthise -- MARK --
Nov 11 10:12:18 majikthise -- MARK --
Nov 11 10:32:37 majikthise -- MARK --
Nov 11 10:52:37 majikthise -- MARK --
Nov 11 11:12:37 majikthise -- MARK --
Nov 11 11:32:47 majikthise -- MARK --
Nov 11 11:52:47 majikthise -- MARK --
Nov 11 12:12:47 majikthise -- MARK --
Nov 11 12:33:05 majikthise -- MARK --
Nov 11 12:53:05 majikthise -- MARK --
Nov 11 13:13:05 majikthise -- MARK --
Nov 11 13:33:15 majikthise -- MARK --
Nov 11 13:53:15 majikthise -- MARK --
Nov 11 14:13:15 majikthise -- MARK --
Nov 11 14:33:34 majikthise -- MARK --
Nov 11 14:53:34 majikthise -- MARK --
Nov 11 15:13:34 majikthise -- MARK --
Nov 11 15:33:43 majikthise -- MARK --
Nov 11 15:53:43 majikthise -- MARK --
Nov 11 16:13:43 majikthise -- MARK --
Nov 11 16:34:02 majikthise -- MARK --
Nov 11 16:54:02 majikthise -- MARK --
Nov 11 17:14:02 majikthise -- MARK --
Nov 11 17:34:12 majikthise -- MARK --
Nov 11 17:54:12 majikthise -- MARK --
Nov 11 18:14:12 majikthise -- MARK --
Nov 11 18:34:31 majikthise -- MARK --
Nov 11 18:54:31 majikthise -- MARK --
Nov 11 19:14:31 majikthise -- MARK --
Nov 11 19:34:41 majikthise -- MARK --
Nov 11 19:54:41 majikthise -- MARK --
Nov 11 20:14:41 majikthise -- MARK --
Nov 11 20:35:00 majikthise -- MARK --
Nov 11 20:55:00 majikthise -- MARK --
Nov 11 21:15:00 majikthise -- MARK --
Nov 11 21:35:10 majikthise -- MARK --
Nov 11 21:55:10 majikthise -- MARK --
Nov 11 22:00:58 majikthise exiting on signal 15
Nov 11 22:12:04 majikthise syslogd 1.4.1#21ubuntu3: restart.
Nov 11 22:12:04 majikthise kernel: Inspecting /boot/System.map-2.6.22-14-server
Nov 11 22:12:04 majikthise kernel: Loaded 25607 symbols from /boot/System.map-2.6.22-14-server.
Nov 11 22:12:04 majikthise kernel: Symbols match kernel version 2.6.22.
Nov 11 22:12:04 majikthise kernel: No module symbols loaded - kernel modules not enabled. 
Nov 11 22:12:04 majikthise kernel: [    0.000000] Linux version 2.6.22-14-server (buildd@terranova) (gcc version 4.1.3 20070929 (prerelease) (Ubuntu 4.1.2-16ubuntu2)) #1 SMP Tue Feb 12 08:27:05 UTC 2008 (Ubuntu 2.6.22-14.52-server)
Nov 11 22:12:04 majikthise kernel: [    0.000000] BIOS-provided physical RAM map:
Nov 11 22:12:04 majikthise kernel: [    0.000000]  BIOS-e820: 0000000000000000 - 000000000009f800 (usable)
Nov 11 22:12:04 majikthise kernel: [    0.000000]  BIOS-e820: 000000000009f800 - 00000000000a0000 (reserved)
Nov 11 22:12:04 majikthise kernel: [    0.000000]  BIOS-e820: 00000000000ca000 - 00000000000cc000 (reserved)
Nov 11 22:12:04 majikthise kernel: [    0.000000]  BIOS-e820: 00000000000dc000 - 00000000000e4000 (reserved)
Nov 11 22:12:04 majikthise kernel: [    0.000000]  BIOS-e820: 00000000000e8000 - 0000000000100000 (reserved)
Nov 11 22:12:04 majikthise kernel: [    0.000000]  BIOS-e820: 0000000000100000 - 000000001fef0000 (usable)
Nov 11 22:12:04 majikthise kernel: [    0.000000]  BIOS-e820: 000000001fef0000 - 000000001feff000 (ACPI data)
Nov 11 22:12:04 majikthise kernel: [    0.000000]  BIOS-e820: 000000001feff000 - 000000001ff00000 (ACPI NVS)
Nov 11 22:12:04 majikthise kernel: [    0.000000]  BIOS-e820: 000000001ff00000 - 0000000020000000 (usable)
Nov 11 22:12:04 majikthise kernel: [    0.000000]  BIOS-e820: 00000000e0000000 - 00000000f0000000 (reserved)
Nov 11 22:12:04 majikthise kernel: [    0.000000]  BIOS-e820: 00000000fec00000 - 00000000fec10000 (reserved)
Nov 11 22:12:04 majikthise kernel: [    0.000000]  BIOS-e820: 00000000fee00000 - 00000000fee01000 (reserved)
Nov 11 22:12:04 majikthise kernel: [    0.000000]  BIOS-e820: 00000000fffe0000 - 0000000100000000 (reserved)
Nov 11 22:12:04 majikthise kernel: [    0.000000] 0MB HIGHMEM available.
Nov 11 22:12:04 majikthise kernel: [    0.000000] 512MB LOWMEM available.
Nov 11 22:12:04 majikthise kernel: [    0.000000] found SMP MP-table at 000f69b0
Nov 11 22:12:04 majikthise kernel: [    0.000000] NX (Execute Disable) protection: active
Nov 11 22:12:04 majikthise kernel: [    0.000000] Zone PFN ranges:
Nov 11 22:12:04 majikthise kernel: [    0.000000]   DMA             0 ->     4096
Nov 11 22:12:04 majikthise kernel: [    0.000000]   Normal       4096 ->   131072
Nov 11 22:12:04 majikthise kernel: [    0.000000]   HighMem    131072 ->   131072
Nov 11 22:12:04 majikthise kernel: [    0.000000] early_node_map[1] active PFN ranges
Nov 11 22:12:04 majikthise kernel: [    0.000000]     0:        0 ->   131072
Nov 11 22:12:04 majikthise kernel: [    0.000000] DMI present.
Nov 11 22:12:04 majikthise kernel: [    0.000000] ACPI: RSDP signature @ 0xC00F6940 checksum 0
Nov 11 22:12:04 majikthise kernel: [    0.000000] ACPI: RSDP 000F6940, 0024 (r2 PTLTD )
Nov 11 22:12:04 majikthise kernel: [    0.000000] ACPI: XSDT 1FEF079A, 004C (r1 INTEL  440BX     6040000 VMW   1324272)
Nov 11 22:12:04 majikthise kernel: [    0.000000] ACPI: FACP 1FEFEE98, 00F4 (r4 INTEL  440BX     6040000 PTL     F4240)
Nov 11 22:12:04 majikthise kernel: [    0.000000] ACPI: DSDT 1FEF0960, E538 (r1 PTLTD  Custom    6040000 MSFT  3000001)
Nov 11 22:12:04 majikthise kernel: [    0.000000] ACPI: FACS 1FEFFFC0, 0040
Nov 11 22:12:04 majikthise kernel: [    0.000000] ACPI: BOOT 1FEF0938, 0028 (r1 PTLTD  $SBFTBL$  6040000  LTP        1)
Nov 11 22:12:04 majikthise kernel: [    0.000000] ACPI: APIC 1FEF08DA, 005E (r1 PTLTD  ^I APIC    6040000  LTP        0)
Nov 11 22:12:04 majikthise kernel: [    0.000000] ACPI: MCFG 1FEF089E, 003C (r1 PTLTD  $PCITBL$  6040000  LTP        1)
Nov 11 22:12:04 majikthise kernel: [    0.000000] ACPI: SRAT 1FEF081E, 0080 (r2 VMWARE MEMPLUG   6040000 VMW         1)
Nov 11 22:12:04 majikthise kernel: [    0.000000] ACPI: PM-Timer IO Port: 0x1008
Nov 11 22:12:04 majikthise kernel: [    0.000000] ACPI: LAPIC (acpi_id[0x00] lapic_id[0x00] enabled)
Nov 11 22:12:04 majikthise kernel: [    0.000000] Processor #0 7:10 APIC version 17
Nov 11 22:12:04 majikthise kernel: [    0.000000] ACPI: LAPIC (acpi_id[0x01] lapic_id[0x01] enabled)
Nov 11 22:12:04 majikthise kernel: [    0.000000] Processor #1 7:10 APIC version 17
Nov 11 22:12:04 majikthise kernel: [    0.000000] ACPI: LAPIC_NMI (acpi_id[0x00] high edge lint[0x1])
Nov 11 22:12:04 majikthise kernel: [    0.000000] ACPI: LAPIC_NMI (acpi_id[0x01] high edge lint[0x1])
Nov 11 22:12:04 majikthise kernel: [    0.000000] ACPI: IOAPIC (id[0x02] address[0xfec00000] gsi_base[0])
Nov 11 22:12:04 majikthise kernel: [    0.000000] IOAPIC[0]: apic_id 2, version 17, address 0xfec00000, GSI 0-23
Nov 11 22:12:04 majikthise kernel: [    0.000000] ACPI: INT_SRC_OVR (bus 0 bus_irq 0 global_irq 2 high edge)
Nov 11 22:12:04 majikthise kernel: [    0.000000] Enabling APIC mode:  Flat.  Using 1 I/O APICs
Nov 11 22:12:04 majikthise kernel: [    0.000000] Using ACPI (MADT) for SMP configuration information
Nov 11 22:12:04 majikthise kernel: [    0.000000] Allocating PCI resources starting at 30000000 (gap: 20000000:c0000000)
Nov 11 22:12:04 majikthise kernel: [    0.000000] Built 1 zonelists.  Total pages: 130048
Nov 11 22:12:04 majikthise kernel: [    0.000000] Kernel command line: root=UUID=3abcbe31-d5b6-4fa6-a286-7be644fe052b ro quiet splash
Nov 11 22:12:04 majikthise kernel: [    0.000000] Enabling fast FPU save and restore... done.
Nov 11 22:12:04 majikthise kernel: [    0.000000] Enabling unmasked SIMD FPU exception support... done.
Nov 11 22:12:04 majikthise kernel: [    0.000000] Initializing CPU#0
Nov 11 22:12:04 majikthise kernel: [    0.000000] PID hash table entries: 2048 (order: 11, 8192 bytes)
Nov 11 22:12:04 majikthise kernel: [    0.000000] Detected 3222.695 MHz processor.
Nov 11 22:12:04 majikthise kernel: [    7.694132] Console: colour VGA+ 80x25
Nov 11 22:12:04 majikthise kernel: [    7.694936] Dentry cache hash table entries: 65536 (order: 6, 262144 bytes)
Nov 11 22:12:04 majikthise kernel: [    7.695395] Inode-cache hash table entries: 32768 (order: 5, 131072 bytes)
Nov 11 22:12:04 majikthise kernel: [    7.696251] Memory: 508392k/524288k available (2047k kernel code, 15336k reserved, 920k data, 364k init, 0k highmem)
Nov 11 22:12:04 majikthise kernel: [    7.696258] virtual kernel memory layout:
Nov 11 22:12:04 majikthise kernel: [    7.696259]     fixmap  : 0xfff4e000 - 0xfffff000   ( 708 kB)
Nov 11 22:12:04 majikthise kernel: [    7.696260]     pkmap   : 0xffc00000 - 0xffe00000   (2048 kB)
Nov 11 22:12:04 majikthise kernel: [    7.696261]     vmalloc : 0xe0800000 - 0xffbfe000   ( 499 MB)
Nov 11 22:12:04 majikthise kernel: [    7.696262]     lowmem  : 0xc0000000 - 0xe0000000   ( 512 MB)
Nov 11 22:12:04 majikthise kernel: [    7.696263]       .init : 0xc03eb000 - 0xc0446000   ( 364 kB)
Nov 11 22:12:04 majikthise kernel: [    7.696264]       .data : 0xc02ffd96 - 0xc03e5f04   ( 920 kB)
Nov 11 22:12:04 majikthise kernel: [    7.696265]       .text : 0xc0100000 - 0xc02ffd96   (2047 kB)
Nov 11 22:12:04 majikthise kernel: [    7.696267] Checking if this processor honours the WP bit even in supervisor mode... Ok.
Nov 11 22:12:04 majikthise kernel: [    7.696297] SLUB: Genslabs=22, HWalign=64, Order=0-1, MinObjects=4, CPUs=2, Nodes=1
Nov 11 22:12:04 majikthise kernel: [    7.846026] Calibrating delay using timer specific routine.. 6454.22 BogoMIPS (lpj=32271122)
Nov 11 22:12:04 majikthise kernel: [    7.846098] Security Framework v1.0.0 initialized
Nov 11 22:12:04 majikthise kernel: [    7.846102] SELinux:  Disabled at boot.
Nov 11 22:12:04 majikthise kernel: [    7.846110] Mount-cache hash table entries: 512
Nov 11 22:12:04 majikthise kernel: [    7.846215] CPU: L1 I cache: 32K, L1 D cache: 32K
Nov 11 22:12:04 majikthise kernel: [    7.846217] CPU: L2 cache: 256K
Nov 11 22:12:04 majikthise kernel: [    7.846218] CPU: L3 cache: 8192K
Nov 11 22:12:04 majikthise kernel: [    7.846222] CPU: Physical Processor ID: 0
Nov 11 22:12:04 majikthise kernel: [    7.846223] CPU: Processor Core ID: 0
Nov 11 22:12:04 majikthise kernel: [    7.846242] Compat vDSO mapped to ffffe000.
Nov 11 22:12:04 majikthise kernel: [    7.846266] Checking 'hlt' instruction... OK.
Nov 11 22:12:04 majikthise kernel: [    7.885991] SMP alternatives: switching to UP code
Nov 11 22:12:04 majikthise kernel: [    7.886276] Early unpacking initramfs... done
Nov 11 22:12:04 majikthise kernel: [    8.029744] ACPI: Core revision 20070126
Nov 11 22:12:04 majikthise kernel: [    8.029857] ACPI: Looking for DSDT in initramfs... error, file /DSDT.aml not found.
Nov 11 22:12:04 majikthise kernel: [    8.036228] CPU0: Intel(R) Core(TM) i7 CPU         940  @ 2.93GHz stepping 04
Nov 11 22:12:04 majikthise kernel: [    8.036426] SMP alternatives: switching to SMP code
Nov 11 22:12:04 majikthise kernel: [    8.036582] Booting processor 1/1 eip 3000
Nov 11 22:12:04 majikthise kernel: [    8.046955] Initializing CPU#1
Nov 11 22:12:04 majikthise kernel: [    8.195269] Calibrating delay using timer specific routine.. 6446.17 BogoMIPS (lpj=32230862)
Nov 11 22:12:04 majikthise kernel: [    8.195286] CPU: L1 I cache: 32K, L1 D cache: 32K
Nov 11 22:12:04 majikthise kernel: [    8.195287] CPU: L2 cache: 256K
Nov 11 22:12:04 majikthise kernel: [    8.195288] CPU: L3 cache: 8192K
Nov 11 22:12:04 majikthise kernel: [    8.195291] CPU: Physical Processor ID: 0
Nov 11 22:12:04 majikthise kernel: [    8.195293] CPU: Processor Core ID: 1
Nov 11 22:12:04 majikthise kernel: [    8.195393] CPU1: Intel(R) Core(TM) i7 CPU         940  @ 2.93GHz stepping 04
Nov 11 22:12:04 majikthise kernel: [    8.195630] Total of 2 processors activated (12900.39 BogoMIPS).
Nov 11 22:12:04 majikthise kernel: [    8.196103] ENABLING IO-APIC IRQs
Nov 11 22:12:04 majikthise kernel: [    8.196723] ..TIMER: vector=0x31 apic1=0 pin1=2 apic2=-1 pin2=-1
Nov 11 22:12:04 majikthise kernel: [    8.415122] checking TSC synchronization [CPU#0 -> CPU#1]: passed.
Nov 11 22:12:04 majikthise kernel: [    8.435128] Brought up 2 CPUs
Nov 11 22:12:04 majikthise kernel: [    8.529406] migration_cost=67
Nov 11 22:12:04 majikthise kernel: [    8.529532] Booting paravirtualized kernel on bare hardware
Nov 11 22:12:04 majikthise kernel: [    8.529613] Time:  6:11:21  Date: 10/12/110
Nov 11 22:12:04 majikthise kernel: [    8.529681] NET: Registered protocol family 16
Nov 11 22:12:04 majikthise kernel: [    8.529813] EISA bus registered
Nov 11 22:12:04 majikthise kernel: [    8.529816] ACPI: bus type pci registered
Nov 11 22:12:04 majikthise kernel: [    8.529926] PCI: PCI BIOS revision 2.10 entry at 0xfd8a0, last bus=34
Nov 11 22:12:04 majikthise kernel: [    8.529928] PCI: Using configuration type 1
Nov 11 22:12:04 majikthise kernel: [    8.529930] Setting up standard PCI resources
Nov 11 22:12:04 majikthise kernel: [    8.559849] ACPI: System BIOS is requesting _OSI(Linux)
Nov 11 22:12:04 majikthise kernel: [    8.559854] ACPI: Please test with "acpi_osi=!Linux"
Nov 11 22:12:04 majikthise kernel: [    8.559855] Please send dmidecode to linux-acpi@vger.kernel.org
Nov 11 22:12:04 majikthise kernel: [    8.560355] ACPI: Interpreter enabled
Nov 11 22:12:04 majikthise kernel: [    8.560357] ACPI: (supports S0 S1 S4 S5)
Nov 11 22:12:04 majikthise kernel: [    8.560368] ACPI: Using IOAPIC for interrupt routing
Nov 11 22:12:04 majikthise kernel: [    8.592317] ACPI: PCI Root Bridge [PCI0] (0000:00)
Nov 11 22:12:04 majikthise kernel: [    8.593948] PCI quirk: region 1000-103f claimed by PIIX4 ACPI
Nov 11 22:12:04 majikthise kernel: [    8.593959] PCI quirk: region 1040-104f claimed by PIIX4 SMB
Nov 11 22:12:04 majikthise kernel: [    8.604718] PCI: Transparent bridge - 0000:00:11.0
Nov 11 22:12:04 majikthise kernel: [    8.805289] ACPI: PCI Interrupt Link [LNKA] (IRQs 3 4 5 6 7 *9 10 11 14 15)
Nov 11 22:12:04 majikthise kernel: [    8.805459] ACPI: PCI Interrupt Link [LNKB] (IRQs 3 4 5 6 7 9 10 *11 14 15)
Nov 11 22:12:04 majikthise kernel: [    8.805610] ACPI: PCI Interrupt Link [LNKC] (IRQs 3 4 5 6 7 9 *10 11 14 15)
Nov 11 22:12:04 majikthise kernel: [    8.805785] ACPI: PCI Interrupt Link [LNKD] (IRQs 3 4 5 6 7 9 10 11 14 15) *0, disabled.
Nov 11 22:12:04 majikthise kernel: [    8.805929] Linux Plug and Play Support v0.97 (c) Adam Belay
Nov 11 22:12:04 majikthise kernel: [    8.805937] pnp: PnP ACPI init
Nov 11 22:12:04 majikthise kernel: [    8.805942] ACPI: bus type pnp registered
Nov 11 22:12:04 majikthise kernel: [    8.834817] pnp: PnP ACPI: found 13 devices
Nov 11 22:12:04 majikthise kernel: [    8.834819] ACPI: ACPI bus type pnp unregistered
Nov 11 22:12:04 majikthise kernel: [    8.834822] PnPBIOS: Disabled by ACPI PNP
Nov 11 22:12:04 majikthise kernel: [    8.834860] PCI: Using ACPI for IRQ routing
Nov 11 22:12:04 majikthise kernel: [    8.834862] PCI: If a device doesn't work, try "pci=routeirq".  If it helps, post a report
Nov 11 22:12:04 majikthise kernel: [    9.043324] NET: Registered protocol family 8
Nov 11 22:12:04 majikthise kernel: [    9.043327] NET: Registered protocol family 20
Nov 11 22:12:04 majikthise kernel: [    9.043333] NetLabel: Initializing
Nov 11 22:12:04 majikthise kernel: [    9.043334] NetLabel:  domain hash size = 128
Nov 11 22:12:04 majikthise kernel: [    9.043336] NetLabel:  protocols = UNLABELED CIPSOv4
Nov 11 22:12:04 majikthise kernel: [    9.043343] NetLabel:  unlabeled traffic allowed by default
Nov 11 22:12:04 majikthise kernel: [    9.043429] Time: tsc clocksource has been installed.
Nov 11 22:12:04 majikthise kernel: [    9.043447] pnp: 00:0c: ioport range 0x1060-0x107f has been reserved
Nov 11 22:12:04 majikthise kernel: [    9.043453] pnp: 00:0c: iomem range 0xe0000000-0xefffffff could not be reserved
Nov 11 22:12:04 majikthise kernel: [    9.043455] pnp: 00:0c: iomem range 0xdbe00000-0xdbffffff has been reserved
Nov 11 22:12:04 majikthise kernel: [    9.074796] PCI: Bridge: 0000:00:01.0
Nov 11 22:12:04 majikthise kernel: [    9.074798]   IO window: disabled.
Nov 11 22:12:04 majikthise kernel: [    9.074823]   MEM window: disabled.
Nov 11 22:12:04 majikthise kernel: [    9.074840]   PREFETCH window: disabled.
Nov 11 22:12:04 majikthise kernel: [    9.074865] PCI: Bridge: 0000:00:11.0
Nov 11 22:12:04 majikthise kernel: [    9.074874]   IO window: 2000-3fff
Nov 11 22:12:04 majikthise kernel: [    9.074899]   MEM window: d8900000-d9cfffff
Nov 11 22:12:04 majikthise kernel: [    9.074915]   PREFETCH window: dc400000-dc9fffff
Nov 11 22:12:04 majikthise kernel: [    9.074940] PCI: Bridge: 0000:00:15.0
Nov 11 22:12:04 majikthise kernel: [    9.074949]   IO window: 4000-4fff
Nov 11 22:12:04 majikthise kernel: [    9.074973]   MEM window: d9d00000-d9dfffff
Nov 11 22:12:04 majikthise kernel: [    9.074990]   PREFETCH window: dca00000-dcafffff
Nov 11 22:12:04 majikthise kernel: [    9.075037] PCI: Bridge: 0000:00:15.1
Nov 11 22:12:04 majikthise kernel: [    9.075047]   IO window: 8000-8fff
Nov 11 22:12:04 majikthise kernel: [    9.075072]   MEM window: da100000-da1fffff
Nov 11 22:12:04 majikthise kernel: [    9.075088]   PREFETCH window: dce00000-dcefffff
Nov 11 22:12:04 majikthise kernel: [    9.075121] PCI: Bridge: 0000:00:15.2
Nov 11 22:12:04 majikthise kernel: [    9.075131]   IO window: c000-cfff
Nov 11 22:12:04 majikthise kernel: [    9.075155]   MEM window: da500000-da5fffff
Nov 11 22:12:04 majikthise kernel: [    9.075206]   PREFETCH window: dd200000-dd2fffff
Nov 11 22:12:04 majikthise kernel: [    9.075246] PCI: Bridge: 0000:00:15.3
Nov 11 22:12:04 majikthise kernel: [    9.075248]   IO window: disabled.
Nov 11 22:12:04 majikthise kernel: [    9.075273]   MEM window: da900000-da9fffff
Nov 11 22:12:04 majikthise kernel: [    9.075290]   PREFETCH window: dd600000-dd6fffff
Nov 11 22:12:04 majikthise kernel: [    9.075322] PCI: Bridge: 0000:00:15.4
Nov 11 22:12:04 majikthise kernel: [    9.075324]   IO window: disabled.
Nov 11 22:12:04 majikthise kernel: [    9.075349]   MEM window: dad00000-dadfffff
Nov 11 22:12:04 majikthise kernel: [    9.075366]   PREFETCH window: dda00000-ddafffff
Nov 11 22:12:04 majikthise kernel: [    9.075398] PCI: Bridge: 0000:00:15.5
Nov 11 22:12:04 majikthise kernel: [    9.075399]   IO window: disabled.
Nov 11 22:12:04 majikthise kernel: [    9.075424]   MEM window: db100000-db1fffff
Nov 11 22:12:04 majikthise kernel: [    9.075441]   PREFETCH window: dde00000-ddefffff
Nov 11 22:12:04 majikthise kernel: [    9.075473] PCI: Bridge: 0000:00:15.6
Nov 11 22:12:04 majikthise kernel: [    9.075474]   IO window: disabled.
Nov 11 22:12:04 majikthise kernel: [    9.075499]   MEM window: db500000-db5fffff
Nov 11 22:12:04 majikthise kernel: [    9.075516]   PREFETCH window: de200000-de2fffff
Nov 11 22:12:04 majikthise kernel: [    9.075548] PCI: Bridge: 0000:00:15.7
Nov 11 22:12:04 majikthise kernel: [    9.075549]   IO window: disabled.
Nov 11 22:12:04 majikthise kernel: [    9.075574]   MEM window: db900000-db9fffff
Nov 11 22:12:04 majikthise kernel: [    9.075591]   PREFETCH window: de600000-de6fffff
Nov 11 22:12:04 majikthise kernel: [    9.075622] PCI: Bridge: 0000:00:16.0
Nov 11 22:12:04 majikthise kernel: [    9.075633]   IO window: 5000-5fff
Nov 11 22:12:04 majikthise kernel: [    9.075657]   MEM window: d9e00000-d9efffff
Nov 11 22:12:04 majikthise kernel: [    9.075692]   PREFETCH window: dcb00000-dcbfffff
Nov 11 22:12:04 majikthise kernel: [    9.075728] PCI: Bridge: 0000:00:16.1
Nov 11 22:12:04 majikthise kernel: [    9.075738]   IO window: 9000-9fff
Nov 11 22:12:04 majikthise kernel: [    9.075763]   MEM window: da200000-da2fffff
Nov 11 22:12:04 majikthise kernel: [    9.075779]   PREFETCH window: dcf00000-dcffffff
Nov 11 22:12:04 majikthise kernel: [    9.075812] PCI: Bridge: 0000:00:16.2
Nov 11 22:12:04 majikthise kernel: [    9.075822]   IO window: d000-dfff
Nov 11 22:12:04 majikthise kernel: [    9.075846]   MEM window: da600000-da6fffff
Nov 11 22:12:04 majikthise kernel: [    9.075863]   PREFETCH window: dd300000-dd3fffff
Nov 11 22:12:04 majikthise kernel: [    9.075895] PCI: Bridge: 0000:00:16.3
Nov 11 22:12:04 majikthise kernel: [    9.075896]   IO window: disabled.
Nov 11 22:12:04 majikthise kernel: [    9.075921]   MEM window: daa00000-daafffff
Nov 11 22:12:04 majikthise kernel: [    9.075938]   PREFETCH window: dd700000-dd7fffff
Nov 11 22:12:04 majikthise kernel: [    9.075969] PCI: Bridge: 0000:00:16.4
Nov 11 22:12:04 majikthise kernel: [    9.075971]   IO window: disabled.
Nov 11 22:12:04 majikthise kernel: [    9.075995]   MEM window: dae00000-daefffff
Nov 11 22:12:04 majikthise kernel: [    9.076012]   PREFETCH window: ddb00000-ddbfffff
Nov 11 22:12:04 majikthise kernel: [    9.076044] PCI: Bridge: 0000:00:16.5
Nov 11 22:12:04 majikthise kernel: [    9.076045]   IO window: disabled.
Nov 11 22:12:04 majikthise kernel: [    9.076070]   MEM window: db200000-db2fffff
Nov 11 22:12:04 majikthise kernel: [    9.076086]   PREFETCH window: ddf00000-ddffffff
Nov 11 22:12:04 majikthise kernel: [    9.076118] PCI: Bridge: 0000:00:16.6
Nov 11 22:12:04 majikthise kernel: [    9.076119]   IO window: disabled.
Nov 11 22:12:04 majikthise kernel: [    9.076144]   MEM window: db600000-db6fffff
Nov 11 22:12:04 majikthise kernel: [    9.076160]   PREFETCH window: de300000-de3fffff
Nov 11 22:12:04 majikthise kernel: [    9.076202] PCI: Bridge: 0000:00:16.7
Nov 11 22:12:04 majikthise kernel: [    9.076203]   IO window: disabled.
Nov 11 22:12:04 majikthise kernel: [    9.076228]   MEM window: dba00000-dbafffff
Nov 11 22:12:04 majikthise kernel: [    9.076245]   PREFETCH window: de700000-de7fffff
Nov 11 22:12:04 majikthise kernel: [    9.076276] PCI: Bridge: 0000:00:17.0
Nov 11 22:12:04 majikthise kernel: [    9.076287]   IO window: 6000-6fff
Nov 11 22:12:04 majikthise kernel: [    9.076311]   MEM window: d9f00000-d9ffffff
Nov 11 22:12:04 majikthise kernel: [    9.076328]   PREFETCH window: dcc00000-dccfffff
Nov 11 22:12:04 majikthise kernel: [    9.076359] PCI: Bridge: 0000:00:17.1
Nov 11 22:12:04 majikthise kernel: [    9.076369]   IO window: a000-afff
Nov 11 22:12:04 majikthise kernel: [    9.076394]   MEM window: da300000-da3fffff
Nov 11 22:12:04 majikthise kernel: [    9.076410]   PREFETCH window: dd000000-dd0fffff
Nov 11 22:12:04 majikthise kernel: [    9.076442] PCI: Bridge: 0000:00:17.2
Nov 11 22:12:04 majikthise kernel: [    9.076452]   IO window: e000-efff
Nov 11 22:12:04 majikthise kernel: [    9.076476]   MEM window: da700000-da7fffff
Nov 11 22:12:04 majikthise kernel: [    9.076493]   PREFETCH window: dd400000-dd4fffff
Nov 11 22:12:04 majikthise kernel: [    9.076524] PCI: Bridge: 0000:00:17.3
Nov 11 22:12:04 majikthise kernel: [    9.076526]   IO window: disabled.
Nov 11 22:12:04 majikthise kernel: [    9.076551]   MEM window: dab00000-dabfffff
Nov 11 22:12:04 majikthise kernel: [    9.076567]   PREFETCH window: dd800000-dd8fffff
Nov 11 22:12:04 majikthise kernel: [    9.076599] PCI: Bridge: 0000:00:17.4
Nov 11 22:12:04 majikthise kernel: [    9.076600]   IO window: disabled.
Nov 11 22:12:04 majikthise kernel: [    9.076625]   MEM window: daf00000-daffffff
Nov 11 22:12:04 majikthise kernel: [    9.076642]   PREFETCH window: ddc00000-ddcfffff
Nov 11 22:12:04 majikthise kernel: [    9.076675] PCI: Bridge: 0000:00:17.5
Nov 11 22:12:04 majikthise kernel: [    9.076677]   IO window: disabled.
Nov 11 22:12:04 majikthise kernel: [    9.076701]   MEM window: db300000-db3fffff
Nov 11 22:12:04 majikthise kernel: [    9.076718]   PREFETCH window: de000000-de0fffff
Nov 11 22:12:04 majikthise kernel: [    9.076750] PCI: Bridge: 0000:00:17.6
Nov 11 22:12:04 majikthise kernel: [    9.076751]   IO window: disabled.
Nov 11 22:12:04 majikthise kernel: [    9.076776]   MEM window: db700000-db7fffff
Nov 11 22:12:04 majikthise kernel: [    9.076793]   PREFETCH window: de400000-de4fffff
Nov 11 22:12:04 majikthise kernel: [    9.076824] PCI: Bridge: 0000:00:17.7
Nov 11 22:12:04 majikthise kernel: [    9.076825]   IO window: disabled.
Nov 11 22:12:04 majikthise kernel: [    9.076850]   MEM window: dbb00000-dbbfffff
Nov 11 22:12:04 majikthise kernel: [    9.076867]   PREFETCH window: de800000-de8fffff
Nov 11 22:12:04 majikthise kernel: [    9.076900] PCI: Bridge: 0000:00:18.0
Nov 11 22:12:04 majikthise kernel: [    9.076910]   IO window: 7000-7fff
Nov 11 22:12:04 majikthise kernel: [    9.076935]   MEM window: da000000-da0fffff
Nov 11 22:12:04 majikthise kernel: [    9.076951]   PREFETCH window: dcd00000-dcdfffff
Nov 11 22:12:04 majikthise kernel: [    9.076985] PCI: Bridge: 0000:00:18.1
Nov 11 22:12:04 majikthise kernel: [    9.076995]   IO window: b000-bfff
Nov 11 22:12:04 majikthise kernel: [    9.077019]   MEM window: da400000-da4fffff
Nov 11 22:12:04 majikthise kernel: [    9.077036]   PREFETCH window: dd100000-dd1fffff
Nov 11 22:12:04 majikthise kernel: [    9.077068] PCI: Bridge: 0000:00:18.2
Nov 11 22:12:04 majikthise kernel: [    9.077078]   IO window: f000-ffff
Nov 11 22:12:04 majikthise kernel: [    9.077102]   MEM window: da800000-da8fffff
Nov 11 22:12:04 majikthise kernel: [    9.077119]   PREFETCH window: dd500000-dd5fffff
Nov 11 22:12:04 majikthise kernel: [    9.077150] PCI: Bridge: 0000:00:18.3
Nov 11 22:12:04 majikthise kernel: [    9.077152]   IO window: disabled.
Nov 11 22:12:04 majikthise kernel: [    9.077216]   MEM window: dac00000-dacfffff
Nov 11 22:12:04 majikthise kernel: [    9.077234]   PREFETCH window: dd900000-dd9fffff
Nov 11 22:12:04 majikthise kernel: [    9.077273] PCI: Bridge: 0000:00:18.4
Nov 11 22:12:04 majikthise kernel: [    9.077274]   IO window: disabled.
Nov 11 22:12:04 majikthise kernel: [    9.077299]   MEM window: db000000-db0fffff
Nov 11 22:12:04 majikthise kernel: [    9.077316]   PREFETCH window: ddd00000-dddfffff
Nov 11 22:12:04 majikthise kernel: [    9.077349] PCI: Bridge: 0000:00:18.5
Nov 11 22:12:04 majikthise kernel: [    9.077351]   IO window: disabled.
Nov 11 22:12:04 majikthise kernel: [    9.077375]   MEM window: db400000-db4fffff
Nov 11 22:12:04 majikthise kernel: [    9.077392]   PREFETCH window: de100000-de1fffff
Nov 11 22:12:04 majikthise kernel: [    9.077424] PCI: Bridge: 0000:00:18.6
Nov 11 22:12:04 majikthise kernel: [    9.077426]   IO window: disabled.
Nov 11 22:12:04 majikthise kernel: [    9.077451]   MEM window: db800000-db8fffff
Nov 11 22:12:04 majikthise kernel: [    9.077467]   PREFETCH window: de500000-de5fffff
Nov 11 22:12:04 majikthise kernel: [    9.077499] PCI: Bridge: 0000:00:18.7
Nov 11 22:12:04 majikthise kernel: [    9.077501]   IO window: disabled.
Nov 11 22:12:04 majikthise kernel: [    9.077525]   MEM window: dbc00000-dbcfffff
Nov 11 22:12:04 majikthise kernel: [    9.077542]   PREFETCH window: de900000-de9fffff
Nov 11 22:12:04 majikthise kernel: [    9.080736] NET: Registered protocol family 2
Nov 11 22:12:04 majikthise kernel: [    9.183178] IP route cache hash table entries: 16384 (order: 4, 65536 bytes)
Nov 11 22:12:04 majikthise kernel: [    9.183209] TCP established hash table entries: 65536 (order: 7, 786432 bytes)
Nov 11 22:12:04 majikthise kernel: [    9.183322] TCP bind hash table entries: 65536 (order: 7, 524288 bytes)
Nov 11 22:12:04 majikthise kernel: [    9.183411] TCP: Hash tables configured (established 65536 bind 65536)
Nov 11 22:12:04 majikthise kernel: [    9.183413] TCP reno registered
Nov 11 22:12:04 majikthise kernel: [    9.213184] checking if image is initramfs... it is
Nov 11 22:12:04 majikthise kernel: [    9.522843] Freeing initrd memory: 6885k freed
Nov 11 22:12:04 majikthise kernel: [    9.522947] Simple Boot Flag at 0x36 set to 0x1
Nov 11 22:12:04 majikthise kernel: [    9.523693] audit: initializing netlink socket (disabled)
Nov 11 22:12:04 majikthise kernel: [    9.523720] audit(1289542278.230:1): initialized
Nov 11 22:12:04 majikthise kernel: [    9.525755] VFS: Disk quotas dquot_6.5.1
Nov 11 22:12:04 majikthise kernel: [    9.525820] Dquot-cache hash table entries: 1024 (order 0, 4096 bytes)
Nov 11 22:12:04 majikthise kernel: [    9.525985] io scheduler noop registered
Nov 11 22:12:04 majikthise kernel: [    9.525987] io scheduler anticipatory registered
Nov 11 22:12:04 majikthise kernel: [    9.525989] io scheduler deadline registered (default)
Nov 11 22:12:04 majikthise kernel: [    9.525997] io scheduler cfq registered
Nov 11 22:12:04 majikthise kernel: [    9.526048] Limiting direct PCI/PCI transfers.
Nov 11 22:12:04 majikthise kernel: [    9.526829] assign_interrupt_mode Found MSI capability
Nov 11 22:12:04 majikthise kernel: [    9.527794] assign_interrupt_mode Found MSI capability
Nov 11 22:12:04 majikthise kernel: [    9.528730] assign_interrupt_mode Found MSI capability
Nov 11 22:12:04 majikthise kernel: [    9.529667] assign_interrupt_mode Found MSI capability
Nov 11 22:12:04 majikthise kernel: [    9.530537] assign_interrupt_mode Found MSI capability
Nov 11 22:12:04 majikthise kernel: [    9.531553] assign_interrupt_mode Found MSI capability
Nov 11 22:12:04 majikthise kernel: [    9.532342] assign_interrupt_mode Found MSI capability
Nov 11 22:12:04 majikthise kernel: [    9.533281] assign_interrupt_mode Found MSI capability
Nov 11 22:12:04 majikthise kernel: [    9.534386] assign_interrupt_mode Found MSI capability
Nov 11 22:12:04 majikthise kernel: [    9.535361] assign_interrupt_mode Found MSI capability
Nov 11 22:12:04 majikthise kernel: [    9.536308] assign_interrupt_mode Found MSI capability
Nov 11 22:12:04 majikthise kernel: [    9.537298] assign_interrupt_mode Found MSI capability
Nov 11 22:12:04 majikthise kernel: [    9.538225] assign_interrupt_mode Found MSI capability
Nov 11 22:12:04 majikthise kernel: [    9.539205] assign_interrupt_mode Found MSI capability
Nov 11 22:12:04 majikthise kernel: [    9.540177] assign_interrupt_mode Found MSI capability
Nov 11 22:12:04 majikthise kernel: [    9.541153] assign_interrupt_mode Found MSI capability
Nov 11 22:12:04 majikthise kernel: [    9.542098] assign_interrupt_mode Found MSI capability
Nov 11 22:12:04 majikthise kernel: [    9.542564] assign_interrupt_mode Found MSI capability
Nov 11 22:12:04 majikthise kernel: [    9.543460] assign_interrupt_mode Found MSI capability
Nov 11 22:12:04 majikthise kernel: [    9.544368] assign_interrupt_mode Found MSI capability
Nov 11 22:12:04 majikthise kernel: [    9.545290] assign_interrupt_mode Found MSI capability
Nov 11 22:12:04 majikthise kernel: [    9.546157] assign_interrupt_mode Found MSI capability
Nov 11 22:12:04 majikthise kernel: [    9.547046] assign_interrupt_mode Found MSI capability
Nov 11 22:12:04 majikthise kernel: [    9.547960] assign_interrupt_mode Found MSI capability
Nov 11 22:12:04 majikthise kernel: [    9.548836] assign_interrupt_mode Found MSI capability
Nov 11 22:12:04 majikthise kernel: [    9.549781] assign_interrupt_mode Found MSI capability
Nov 11 22:12:04 majikthise kernel: [    9.550671] assign_interrupt_mode Found MSI capability
Nov 11 22:12:04 majikthise kernel: [    9.551620] assign_interrupt_mode Found MSI capability
Nov 11 22:12:04 majikthise kernel: [    9.552290] assign_interrupt_mode Found MSI capability
Nov 11 22:12:04 majikthise kernel: [    9.552958] assign_interrupt_mode Found MSI capability
Nov 11 22:12:04 majikthise kernel: [    9.553835] assign_interrupt_mode Found MSI capability
Nov 11 22:12:04 majikthise kernel: [    9.554704] assign_interrupt_mode Found MSI capability
Nov 11 22:12:04 majikthise kernel: [    9.555202] isapnp: Scanning for PnP cards...
Nov 11 22:12:04 majikthise kernel: [    9.572634] Switched to high resolution mode on CPU 1
Nov 11 22:12:04 majikthise kernel: [    9.582258] Switched to high resolution mode on CPU 0
Nov 11 22:12:04 majikthise kernel: [    9.911720] isapnp: No Plug & Play device found
Nov 11 22:12:04 majikthise kernel: [    9.927138] Real Time Clock Driver v1.12ac
Nov 11 22:12:04 majikthise kernel: [    9.927191] Serial: 8250/16550 driver $Revision: 1.90 $ 4 ports, IRQ sharing enabled
Nov 11 22:12:04 majikthise kernel: [    9.927650] serial8250: ttyS0 at I/O 0x3f8 (irq = 4) is a 16550A
Nov 11 22:12:04 majikthise kernel: [    9.928062] serial8250: ttyS1 at I/O 0x2f8 (irq = 3) is a 16550A
Nov 11 22:12:04 majikthise kernel: [    9.928715] 00:09: ttyS0 at I/O 0x3f8 (irq = 4) is a 16550A
Nov 11 22:12:04 majikthise kernel: [    9.929147] 00:0a: ttyS1 at I/O 0x2f8 (irq = 3) is a 16550A
Nov 11 22:12:04 majikthise kernel: [    9.929652] RAMDISK driver initialized: 16 RAM disks of 65536K size 1024 blocksize
Nov 11 22:12:04 majikthise kernel: [    9.929721] input: Macintosh mouse button emulation as /class/input/input0
Nov 11 22:12:04 majikthise kernel: [    9.929789] PNP: PS/2 Controller [PNP0303:KBC,PNP0f13:MOUS] at 0x60,0x64 irq 1,12
Nov 11 22:12:04 majikthise kernel: [   10.449772] serio: i8042 KBD port at 0x60,0x64 irq 1
Nov 11 22:12:04 majikthise kernel: [   10.449779] serio: i8042 AUX port at 0x60,0x64 irq 12
Nov 11 22:12:04 majikthise kernel: [   10.449915] mice: PS/2 mouse device common for all mice
Nov 11 22:12:04 majikthise kernel: [   10.450072] EISA: Probing bus 0 at eisa.0
Nov 11 22:12:04 majikthise kernel: [   10.450114] Cannot allocate resource for EISA slot 1
Nov 11 22:12:04 majikthise kernel: [   10.450116] Cannot allocate resource for EISA slot 2
Nov 11 22:12:04 majikthise kernel: [   10.450118] Cannot allocate resource for EISA slot 3
Nov 11 22:12:04 majikthise kernel: [   10.450119] Cannot allocate resource for EISA slot 4
Nov 11 22:12:04 majikthise kernel: [   10.450121] Cannot allocate resource for EISA slot 5
Nov 11 22:12:04 majikthise kernel: [   10.450123] Cannot allocate resource for EISA slot 6
Nov 11 22:12:04 majikthise kernel: [   10.450124] Cannot allocate resource for EISA slot 7
Nov 11 22:12:04 majikthise kernel: [   10.450126] Cannot allocate resource for EISA slot 8
Nov 11 22:12:04 majikthise kernel: [   10.450128] EISA: Detected 0 cards.
Nov 11 22:12:04 majikthise kernel: [   10.450169] TCP cubic registered
Nov 11 22:12:04 majikthise kernel: [   10.450175] NET: Registered protocol family 1
Nov 11 22:12:04 majikthise kernel: [   10.450186] Using IPI No-Shortcut mode
Nov 11 22:12:04 majikthise kernel: [   10.450391]   Magic number: 2:183:165
Nov 11 22:12:04 majikthise kernel: [   10.450410]   hash matches device ttyq5
Nov 11 22:12:04 majikthise kernel: [   10.450497] Freeing unused kernel memory: 364k freed
Nov 11 22:12:04 majikthise kernel: [   10.451578] input: AT Translated Set 2 keyboard as /class/input/input1
Nov 11 22:12:04 majikthise kernel: [   10.502093] AppArmor: AppArmor initialized<5>audit(1289542279.230:2):  type=1505 info="AppArmor initialized" pid=1224
Nov 11 22:12:04 majikthise kernel: [   10.503098] fuse init (API version 7.8)
Nov 11 22:12:04 majikthise kernel: [   10.504229] Failure registering capabilities with primary security module.
Nov 11 22:12:04 majikthise kernel: [   10.572388] ACPI: Processor [CP00] (supports 8 throttling states)
Nov 11 22:12:04 majikthise kernel: [   10.572759] ACPI: Processor [CP01] (supports 8 throttling states)
Nov 11 22:12:04 majikthise kernel: [   10.781994] SCSI subsystem initialized
Nov 11 22:12:04 majikthise kernel: [   10.783998] scsi0 : ata_piix
Nov 11 22:12:04 majikthise kernel: [   10.784034] scsi1 : ata_piix
Nov 11 22:12:04 majikthise kernel: [   10.784056] ata1: PATA max UDMA/33 cmd 0x000101f0 ctl 0x000103f6 bmdma 0x000110c0 irq 14
Nov 11 22:12:04 majikthise kernel: [   10.784059] ata2: PATA max UDMA/33 cmd 0x00010170 ctl 0x00010376 bmdma 0x000110c8 irq 15
Nov 11 22:12:04 majikthise kernel: [   10.790142] Fusion MPT base driver 3.04.04
Nov 11 22:12:04 majikthise kernel: [   10.790144] Copyright (c) 1999-2007 LSI Logic Corporation
Nov 11 22:12:04 majikthise kernel: [   10.795697] Fusion MPT SPI Host driver 3.04.04
Nov 11 22:12:04 majikthise kernel: [   10.803605] Intel(R) PRO/1000 Network Driver - version 7.3.20-k2-NAPI
Nov 11 22:12:04 majikthise kernel: [   10.803608] Copyright (c) 1999-2006 Intel Corporation.
Nov 11 22:12:04 majikthise kernel: [   10.847907] Floppy drive(s): fd0 is 1.44M
Nov 11 22:12:04 majikthise kernel: [   10.860055] FDC 0 is a post-1991 82077
Nov 11 22:12:04 majikthise kernel: [   11.298282] ata2.00: ATAPI: VMware Virtual IDE CDROM Drive, 00000001, max UDMA/33
Nov 11 22:12:04 majikthise kernel: [   11.457882] ata2.00: configured for UDMA/33
Nov 11 22:12:04 majikthise kernel: [   11.458056] scsi 1:0:0:0: CD-ROM            NECVMWar VMware IDE CDR10 1.00 PQ: 0 ANSI: 5
Nov 11 22:12:04 majikthise kernel: [   11.458386] ACPI: PCI Interrupt 0000:00:10.0[A] -> GSI 17 (level, low) -> IRQ 16
Nov 11 22:12:04 majikthise kernel: [   11.458480] mptbase: Initiating ioc0 bringup
Nov 11 22:12:04 majikthise kernel: [   11.462108] sr0: scsi3-mmc drive: 1x/1x xa/form2 cdda tray
Nov 11 22:12:04 majikthise kernel: [   11.462110] Uniform CD-ROM driver Revision: 3.20
Nov 11 22:12:04 majikthise kernel: [   11.462735] sr 1:0:0:0: Attached scsi generic sg0 type 5
Nov 11 22:12:04 majikthise kernel: [   11.637539] ioc0: 53C1030: Capabilities={Initiator}
Nov 11 22:12:04 majikthise kernel: [   11.967087] scsi2 : ioc0: LSI53C1030, FwRev=01032920h, Ports=1, MaxQ=128, IRQ=16
Nov 11 22:12:04 majikthise kernel: [   12.276120] scsi 2:0:0:0: Direct-Access     VMware,  VMware Virtual S 1.0  PQ: 0 ANSI: 2
Nov 11 22:12:04 majikthise kernel: [   12.276130]  target2:0:0: Beginning Domain Validation
Nov 11 22:12:04 majikthise kernel: [   12.277047]  target2:0:0: Domain Validation skipping write tests
Nov 11 22:12:04 majikthise kernel: [   12.277051]  target2:0:0: Ending Domain Validation
Nov 11 22:12:04 majikthise kernel: [   12.277087]  target2:0:0: FAST-40 WIDE SCSI 80.0 MB/s ST (25 ns, offset 127)
Nov 11 22:12:04 majikthise kernel: [   12.278690] scsi 2:0:0:0: Attached scsi generic sg1 type 0
Nov 11 22:12:04 majikthise kernel: [   12.282784] ACPI: PCI Interrupt 0000:02:00.0[A] -> GSI 18 (level, low) -> IRQ 17
Nov 11 22:12:04 majikthise kernel: [   12.290542] sd 2:0:0:0: [sda] 88080384 512-byte hardware sectors (45097 MB)
Nov 11 22:12:04 majikthise kernel: [   12.290736] sd 2:0:0:0: [sda] Write Protect is off
Nov 11 22:12:04 majikthise kernel: [   12.290875] sd 2:0:0:0: [sda] Cache data unavailable
Nov 11 22:12:04 majikthise kernel: [   12.291192] sd 2:0:0:0: [sda] 88080384 512-byte hardware sectors (45097 MB)
Nov 11 22:12:04 majikthise kernel: [   12.291252] sd 2:0:0:0: [sda] Write Protect is off
Nov 11 22:12:04 majikthise kernel: [   12.291353] sd 2:0:0:0: [sda] Cache data unavailable
Nov 11 22:12:04 majikthise kernel: [   12.291508]  sda: sda1 sda2 sda3
Nov 11 22:12:04 majikthise kernel: [   12.630855] e1000: 0000:02:00.0: e1000_probe: (PCI:66MHz:32-bit) 00:0c:29:fe:21:f1
Nov 11 22:12:04 majikthise kernel: [   12.679129] e1000: eth0: e1000_probe: Intel(R) PRO/1000 Network Connection
Nov 11 22:12:04 majikthise kernel: [   12.984406] sd 2:0:0:0: [sda] Attached SCSI disk
Nov 11 22:12:04 majikthise kernel: [   13.665904] SGI XFS with ACLs, security attributes, realtime, large block numbers, no debug enabled
Nov 11 22:12:04 majikthise kernel: [   13.666305] SGI XFS Quota Management subsystem
Nov 11 22:12:04 majikthise kernel: [   14.052360] XFS mounting filesystem sda3
Nov 11 22:12:04 majikthise kernel: [   35.592354] e1000: eth0: e1000_watchdog: NIC Link is Up 1000 Mbps Full Duplex, Flow Control: None
Nov 11 22:12:04 majikthise kernel: [   39.268973] pci_hotplug: PCI Hot Plug PCI Core version: 0.5
Nov 11 22:12:04 majikthise kernel: [   39.277468] shpchp: Standard Hot Plug PCI Controller Driver version: 0.4
Nov 11 22:12:04 majikthise kernel: [   39.299609] Linux agpgart interface v0.102 (c) Dave Jones
Nov 11 22:12:04 majikthise kernel: [   39.307720] agpgart: Detected an Intel 440BX Chipset.
Nov 11 22:12:04 majikthise kernel: [   39.308821] agpgart: AGP aperture is 256M @ 0x0
Nov 11 22:12:04 majikthise kernel: [   39.338751] NET: Registered protocol family 10
Nov 11 22:12:04 majikthise kernel: [   39.338787] lo: Disabled Privacy Extensions
Nov 11 22:12:04 majikthise kernel: [   39.370468] piix4_smbus 0000:00:07.3: Found 0000:00:07.3 device
Nov 11 22:12:04 majikthise kernel: [   39.392816] input: ImPS/2 Generic Wheel Mouse as /class/input/input2
Nov 11 22:12:04 majikthise kernel: [   40.162551] parport_pc 00:08: reported by Plug and Play ACPI
Nov 11 22:12:04 majikthise kernel: [   40.162852] parport0: PC-style at 0x378, irq 7 [PCSPP,TRISTATE]
Nov 11 22:12:04 majikthise kernel: [   40.169286] input: PC Speaker as /class/input/input3
Nov 11 22:12:04 majikthise kernel: [   40.284868] Clocksource tsc unstable (delta = 4687691614 ns)
Nov 11 22:12:04 majikthise kernel: [   40.294576] Time: acpi_pm clocksource has been installed.
Nov 11 22:12:04 majikthise kernel: [   41.396426] loop: module loaded
Nov 11 22:12:04 majikthise kernel: [   41.434095] lp0: using parport0 (interrupt-driven).
Nov 11 22:12:04 majikthise kernel: [   41.833937] Adding 1951888k swap on /dev/sda2.  Priority:-1 extents:1 across:1951888k
Nov 11 22:12:04 majikthise kernel: [   46.321394] No dock devices found.
Nov 11 22:12:04 majikthise kernel: [   46.338908] acpiphp: ACPI Hot Plug PCI Controller Driver version: 0.5
Nov 11 22:12:04 majikthise kernel: [   46.392688] acpiphp: Slot [32] registered
Nov 11 22:12:04 majikthise kernel: [   46.392702] acpiphp: Slot [33] registered
Nov 11 22:12:04 majikthise kernel: [   46.392709] acpiphp: Slot [34] registered
Nov 11 22:12:04 majikthise kernel: [   46.392715] acpiphp: Slot [35] registered
Nov 11 22:12:04 majikthise kernel: [   46.392721] acpiphp: Slot [36] registered
Nov 11 22:12:04 majikthise kernel: [   46.392727] acpiphp: Slot [37] registered
Nov 11 22:12:04 majikthise kernel: [   46.392733] acpiphp: Slot [38] registered
Nov 11 22:12:04 majikthise kernel: [   46.392739] acpiphp: Slot [39] registered
Nov 11 22:12:04 majikthise kernel: [   46.392745] acpiphp: Slot [40] registered
Nov 11 22:12:04 majikthise kernel: [   46.392751] acpiphp: Slot [41] registered
Nov 11 22:12:04 majikthise kernel: [   46.392757] acpiphp: Slot [42] registered
Nov 11 22:12:04 majikthise kernel: [   46.392763] acpiphp: Slot [43] registered
Nov 11 22:12:04 majikthise kernel: [   46.392769] acpiphp: Slot [44] registered
Nov 11 22:12:04 majikthise kernel: [   46.392777] acpiphp: Slot [45] registered
Nov 11 22:12:04 majikthise kernel: [   46.392783] acpiphp: Slot [46] registered
Nov 11 22:12:04 majikthise kernel: [   46.392789] acpiphp: Slot [47] registered
Nov 11 22:12:04 majikthise kernel: [   46.392795] acpiphp: Slot [48] registered
Nov 11 22:12:04 majikthise kernel: [   46.392801] acpiphp: Slot [49] registered
Nov 11 22:12:04 majikthise kernel: [   46.392807] acpiphp: Slot [50] registered
Nov 11 22:12:04 majikthise kernel: [   46.392813] acpiphp: Slot [51] registered
Nov 11 22:12:04 majikthise kernel: [   46.392820] acpiphp: Slot [52] registered
Nov 11 22:12:04 majikthise kernel: [   46.392826] acpiphp: Slot [53] registered
Nov 11 22:12:04 majikthise kernel: [   46.392832] acpiphp: Slot [54] registered
Nov 11 22:12:04 majikthise kernel: [   46.392838] acpiphp: Slot [55] registered
Nov 11 22:12:04 majikthise kernel: [   46.392844] acpiphp: Slot [56] registered
Nov 11 22:12:04 majikthise kernel: [   46.392851] acpiphp: Slot [57] registered
Nov 11 22:12:04 majikthise kernel: [   46.392858] acpiphp: Slot [58] registered
Nov 11 22:12:04 majikthise kernel: [   46.392865] acpiphp: Slot [59] registered
Nov 11 22:12:04 majikthise kernel: [   46.392871] acpiphp: Slot [60] registered
Nov 11 22:12:04 majikthise kernel: [   46.392878] acpiphp: Slot [61] registered
Nov 11 22:12:04 majikthise kernel: [   46.392884] acpiphp: Slot [62] registered
Nov 11 22:12:04 majikthise kernel: [   46.392890] acpiphp: Slot [63] registered
Nov 11 22:12:04 majikthise kernel: [   46.392924] acpiphp: Slot [160] registered
Nov 11 22:12:04 majikthise kernel: [   46.392938] acpiphp: Slot [192] registered
Nov 11 22:12:04 majikthise kernel: [   46.392951] acpiphp: Slot [224] registered
Nov 11 22:12:04 majikthise kernel: [   46.392965] acpiphp: Slot [256] registered
Nov 11 22:12:04 majikthise kernel: [   46.392990] acpiphp: Slot [161] registered
Nov 11 22:12:04 majikthise kernel: [   46.393005] acpiphp: Slot [162] registered
Nov 11 22:12:04 majikthise kernel: [   46.393018] acpiphp: Slot [163] registered
Nov 11 22:12:04 majikthise kernel: [   46.393030] acpiphp: Slot [164] registered
Nov 11 22:12:04 majikthise kernel: [   46.393043] acpiphp: Slot [165] registered
Nov 11 22:12:04 majikthise kernel: [   46.393057] acpiphp: Slot [166] registered
Nov 11 22:12:04 majikthise kernel: [   46.393071] acpiphp: Slot [167] registered
Nov 11 22:12:04 majikthise kernel: [   46.393084] acpiphp: Slot [193] registered
Nov 11 22:12:04 majikthise kernel: [   46.393098] acpiphp: Slot [194] registered
Nov 11 22:12:04 majikthise kernel: [   46.393110] acpiphp: Slot [195] registered
Nov 11 22:12:04 majikthise kernel: [   46.393123] acpiphp: Slot [196] registered
Nov 11 22:12:04 majikthise kernel: [   46.393137] acpiphp: Slot [197] registered
Nov 11 22:12:04 majikthise kernel: [   46.393151] acpiphp: Slot [198] registered
Nov 11 22:12:04 majikthise kernel: [   46.393175] acpiphp: Slot [199] registered
Nov 11 22:12:04 majikthise kernel: [   46.393190] acpiphp: Slot [225] registered
Nov 11 22:12:04 majikthise kernel: [   46.393204] acpiphp: Slot [226] registered
Nov 11 22:12:04 majikthise kernel: [   46.393217] acpiphp: Slot [227] registered
Nov 11 22:12:04 majikthise kernel: [   46.393230] acpiphp: Slot [228] registered
Nov 11 22:12:04 majikthise kernel: [   46.393243] acpiphp: Slot [229] registered
Nov 11 22:12:04 majikthise kernel: [   46.393257] acpiphp: Slot [230] registered
Nov 11 22:12:04 majikthise kernel: [   46.393271] acpiphp: Slot [231] registered
Nov 11 22:12:04 majikthise kernel: [   46.393284] acpiphp: Slot [257] registered
Nov 11 22:12:04 majikthise kernel: [   46.393297] acpiphp: Slot [258] registered
Nov 11 22:12:04 majikthise kernel: [   46.393310] acpiphp: Slot [259] registered
Nov 11 22:12:04 majikthise kernel: [   46.393324] acpiphp: Slot [260] registered
Nov 11 22:12:04 majikthise kernel: [   46.393340] acpiphp: Slot [261] registered
Nov 11 22:12:04 majikthise kernel: [   46.393354] acpiphp: Slot [262] registered
Nov 11 22:12:04 majikthise kernel: [   46.393367] acpiphp: Slot [263] registered
Nov 11 22:12:04 majikthise kernel: [   47.601917] vmhgfs: disagrees about version of symbol struct_module
Nov 11 22:12:04 majikthise kernel: [   48.376318] vmmemctl: disagrees about version of symbol struct_module
Nov 11 22:12:04 majikthise kernel: [   48.506821] vmci: disagrees about version of symbol struct_module
Nov 11 22:12:04 majikthise kernel: [   48.603015] vmblock: disagrees about version of symbol struct_module
Nov 11 22:12:04 majikthise kernel: [   50.846752] e1000: eth0: e1000_set_tso: TSO is Enabled
Nov 11 22:12:06 majikthise kernel: [   53.854652] Failure registering capabilities with primary security module.
Nov 11 22:18:38 majikthise kernel: [  444.413804] VMware memory control driver initialized
Nov 11 22:18:38 majikthise kernel: [  444.418890] VMware memory control driver unloaded
Nov 11 22:18:38 majikthise kernel: [  444.496802] VMware memory control driver initialized
Nov 11 22:18:38 majikthise kernel: [  444.497800] VMware memory control driver unloaded
Nov 11 22:18:38 majikthise kernel: [  444.773144] VMware memory control driver initialized
Nov 11 22:18:38 majikthise kernel: [  444.774348] VMware memory control driver unloaded
Nov 11 22:18:38 majikthise kernel: [  444.836220] VMware memory control driver initialized
Nov 11 22:18:38 majikthise kernel: [  444.837166] VMware memory control driver unloaded
Nov 11 22:18:39 majikthise kernel: [  445.138790] VMware memory control driver initialized
Nov 11 22:18:39 majikthise kernel: [  445.139854] VMware memory control driver unloaded
Nov 11 22:18:39 majikthise kernel: [  445.201563] VMware memory control driver initialized
Nov 11 22:18:39 majikthise kernel: [  445.202480] VMware memory control driver unloaded
Nov 11 22:18:39 majikthise kernel: [  445.495939] VMware memory control driver initialized
Nov 11 22:18:39 majikthise kernel: [  445.496876] VMware memory control driver unloaded
Nov 11 22:18:39 majikthise kernel: [  445.561423] VMware memory control driver initialized
Nov 11 22:18:39 majikthise kernel: [  445.562438] VMware memory control driver unloaded
Nov 11 22:18:39 majikthise kernel: [  445.838187] VMware memory control driver initialized
Nov 11 22:18:39 majikthise kernel: [  445.839138] VMware memory control driver unloaded
Nov 11 22:18:39 majikthise kernel: [  445.901235] VMware memory control driver initialized
Nov 11 22:18:39 majikthise kernel: [  445.902115] VMware memory control driver unloaded
Nov 11 22:18:40 majikthise kernel: [  446.178071] VMware memory control driver initialized
Nov 11 22:18:40 majikthise kernel: [  446.179016] VMware memory control driver unloaded
Nov 11 22:18:40 majikthise kernel: [  446.240441] VMware memory control driver initialized
Nov 11 22:18:40 majikthise kernel: [  446.241310] VMware memory control driver unloaded
Nov 11 22:18:40 majikthise kernel: [  446.520922] VMware memory control driver initialized
Nov 11 22:18:40 majikthise kernel: [  446.521858] VMware memory control driver unloaded
Nov 11 22:18:40 majikthise kernel: [  446.583846] VMware memory control driver initialized
Nov 11 22:18:40 majikthise kernel: [  446.584849] VMware memory control driver unloaded
Nov 11 22:18:40 majikthise kernel: [  446.861370] VMware memory control driver initialized
Nov 11 22:18:40 majikthise kernel: [  446.862367] VMware memory control driver unloaded
Nov 11 22:18:40 majikthise kernel: [  446.939626] VMware memory control driver initialized
Nov 11 22:18:40 majikthise kernel: [  446.940636] VMware memory control driver unloaded
Nov 11 22:18:50 majikthise kernel: [  456.304798] VMware memory control driver initialized
Nov 11 22:18:50 majikthise kernel: [  456.340078] VMCI: Major device number is: 254
Nov 11 22:18:50 majikthise kernel: [  456.340105] Probing for vmci/PCI.
Nov 11 22:18:50 majikthise kernel: [  456.340146] ACPI: PCI Interrupt 0000:00:07.7[A] -> GSI 16 (level, low) -> IRQ 18
Nov 11 22:18:50 majikthise kernel: [  456.340187] Found vmci/PCI at 0x1080, irq 18.
Nov 11 22:18:50 majikthise kernel: [  456.340279] VMCIUtil: Host capability check: PASSED
Nov 11 22:18:50 majikthise kernel: [  456.340297] Registered vmci device.
Nov 11 22:18:51 majikthise kernel: [  457.657939] e1000: eth0: e1000_set_tso: TSO is Enabled
Nov 11 22:32:38 majikthise -- MARK --
Nov 11 22:52:38 majikthise -- MARK --
Nov 11 23:12:38 majikthise -- MARK --
Nov 11 23:32:52 majikthise -- MARK --
Nov 11 23:52:52 majikthise -- MARK --
Nov 12 00:12:52 majikthise -- MARK --
Nov 12 00:33:06 majikthise -- MARK --
Nov 12 00:53:06 majikthise -- MARK --
Nov 12 01:13:06 majikthise -- MARK --
Nov 12 01:33:20 majikthise -- MARK --
Nov 12 01:53:20 majikthise -- MARK --
Nov 12 02:13:20 majikthise -- MARK --
Nov 12 02:33:20 majikthise -- MARK --
Nov 12 02:53:20 majikthise -- MARK --
Nov 12 03:13:20 majikthise -- MARK --
Nov 12 03:33:35 majikthise -- MARK --
Nov 12 03:53:35 majikthise -- MARK --
Nov 12 04:13:35 majikthise -- MARK --
Nov 12 04:33:49 majikthise -- MARK --
Nov 12 04:53:49 majikthise -- MARK --
Nov 12 05:13:49 majikthise -- MARK --
Nov 12 05:34:03 majikthise -- MARK --
Nov 12 05:54:03 majikthise -- MARK --
Nov 12 06:14:03 majikthise -- MARK --
Nov 12 06:25:34 majikthise syslogd 1.4.1#21ubuntu3: restart.
Nov 12 06:54:17 majikthise -- MARK --
Nov 12 07:14:17 majikthise -- MARK --
Nov 12 07:34:31 majikthise -- MARK --
Nov 12 07:54:31 majikthise -- MARK --
Nov 12 08:14:31 majikthise -- MARK --
Nov 12 08:34:45 majikthise -- MARK --
Nov 12 08:54:45 majikthise -- MARK --
Nov 12 09:14:45 majikthise -- MARK --
Nov 12 09:35:00 majikthise -- MARK --
Nov 12 09:55:00 majikthise -- MARK --
Nov 12 10:15:00 majikthise -- MARK --
Nov 12 10:35:15 majikthise -- MARK --
Nov 12 10:55:15 majikthise -- MARK --
Nov 12 11:15:15 majikthise -- MARK --
Nov 12 11:35:31 majikthise -- MARK --
Nov 12 11:55:31 majikthise -- MARK --
Nov 12 12:15:31 majikthise -- MARK --
Nov 12 12:35:45 majikthise -- MARK --
Nov 12 12:55:45 majikthise -- MARK --
Nov 12 13:15:45 majikthise -- MARK --
Nov 12 13:35:59 majikthise -- MARK --
Nov 12 13:55:59 majikthise -- MARK --
Nov 12 14:15:59 majikthise -- MARK --
Nov 12 14:36:13 majikthise -- MARK --
Nov 12 14:56:13 majikthise -- MARK --
Nov 12 15:16:13 majikthise -- MARK --
Nov 12 15:36:27 majikthise -- MARK --
Nov 12 15:56:27 majikthise -- MARK --
Nov 12 16:16:27 majikthise -- MARK --
Nov 12 16:36:41 majikthise -- MARK --
Nov 12 16:56:41 majikthise -- MARK --
Nov 12 17:16:41 majikthise -- MARK --
Nov 12 17:36:55 majikthise -- MARK --
Nov 12 17:56:55 majikthise -- MARK --
Nov 12 18:16:55 majikthise -- MARK --
Nov 12 18:37:19 majikthise -- MARK --
Nov 12 18:57:19 majikthise -- MARK --
Nov 12 19:17:19 majikthise -- MARK --
Nov 12 19:37:33 majikthise -- MARK --
Nov 12 19:57:33 majikthise -- MARK --
Nov 12 20:17:33 majikthise -- MARK --
Nov 12 20:37:47 majikthise -- MARK --
Nov 12 20:57:47 majikthise -- MARK --
Nov 12 21:17:47 majikthise -- MARK --
Nov 12 21:38:01 majikthise -- MARK --
Nov 12 21:58:01 majikthise -- MARK --
Nov 12 22:18:01 majikthise -- MARK --
Nov 12 22:38:15 majikthise -- MARK --
Nov 12 22:58:15 majikthise -- MARK --
Nov 12 23:18:15 majikthise -- MARK --
Nov 12 23:38:31 majikthise -- MARK --
Nov 12 23:58:31 majikthise -- MARK --
Nov 13 00:18:31 majikthise -- MARK --
Nov 13 00:38:45 majikthise -- MARK --
Nov 13 00:58:45 majikthise -- MARK --
Nov 13 01:18:45 majikthise -- MARK --
Nov 13 01:39:01 majikthise -- MARK --
Nov 13 01:59:01 majikthise -- MARK --
Nov 13 02:19:01 majikthise -- MARK --
Nov 13 02:39:01 majikthise -- MARK --
Nov 13 02:59:01 majikthise -- MARK --
Nov 13 03:19:01 majikthise -- MARK --
Nov 13 03:39:15 majikthise -- MARK --
Nov 13 03:59:15 majikthise -- MARK --
Nov 13 04:19:15 majikthise -- MARK --
Nov 13 04:39:31 majikthise -- MARK --
Nov 13 04:59:31 majikthise -- MARK --
Nov 13 05:19:31 majikthise -- MARK --
Nov 13 05:39:45 majikthise -- MARK --
Nov 13 05:59:45 majikthise -- MARK --
Nov 13 06:19:45 majikthise -- MARK --
Nov 13 06:25:04 majikthise syslogd 1.4.1#21ubuntu3: restart.
Nov 13 06:40:01 majikthise -- MARK --
Nov 13 07:00:01 majikthise -- MARK --
Nov 13 07:20:01 majikthise -- MARK --
Nov 13 07:40:15 majikthise -- MARK --
Nov 13 08:00:15 majikthise -- MARK --
Nov 13 08:20:15 majikthise -- MARK --
Nov 13 08:40:31 majikthise -- MARK --
Nov 13 09:00:31 majikthise -- MARK --
Nov 13 09:20:31 majikthise -- MARK --
Nov 13 09:40:45 majikthise -- MARK --
Nov 13 10:00:45 majikthise -- MARK --
Nov 13 10:20:45 majikthise -- MARK --
Nov 13 10:40:59 majikthise -- MARK --
Nov 13 11:00:59 majikthise -- MARK --
Nov 13 11:20:59 majikthise -- MARK --
Nov 13 11:41:13 majikthise -- MARK --
Nov 13 12:01:13 majikthise -- MARK --
Nov 13 12:21:13 majikthise -- MARK --
Nov 13 12:41:27 majikthise -- MARK --
Nov 13 13:01:27 majikthise -- MARK --
Nov 13 13:21:27 majikthise -- MARK --
Nov 13 13:41:42 majikthise -- MARK --
Nov 13 14:01:42 majikthise -- MARK --
Nov 13 14:21:42 majikthise -- MARK --
Nov 13 14:41:56 majikthise -- MARK --
Nov 13 15:01:56 majikthise -- MARK --
Nov 13 15:21:56 majikthise -- MARK --
Nov 13 15:42:12 majikthise -- MARK --
Nov 13 16:02:12 majikthise -- MARK --
Nov 13 16:22:12 majikthise -- MARK --
Nov 13 16:42:27 majikthise -- MARK --
Nov 13 17:02:27 majikthise -- MARK --
Nov 13 17:22:27 majikthise -- MARK --
Nov 28 15:03:10 majikthise kernel: [155424.981468] VMCIUtil: Updating context id from 0xffffffff to 0x3dfe21f1 on event 0.
Nov 28 15:18:00 majikthise -- MARK --
Nov 28 15:38:23 majikthise -- MARK --
Nov 28 15:58:23 majikthise -- MARK --
Nov 28 16:18:23 majikthise -- MARK --
Nov 28 16:38:33 majikthise -- MARK --
Nov 28 16:58:33 majikthise -- MARK --
Nov 28 17:18:33 majikthise -- MARK --
Nov 28 17:38:42 majikthise -- MARK --
Nov 28 17:58:42 majikthise -- MARK --
Nov 28 18:18:42 majikthise -- MARK --
Nov 28 18:38:51 majikthise -- MARK --
Nov 28 18:58:52 majikthise -- MARK --
Nov 28 19:18:52 majikthise -- MARK --
Nov 28 19:39:01 majikthise -- MARK --
Nov 28 19:59:01 majikthise -- MARK --
Nov 28 20:19:01 majikthise -- MARK --
Nov 28 20:39:10 majikthise -- MARK --
Nov 28 20:59:10 majikthise -- MARK --
Nov 28 21:19:10 majikthise -- MARK --
Nov 28 21:39:25 majikthise -- MARK --
Nov 28 21:59:25 majikthise -- MARK --
Nov 28 22:19:29 majikthise -- MARK --
Nov 28 22:39:34 majikthise -- MARK --
Nov 28 22:59:34 majikthise -- MARK --
Nov 28 23:19:39 majikthise -- MARK --
Nov 28 23:39:48 majikthise -- MARK --
Nov 28 23:59:48 majikthise -- MARK --
Nov 29 00:19:53 majikthise -- MARK --
Nov 29 00:40:02 majikthise -- MARK --
Nov 29 01:00:02 majikthise -- MARK --
Nov 29 01:20:07 majikthise -- MARK --
Nov 29 01:40:16 majikthise -- MARK --
Nov 29 02:00:16 majikthise -- MARK --
Nov 29 02:20:31 majikthise -- MARK --
Nov 29 02:40:31 majikthise -- MARK --
Nov 29 03:00:31 majikthise -- MARK --
Nov 29 03:20:45 majikthise -- MARK --
Nov 29 03:40:45 majikthise -- MARK --
Nov 29 04:00:45 majikthise -- MARK --
Nov 29 04:20:59 majikthise -- MARK --
Nov 29 04:40:59 majikthise -- MARK --
Nov 29 05:00:59 majikthise -- MARK --
Nov 29 05:21:13 majikthise -- MARK --
Nov 29 05:41:13 majikthise -- MARK --
Nov 29 06:01:13 majikthise -- MARK --
Nov 29 06:21:13 majikthise -- MARK --
Nov 29 06:25:09 majikthise syslogd 1.4.1#21ubuntu3: restart.
Nov 29 06:41:13 majikthise -- MARK --
Nov 29 07:01:13 majikthise -- MARK --
Nov 29 07:21:27 majikthise -- MARK --
Nov 29 07:41:27 majikthise -- MARK --
Nov 29 08:01:27 majikthise -- MARK --
Nov 29 08:21:41 majikthise -- MARK --
Nov 29 08:41:41 majikthise -- MARK --
Nov 29 09:01:42 majikthise -- MARK --
Nov 29 09:21:56 majikthise -- MARK --
Nov 29 09:41:56 majikthise -- MARK --
Nov 29 10:01:56 majikthise -- MARK --
Nov 29 10:22:10 majikthise -- MARK --
Nov 29 10:42:10 majikthise -- MARK --
Nov 29 11:02:10 majikthise -- MARK --
Nov 29 11:22:24 majikthise -- MARK --
Nov 29 11:42:24 majikthise -- MARK --
Nov 29 12:02:24 majikthise -- MARK --
Nov 29 12:22:38 majikthise -- MARK --
Nov 29 12:42:38 majikthise -- MARK --
Nov 29 13:02:38 majikthise -- MARK --
Nov 29 13:22:52 majikthise -- MARK --
Nov 29 13:42:52 majikthise -- MARK --
Nov 29 14:02:52 majikthise -- MARK --
Nov 29 14:23:07 majikthise -- MARK --
Nov 29 14:43:07 majikthise -- MARK --
Nov 29 15:03:07 majikthise -- MARK --
Nov 29 15:23:21 majikthise -- MARK --
Nov 29 15:43:21 majikthise -- MARK --
Nov 29 15:55:21 majikthise kernel: [244754.769532] e0a21f80
Nov 29 15:55:21 majikthise kernel: [244754.769647] Modules linked in: vmblock vsock vmci vmmemctl vmhgfs pvscsi acpiphp dock ext2 mbcache lp loop pcspkr parport_pc parport psmouse serio_raw i2c_piix4 evdev ipv6 intel_agp agpgart shpchp pci_hotplug i2c_core xfs sd_mod sg sr_mod cdrom floppy e1000 mptspi mptscsih mptbase scsi_transport_spi ata_piix ata_generic libata scsi_mod thermal processor fan fuse apparmor commoncap
Nov 29 15:55:26 majikthise kernel: [244760.011428] e0a21f80
Nov 29 15:55:26 majikthise kernel: [244760.014363] Modules linked in: vmblock vsock vmci vmmemctl vmhgfs pvscsi acpiphp dock ext2 mbcache lp loop pcspkr parport_pc parport psmouse serio_raw i2c_piix4 evdev ipv6 intel_agp agpgart shpchp pci_hotplug i2c_core xfs sd_mod sg sr_mod cdrom floppy e1000 mptspi mptscsih mptbase scsi_transport_spi ata_piix ata_generic libata scsi_mod thermal processor fan fuse apparmor commoncap
Nov 29 15:55:29 majikthise kernel: [244763.207299] e0a21f80
Nov 29 15:55:29 majikthise kernel: [244763.207805] Modules linked in: vmblock vsock vmci vmmemctl vmhgfs pvscsi acpiphp dock ext2 mbcache lp loop pcspkr parport_pc parport psmouse serio_raw i2c_piix4 evdev ipv6 intel_agp agpgart shpchp pci_hotplug i2c_core xfs sd_mod sg sr_mod cdrom floppy e1000 mptspi mptscsih mptbase scsi_transport_spi ata_piix ata_generic libata scsi_mod thermal processor fan fuse apparmor commoncap
Nov 29 15:55:34 majikthise kernel: [244767.980495] e0a21f80
Nov 29 15:55:34 majikthise kernel: [244767.981138] Modules linked in: vmblock vsock vmci vmmemctl vmhgfs pvscsi acpiphp dock ext2 mbcache lp loop pcspkr parport_pc parport psmouse serio_raw i2c_piix4 evdev ipv6 intel_agp agpgart shpchp pci_hotplug i2c_core xfs sd_mod sg sr_mod cdrom floppy e1000 mptspi mptscsih mptbase scsi_transport_spi ata_piix ata_generic libata scsi_mod thermal processor fan fuse apparmor commoncap
Nov 29 15:55:36 majikthise kernel: [244769.991450] e0a21f80
Nov 29 15:55:36 majikthise kernel: [244769.992443] Modules linked in: vmblock vsock vmci vmmemctl vmhgfs pvscsi acpiphp dock ext2 mbcache lp loop pcspkr parport_pc parport psmouse serio_raw i2c_piix4 evdev ipv6 intel_agp agpgart shpchp pci_hotplug i2c_core xfs sd_mod sg sr_mod cdrom floppy e1000 mptspi mptscsih mptbase scsi_transport_spi ata_piix ata_generic libata scsi_mod thermal processor fan fuse apparmor commoncap
Nov 29 15:55:38 majikthise kernel: [244771.365615] e0a21f80
Nov 29 15:55:38 majikthise kernel: [244771.366510] Modules linked in: vmblock vsock vmci vmmemctl vmhgfs pvscsi acpiphp dock ext2 mbcache lp loop pcspkr parport_pc parport psmouse serio_raw i2c_piix4 evdev ipv6 intel_agp agpgart shpchp pci_hotplug i2c_core xfs sd_mod sg sr_mod cdrom floppy e1000 mptspi mptscsih mptbase scsi_transport_spi ata_piix ata_generic libata scsi_mod thermal processor fan fuse apparmor commoncap
Nov 29 15:55:38 majikthise kernel: [244771.982205] e0a21f80
Nov 29 15:55:38 majikthise kernel: [244772.039066] Modules linked in: vmblock vsock vmci vmmemctl vmhgfs pvscsi acpiphp dock ext2 mbcache lp loop pcspkr parport_pc parport psmouse serio_raw i2c_piix4 evdev ipv6 intel_agp agpgart shpchp pci_hotplug i2c_core xfs sd_mod sg sr_mod cdrom floppy e1000 mptspi mptscsih mptbase scsi_transport_spi ata_piix ata_generic libata scsi_mod thermal processor fan fuse apparmor commoncap
Nov 29 15:55:41 majikthise kernel: [244775.185816] e0a21f80
Nov 29 15:55:41 majikthise kernel: [244775.186829] Modules linked in: vmblock vsock vmci vmmemctl vmhgfs pvscsi acpiphp dock ext2 mbcache lp loop pcspkr parport_pc parport psmouse serio_raw i2c_piix4 evdev ipv6 intel_agp agpgart shpchp pci_hotplug i2c_core xfs sd_mod sg sr_mod cdrom floppy e1000 mptspi mptscsih mptbase scsi_transport_spi ata_piix ata_generic libata scsi_mod thermal processor fan fuse apparmor commoncap
Nov 29 15:55:42 majikthise kernel: [244775.794381] e0a21f80
Nov 29 15:55:42 majikthise kernel: [244775.795305] Modules linked in: vmblock vsock vmci vmmemctl vmhgfs pvscsi acpiphp dock ext2 mbcache lp loop pcspkr parport_pc parport psmouse serio_raw i2c_piix4 evdev ipv6 intel_agp agpgart shpchp pci_hotplug i2c_core xfs sd_mod sg sr_mod cdrom floppy e1000 mptspi mptscsih mptbase scsi_transport_spi ata_piix ata_generic libata scsi_mod thermal processor fan fuse apparmor commoncap
Nov 29 15:55:42 majikthise kernel: [244775.965473] e0a21f80
Nov 29 15:55:42 majikthise kernel: [244775.966440] Modules linked in: vmblock vsock vmci vmmemctl vmhgfs pvscsi acpiphp dock ext2 mbcache lp loop pcspkr parport_pc parport psmouse serio_raw i2c_piix4 evdev ipv6 intel_agp agpgart shpchp pci_hotplug i2c_core xfs sd_mod sg sr_mod cdrom floppy e1000 mptspi mptscsih mptbase scsi_transport_spi ata_piix ata_generic libata scsi_mod thermal processor fan fuse apparmor commoncap
Nov 29 15:55:44 majikthise kernel: [244777.981668] e0a21f80
Nov 29 15:55:44 majikthise kernel: [244777.982617] Modules linked in: vmblock vsock vmci vmmemctl vmhgfs pvscsi acpiphp dock ext2 mbcache lp loop pcspkr parport_pc parport psmouse serio_raw i2c_piix4 evdev ipv6 intel_agp agpgart shpchp pci_hotplug i2c_core xfs sd_mod sg sr_mod cdrom floppy e1000 mptspi mptscsih mptbase scsi_transport_spi ata_piix ata_generic libata scsi_mod thermal processor fan fuse apparmor commoncap
Nov 29 15:55:48 majikthise kernel: [244781.959175] e0a21f80
Nov 29 15:55:48 majikthise kernel: [244781.960166] Modules linked in: vmblock vsock vmci vmmemctl vmhgfs pvscsi acpiphp dock ext2 mbcache lp loop pcspkr parport_pc parport psmouse serio_raw i2c_piix4 evdev ipv6 intel_agp agpgart shpchp pci_hotplug i2c_core xfs sd_mod sg sr_mod cdrom floppy e1000 mptspi mptscsih mptbase scsi_transport_spi ata_piix ata_generic libata scsi_mod thermal processor fan fuse apparmor commoncap
Nov 29 15:55:48 majikthise kernel: [244782.019882] e0a21f80
Nov 29 15:55:48 majikthise kernel: [244782.020540] Modules linked in: vmblock vsock vmci vmmemctl vmhgfs pvscsi acpiphp dock ext2 mbcache lp loop pcspkr parport_pc parport psmouse serio_raw i2c_piix4 evdev ipv6 intel_agp agpgart shpchp pci_hotplug i2c_core xfs sd_mod sg sr_mod cdrom floppy e1000 mptspi mptscsih mptbase scsi_transport_spi ata_piix ata_generic libata scsi_mod thermal processor fan fuse apparmor commoncap
Nov 29 15:55:52 majikthise kernel: [244785.941174] e0a21f80
Nov 29 15:55:52 majikthise kernel: [244785.942101] Modules linked in: vmblock vsock vmci vmmemctl vmhgfs pvscsi acpiphp dock ext2 mbcache lp loop pcspkr parport_pc parport psmouse serio_raw i2c_piix4 evdev ipv6 intel_agp agpgart shpchp pci_hotplug i2c_core xfs sd_mod sg sr_mod cdrom floppy e1000 mptspi mptscsih mptbase scsi_transport_spi ata_piix ata_generic libata scsi_mod thermal processor fan fuse apparmor commoncap
Nov 29 15:55:54 majikthise kernel: [244787.338160] e0a21f80
Nov 29 15:55:54 majikthise kernel: [244787.394778] Modules linked in: vmblock vsock vmci vmmemctl vmhgfs pvscsi acpiphp dock ext2 mbcache lp loop pcspkr parport_pc parport psmouse serio_raw i2c_piix4 evdev ipv6 intel_agp agpgart shpchp pci_hotplug i2c_core xfs sd_mod sg sr_mod cdrom floppy e1000 mptspi mptscsih mptbase scsi_transport_spi ata_piix ata_generic libata scsi_mod thermal processor fan fuse apparmor commoncap
Nov 29 15:55:58 majikthise kernel: [244791.934944] e0a21f80
Nov 29 15:55:58 majikthise kernel: [244791.935883] Modules linked in: vmblock vsock vmci vmmemctl vmhgfs pvscsi acpiphp dock ext2 mbcache lp loop pcspkr parport_pc parport psmouse serio_raw i2c_piix4 evdev ipv6 intel_agp agpgart shpchp pci_hotplug i2c_core xfs sd_mod sg sr_mod cdrom floppy e1000 mptspi mptscsih mptbase scsi_transport_spi ata_piix ata_generic libata scsi_mod thermal processor fan fuse apparmor commoncap
Nov 29 15:56:00 majikthise kernel: [244793.925578] e0a21f80
Nov 29 15:56:00 majikthise kernel: [244793.926514] Modules linked in: vmblock vsock vmci vmmemctl vmhgfs pvscsi acpiphp dock ext2 mbcache lp loop pcspkr parport_pc parport psmouse serio_raw i2c_piix4 evdev ipv6 intel_agp agpgart shpchp pci_hotplug i2c_core xfs sd_mod sg sr_mod cdrom floppy e1000 mptspi mptscsih mptbase scsi_transport_spi ata_piix ata_generic libata scsi_mod thermal processor fan fuse apparmor commoncap
Nov 29 15:56:02 majikthise kernel: [244795.919365] e0a21f80
Nov 29 15:56:02 majikthise kernel: [244795.920298] Modules linked in: vmblock vsock vmci vmmemctl vmhgfs pvscsi acpiphp dock ext2 mbcache lp loop pcspkr parport_pc parport psmouse serio_raw i2c_piix4 evdev ipv6 intel_agp agpgart shpchp pci_hotplug i2c_core xfs sd_mod sg sr_mod cdrom floppy e1000 mptspi mptscsih mptbase scsi_transport_spi ata_piix ata_generic libata scsi_mod thermal processor fan fuse apparmor commoncap
Nov 29 15:56:06 majikthise kernel: [244799.307816] e0a21f80
Nov 29 15:56:06 majikthise kernel: [244799.308750] Modules linked in: vmblock vsock vmci vmmemctl vmhgfs pvscsi acpiphp dock ext2 mbcache lp loop pcspkr parport_pc parport psmouse serio_raw i2c_piix4 evdev ipv6 intel_agp agpgart shpchp pci_hotplug i2c_core xfs sd_mod sg sr_mod cdrom floppy e1000 mptspi mptscsih mptbase scsi_transport_spi ata_piix ata_generic libata scsi_mod thermal processor fan fuse apparmor commoncap
Nov 29 15:56:06 majikthise kernel: [244799.918248] e0a21f80
Nov 29 15:56:06 majikthise kernel: [244799.919216] Modules linked in: vmblock vsock vmci vmmemctl vmhgfs pvscsi acpiphp dock ext2 mbcache lp loop pcspkr parport_pc parport psmouse serio_raw i2c_piix4 evdev ipv6 intel_agp agpgart shpchp pci_hotplug i2c_core xfs sd_mod sg sr_mod cdrom floppy e1000 mptspi mptscsih mptbase scsi_transport_spi ata_piix ata_generic libata scsi_mod thermal processor fan fuse apparmor commoncap
Nov 29 15:56:08 majikthise kernel: [244801.916500] e0a21f80
Nov 29 15:56:08 majikthise kernel: [244801.917436] Modules linked in: vmblock vsock vmci vmmemctl vmhgfs pvscsi acpiphp dock ext2 mbcache lp loop pcspkr parport_pc parport psmouse serio_raw i2c_piix4 evdev ipv6 intel_agp agpgart shpchp pci_hotplug i2c_core xfs sd_mod sg sr_mod cdrom floppy e1000 mptspi mptscsih mptbase scsi_transport_spi ata_piix ata_generic libata scsi_mod thermal processor fan fuse apparmor commoncap
Nov 29 15:56:12 majikthise kernel: [244805.896647] e0a21f80
Nov 29 15:56:12 majikthise kernel: [244805.897631] Modules linked in: vmblock vsock vmci vmmemctl vmhgfs pvscsi acpiphp dock ext2 mbcache lp loop pcspkr parport_pc parport psmouse serio_raw i2c_piix4 evdev ipv6 intel_agp agpgart shpchp pci_hotplug i2c_core xfs sd_mod sg sr_mod cdrom floppy e1000 mptspi mptscsih mptbase scsi_transport_spi ata_piix ata_generic libata scsi_mod thermal processor fan fuse apparmor commoncap
Nov 29 15:56:14 majikthise kernel: [244807.904267] e0a21f80
Nov 29 15:56:14 majikthise kernel: [244807.905208] Modules linked in: vmblock vsock vmci vmmemctl vmhgfs pvscsi acpiphp dock ext2 mbcache lp loop pcspkr parport_pc parport psmouse serio_raw i2c_piix4 evdev ipv6 intel_agp agpgart shpchp pci_hotplug i2c_core xfs sd_mod sg sr_mod cdrom floppy e1000 mptspi mptscsih mptbase scsi_transport_spi ata_piix ata_generic libata scsi_mod thermal processor fan fuse apparmor commoncap
Nov 29 15:56:17 majikthise kernel: [244810.905148] e0a21f80
Nov 29 15:56:17 majikthise kernel: [244810.906105] Modules linked in: vmblock vsock vmci vmmemctl vmhgfs pvscsi acpiphp dock ext2 mbcache lp loop pcspkr parport_pc parport psmouse serio_raw i2c_piix4 evdev ipv6 intel_agp agpgart shpchp pci_hotplug i2c_core xfs sd_mod sg sr_mod cdrom floppy e1000 mptspi mptscsih mptbase scsi_transport_spi ata_piix ata_generic libata scsi_mod thermal processor fan fuse apparmor commoncap
Nov 29 15:56:18 majikthise kernel: [244811.884182] e0a21f80
Nov 29 15:56:18 majikthise kernel: [244811.885126] Modules linked in: vmblock vsock vmci vmmemctl vmhgfs pvscsi acpiphp dock ext2 mbcache lp loop pcspkr parport_pc parport psmouse serio_raw i2c_piix4 evdev ipv6 intel_agp agpgart shpchp pci_hotplug i2c_core xfs sd_mod sg sr_mod cdrom floppy e1000 mptspi mptscsih mptbase scsi_transport_spi ata_piix ata_generic libata scsi_mod thermal processor fan fuse apparmor commoncap
Nov 29 15:56:18 majikthise kernel: [244812.098971] e0a21f80
Nov 29 15:56:18 majikthise kernel: [244812.099904] Modules linked in: vmblock vsock vmci vmmemctl vmhgfs pvscsi acpiphp dock ext2 mbcache lp loop pcspkr parport_pc parport psmouse serio_raw i2c_piix4 evdev ipv6 intel_agp agpgart shpchp pci_hotplug i2c_core xfs sd_mod sg sr_mod cdrom floppy e1000 mptspi mptscsih mptbase scsi_transport_spi ata_piix ata_generic libata scsi_mod thermal processor fan fuse apparmor commoncap
Nov 29 15:56:20 majikthise kernel: [244813.880929] e0a21f80
Nov 29 15:56:20 majikthise kernel: [244813.881870] Modules linked in: vmblock vsock vmci vmmemctl vmhgfs pvscsi acpiphp dock ext2 mbcache lp loop pcspkr parport_pc parport psmouse serio_raw i2c_piix4 evdev ipv6 intel_agp agpgart shpchp pci_hotplug i2c_core xfs sd_mod sg sr_mod cdrom floppy e1000 mptspi mptscsih mptbase scsi_transport_spi ata_piix ata_generic libata scsi_mod thermal processor fan fuse apparmor commoncap
Nov 29 15:56:24 majikthise kernel: [244817.896411] e0a21f80
Nov 29 15:56:24 majikthise kernel: [244817.897353] Modules linked in: vmblock vsock vmci vmmemctl vmhgfs pvscsi acpiphp dock ext2 mbcache lp loop pcspkr parport_pc parport psmouse serio_raw i2c_piix4 evdev ipv6 intel_agp agpgart shpchp pci_hotplug i2c_core xfs sd_mod sg sr_mod cdrom floppy e1000 mptspi mptscsih mptbase scsi_transport_spi ata_piix ata_generic libata scsi_mod thermal processor fan fuse apparmor commoncap
Nov 29 15:56:28 majikthise kernel: [244821.873110] e0a21f80
Nov 29 15:56:28 majikthise kernel: [244821.874042] Modules linked in: vmblock vsock vmci vmmemctl vmhgfs pvscsi acpiphp dock ext2 mbcache lp loop pcspkr parport_pc parport psmouse serio_raw i2c_piix4 evdev ipv6 intel_agp agpgart shpchp pci_hotplug i2c_core xfs sd_mod sg sr_mod cdrom floppy e1000 mptspi mptscsih mptbase scsi_transport_spi ata_piix ata_generic libata scsi_mod thermal processor fan fuse apparmor commoncap
Nov 29 15:56:30 majikthise kernel: [244823.858244] e0a21f80
Nov 29 15:56:30 majikthise kernel: [244823.859186] Modules linked in: vmblock vsock vmci vmmemctl vmhgfs pvscsi acpiphp dock ext2 mbcache lp loop pcspkr parport_pc parport psmouse serio_raw i2c_piix4 evdev ipv6 intel_agp agpgart shpchp pci_hotplug i2c_core xfs sd_mod sg sr_mod cdrom floppy e1000 mptspi mptscsih mptbase scsi_transport_spi ata_piix ata_generic libata scsi_mod thermal processor fan fuse apparmor commoncap
Nov 29 15:56:34 majikthise kernel: [244827.862239] e0a21f80
Nov 29 15:56:34 majikthise kernel: [244827.863175] Modules linked in: vmblock vsock vmci vmmemctl vmhgfs pvscsi acpiphp dock ext2 mbcache lp loop pcspkr parport_pc parport psmouse serio_raw i2c_piix4 evdev ipv6 intel_agp agpgart shpchp pci_hotplug i2c_core xfs sd_mod sg sr_mod cdrom floppy e1000 mptspi mptscsih mptbase scsi_transport_spi ata_piix ata_generic libata scsi_mod thermal processor fan fuse apparmor commoncap
Nov 29 15:56:36 majikthise kernel: [244829.855062] e0a21f80
Nov 29 15:56:36 majikthise kernel: [244829.856004] Modules linked in: vmblock vsock vmci vmmemctl vmhgfs pvscsi acpiphp dock ext2 mbcache lp loop pcspkr parport_pc parport psmouse serio_raw i2c_piix4 evdev ipv6 intel_agp agpgart shpchp pci_hotplug i2c_core xfs sd_mod sg sr_mod cdrom floppy e1000 mptspi mptscsih mptbase scsi_transport_spi ata_piix ata_generic libata scsi_mod thermal processor fan fuse apparmor commoncap
Nov 29 15:56:38 majikthise kernel: [244831.848137] e0a21f80
Nov 29 15:56:38 majikthise kernel: [244831.849072] Modules linked in: vmblock vsock vmci vmmemctl vmhgfs pvscsi acpiphp dock ext2 mbcache lp loop pcspkr parport_pc parport psmouse serio_raw i2c_piix4 evdev ipv6 intel_agp agpgart shpchp pci_hotplug i2c_core xfs sd_mod sg sr_mod cdrom floppy e1000 mptspi mptscsih mptbase scsi_transport_spi ata_piix ata_generic libata scsi_mod thermal processor fan fuse apparmor commoncap
Nov 29 15:56:42 majikthise kernel: [244835.843917] e0a21f80
Nov 29 15:56:42 majikthise kernel: [244835.844861] Modules linked in: vmblock vsock vmci vmmemctl vmhgfs pvscsi acpiphp dock ext2 mbcache lp loop pcspkr parport_pc parport psmouse serio_raw i2c_piix4 evdev ipv6 intel_agp agpgart shpchp pci_hotplug i2c_core xfs sd_mod sg sr_mod cdrom floppy e1000 mptspi mptscsih mptbase scsi_transport_spi ata_piix ata_generic libata scsi_mod thermal processor fan fuse apparmor commoncap
Nov 29 15:56:46 majikthise kernel: [244839.828578] e0a21f80
Nov 29 15:56:46 majikthise kernel: [244839.829553] Modules linked in: vmblock vsock vmci vmmemctl vmhgfs pvscsi acpiphp dock ext2 mbcache lp loop pcspkr parport_pc parport psmouse serio_raw i2c_piix4 evdev ipv6 intel_agp agpgart shpchp pci_hotplug i2c_core xfs sd_mod sg sr_mod cdrom floppy e1000 mptspi mptscsih mptbase scsi_transport_spi ata_piix ata_generic libata scsi_mod thermal processor fan fuse apparmor commoncap
Nov 29 15:56:48 majikthise kernel: [244841.820613] e0a21f80
Nov 29 15:56:48 majikthise kernel: [244841.821554] Modules linked in: vmblock vsock vmci vmmemctl vmhgfs pvscsi acpiphp dock ext2 mbcache lp loop pcspkr parport_pc parport psmouse serio_raw i2c_piix4 evdev ipv6 intel_agp agpgart shpchp pci_hotplug i2c_core xfs sd_mod sg sr_mod cdrom floppy e1000 mptspi mptscsih mptbase scsi_transport_spi ata_piix ata_generic libata scsi_mod thermal processor fan fuse apparmor commoncap
Nov 29 15:56:52 majikthise kernel: [244845.407590] e0a21f80
Nov 29 15:56:52 majikthise kernel: [244845.408530] Modules linked in: vmblock vsock vmci vmmemctl vmhgfs pvscsi acpiphp dock ext2 mbcache lp loop pcspkr parport_pc parport psmouse serio_raw i2c_piix4 evdev ipv6 intel_agp agpgart shpchp pci_hotplug i2c_core xfs sd_mod sg sr_mod cdrom floppy e1000 mptspi mptscsih mptbase scsi_transport_spi ata_piix ata_generic libata scsi_mod thermal processor fan fuse apparmor commoncap
Nov 29 15:56:52 majikthise kernel: [244845.838569] e0a21f80
Nov 29 15:56:52 majikthise kernel: [244845.839575] Modules linked in: vmblock vsock vmci vmmemctl vmhgfs pvscsi acpiphp dock ext2 mbcache lp loop pcspkr parport_pc parport psmouse serio_raw i2c_piix4 evdev ipv6 intel_agp agpgart shpchp pci_hotplug i2c_core xfs sd_mod sg sr_mod cdrom floppy e1000 mptspi mptscsih mptbase scsi_transport_spi ata_piix ata_generic libata scsi_mod thermal processor fan fuse apparmor commoncap
Nov 29 15:56:53 majikthise kernel: [244846.992866] e0a21f80
Nov 29 15:56:53 majikthise kernel: [244846.993773] Modules linked in: vmblock vsock vmci vmmemctl vmhgfs pvscsi acpiphp dock ext2 mbcache lp loop pcspkr parport_pc parport psmouse serio_raw i2c_piix4 evdev ipv6 intel_agp agpgart shpchp pci_hotplug i2c_core xfs sd_mod sg sr_mod cdrom floppy e1000 mptspi mptscsih mptbase scsi_transport_spi ata_piix ata_generic libata scsi_mod thermal processor fan fuse apparmor commoncap
Nov 29 15:56:55 majikthise kernel: [244849.039751] e0a21f80
Nov 29 15:56:55 majikthise kernel: [244849.091338] Modules linked in: vmblock vsock vmci vmmemctl vmhgfs pvscsi acpiphp dock ext2 mbcache lp loop pcspkr parport_pc parport psmouse serio_raw i2c_piix4 evdev ipv6 intel_agp agpgart shpchp pci_hotplug i2c_core xfs sd_mod sg sr_mod cdrom floppy e1000 mptspi mptscsih mptbase scsi_transport_spi ata_piix ata_generic libata scsi_mod thermal processor fan fuse apparmor commoncap
Nov 29 15:57:00 majikthise kernel: [244853.220345] e0a21f80
Nov 29 15:57:00 majikthise kernel: [244853.221280] Modules linked in: vmblock vsock vmci vmmemctl vmhgfs pvscsi acpiphp dock ext2 mbcache lp loop pcspkr parport_pc parport psmouse serio_raw i2c_piix4 evdev ipv6 intel_agp agpgart shpchp pci_hotplug i2c_core xfs sd_mod sg sr_mod cdrom floppy e1000 mptspi mptscsih mptbase scsi_transport_spi ata_piix ata_generic libata scsi_mod thermal processor fan fuse apparmor commoncap
Nov 29 15:57:00 majikthise kernel: [244853.640047] e0a21f80
Nov 29 15:57:00 majikthise kernel: [244853.641091] Modules linked in: vmblock vsock vmci vmmemctl vmhgfs pvscsi acpiphp dock ext2 mbcache lp loop pcspkr parport_pc parport psmouse serio_raw i2c_piix4 evdev ipv6 intel_agp agpgart shpchp pci_hotplug i2c_core xfs sd_mod sg sr_mod cdrom floppy e1000 mptspi mptscsih mptbase scsi_transport_spi ata_piix ata_generic libata scsi_mod thermal processor fan fuse apparmor commoncap
Nov 29 15:57:00 majikthise kernel: [244853.852669] e0a21f80
Nov 29 15:57:00 majikthise kernel: [244853.853533] Modules linked in: vmblock vsock vmci vmmemctl vmhgfs pvscsi acpiphp dock ext2 mbcache lp loop pcspkr parport_pc parport psmouse serio_raw i2c_piix4 evdev ipv6 intel_agp agpgart shpchp pci_hotplug i2c_core xfs sd_mod sg sr_mod cdrom floppy e1000 mptspi mptscsih mptbase scsi_transport_spi ata_piix ata_generic libata scsi_mod thermal processor fan fuse apparmor commoncap
Nov 29 15:57:02 majikthise kernel: [244855.814441] e0a21f80
Nov 29 15:57:02 majikthise kernel: [244855.815374] Modules linked in: vmblock vsock vmci vmmemctl vmhgfs pvscsi acpiphp dock ext2 mbcache lp loop pcspkr parport_pc parport psmouse serio_raw i2c_piix4 evdev ipv6 intel_agp agpgart shpchp pci_hotplug i2c_core xfs sd_mod sg sr_mod cdrom floppy e1000 mptspi mptscsih mptbase scsi_transport_spi ata_piix ata_generic libata scsi_mod thermal processor fan fuse apparmor commoncap
Nov 29 15:57:04 majikthise kernel: [244857.824255] e0a21f80
Nov 29 15:57:04 majikthise kernel: [244857.825225] Modules linked in: vmblock vsock vmci vmmemctl vmhgfs pvscsi acpiphp dock ext2 mbcache lp loop pcspkr parport_pc parport psmouse serio_raw i2c_piix4 evdev ipv6 intel_agp agpgart shpchp pci_hotplug i2c_core xfs sd_mod sg sr_mod cdrom floppy e1000 mptspi mptscsih mptbase scsi_transport_spi ata_piix ata_generic libata scsi_mod thermal processor fan fuse apparmor commoncap
Nov 29 16:23:37 majikthise -- MARK --
Nov 29 16:43:37 majikthise -- MARK --
Nov 29 17:03:37 majikthise -- MARK --
Nov 29 17:23:51 majikthise -- MARK --
Nov 29 17:43:51 majikthise -- MARK --
Nov 29 18:03:51 majikthise -- MARK --
Nov 29 18:24:14 majikthise -- MARK --
Nov 29 18:44:14 majikthise -- MARK --
Nov 29 19:04:14 majikthise -- MARK --
Nov 29 19:24:29 majikthise -- MARK --
Nov 29 19:44:29 majikthise -- MARK --
Nov 29 20:04:29 majikthise -- MARK --
Nov 29 20:24:43 majikthise -- MARK --
Nov 29 20:44:43 majikthise -- MARK --
Nov 29 21:04:43 majikthise -- MARK --
Nov 29 21:24:57 majikthise -- MARK --
Nov 29 21:44:57 majikthise -- MARK --
Nov 29 22:04:57 majikthise -- MARK --
Nov 29 22:25:16 majikthise -- MARK --
Nov 29 22:45:16 majikthise -- MARK --
Nov 29 23:05:16 majikthise -- MARK --
Nov 29 23:25:35 majikthise -- MARK --
Nov 29 23:45:35 majikthise -- MARK --
Nov 30 00:05:35 majikthise -- MARK --
Nov 30 00:25:51 majikthise -- MARK --
Nov 30 00:45:51 majikthise -- MARK --
Nov 30 01:05:51 majikthise -- MARK --
Nov 30 01:21:45 majikthise kernel: [278662.995113] e0a21f80
Nov 30 01:21:45 majikthise kernel: [278662.995794] Modules linked in: vmblock vsock vmci vmmemctl vmhgfs pvscsi acpiphp dock ext2 mbcache lp loop pcspkr parport_pc parport psmouse serio_raw i2c_piix4 evdev ipv6 intel_agp agpgart shpchp pci_hotplug i2c_core xfs sd_mod sg sr_mod cdrom floppy e1000 mptspi mptscsih mptbase scsi_transport_spi ata_piix ata_generic libata scsi_mod thermal processor fan fuse apparmor commoncap
Nov 30 01:46:12 majikthise -- MARK --
Nov 30 02:06:12 majikthise -- MARK --
Nov 30 02:26:31 majikthise -- MARK --
Nov 30 02:46:31 majikthise -- MARK --
Nov 30 03:06:31 majikthise -- MARK --
Nov 30 03:26:49 majikthise -- MARK --
Nov 30 03:46:49 majikthise -- MARK --
Nov 30 04:06:49 majikthise -- MARK --
Nov 30 04:27:04 majikthise -- MARK --
Nov 30 04:47:04 majikthise -- MARK --
Nov 30 05:07:04 majikthise -- MARK --
Nov 30 05:27:25 majikthise -- MARK --
Nov 30 05:47:25 majikthise -- MARK --
Nov 30 06:07:25 majikthise -- MARK --
Nov 30 06:25:04 majikthise syslogd 1.4.1#21ubuntu3: restart.
Nov 30 06:47:25 majikthise -- MARK --
Nov 30 07:07:25 majikthise -- MARK --
Nov 30 07:27:44 majikthise -- MARK --
Nov 30 07:47:44 majikthise -- MARK --
Nov 30 08:07:44 majikthise -- MARK --
Nov 30 08:28:03 majikthise -- MARK --
Nov 30 08:48:03 majikthise -- MARK --
Nov 30 09:08:03 majikthise -- MARK --
Nov 30 09:28:24 majikthise -- MARK --
Nov 30 09:48:24 majikthise -- MARK --
Nov 30 10:08:24 majikthise -- MARK --
Nov 30 10:28:43 majikthise -- MARK --
Nov 30 10:48:43 majikthise -- MARK --
Nov 30 11:08:43 majikthise -- MARK --
Nov 30 11:38:47 majikthise syslogd 1.4.1#21ubuntu3: restart.
Nov 30 11:38:47 majikthise kernel: Inspecting /boot/System.map-2.6.22-14-server
Nov 30 11:38:47 majikthise kernel: Loaded 25607 symbols from /boot/System.map-2.6.22-14-server.
Nov 30 11:38:47 majikthise kernel: Symbols match kernel version 2.6.22.
Nov 30 11:38:47 majikthise kernel: No module symbols loaded - kernel modules not enabled. 
Nov 30 11:38:47 majikthise kernel: [    0.000000] Linux version 2.6.22-14-server (buildd@terranova) (gcc version 4.1.3 20070929 (prerelease) (Ubuntu 4.1.2-16ubuntu2)) #1 SMP Tue Feb 12 08:27:05 UTC 2008 (Ubuntu 2.6.22-14.52-server)
Nov 30 11:38:47 majikthise kernel: [    0.000000] BIOS-provided physical RAM map:
Nov 30 11:38:47 majikthise kernel: [    0.000000]  BIOS-e820: 0000000000000000 - 000000000009f800 (usable)
Nov 30 11:38:47 majikthise kernel: [    0.000000]  BIOS-e820: 000000000009f800 - 00000000000a0000 (reserved)
Nov 30 11:38:47 majikthise kernel: [    0.000000]  BIOS-e820: 00000000000ca000 - 00000000000cc000 (reserved)
Nov 30 11:38:47 majikthise kernel: [    0.000000]  BIOS-e820: 00000000000dc000 - 00000000000e4000 (reserved)
Nov 30 11:38:47 majikthise kernel: [    0.000000]  BIOS-e820: 00000000000e8000 - 0000000000100000 (reserved)
Nov 30 11:38:47 majikthise kernel: [    0.000000]  BIOS-e820: 0000000000100000 - 000000001fef0000 (usable)
Nov 30 11:38:47 majikthise kernel: [    0.000000]  BIOS-e820: 000000001fef0000 - 000000001feff000 (ACPI data)
Nov 30 11:38:47 majikthise kernel: [    0.000000]  BIOS-e820: 000000001feff000 - 000000001ff00000 (ACPI NVS)
Nov 30 11:38:47 majikthise kernel: [    0.000000]  BIOS-e820: 000000001ff00000 - 0000000020000000 (usable)
Nov 30 11:38:47 majikthise kernel: [    0.000000]  BIOS-e820: 00000000e0000000 - 00000000f0000000 (reserved)
Nov 30 11:38:47 majikthise kernel: [    0.000000]  BIOS-e820: 00000000fec00000 - 00000000fec10000 (reserved)
Nov 30 11:38:47 majikthise kernel: [    0.000000]  BIOS-e820: 00000000fee00000 - 00000000fee01000 (reserved)
Nov 30 11:38:47 majikthise kernel: [    0.000000]  BIOS-e820: 00000000fffe0000 - 0000000100000000 (reserved)
Nov 30 11:38:47 majikthise kernel: [    0.000000] 0MB HIGHMEM available.
Nov 30 11:38:47 majikthise kernel: [    0.000000] 512MB LOWMEM available.
Nov 30 11:38:47 majikthise kernel: [    0.000000] found SMP MP-table at 000f69b0
Nov 30 11:38:47 majikthise kernel: [    0.000000] NX (Execute Disable) protection: active
Nov 30 11:38:47 majikthise kernel: [    0.000000] Zone PFN ranges:
Nov 30 11:38:47 majikthise kernel: [    0.000000]   DMA             0 ->     4096
Nov 30 11:38:47 majikthise kernel: [    0.000000]   Normal       4096 ->   131072
Nov 30 11:38:47 majikthise kernel: [    0.000000]   HighMem    131072 ->   131072
Nov 30 11:38:47 majikthise kernel: [    0.000000] early_node_map[1] active PFN ranges
Nov 30 11:38:47 majikthise kernel: [    0.000000]     0:        0 ->   131072
Nov 30 11:38:47 majikthise kernel: [    0.000000] DMI present.
Nov 30 11:38:47 majikthise kernel: [    0.000000] ACPI: RSDP signature @ 0xC00F6940 checksum 0
Nov 30 11:38:47 majikthise kernel: [    0.000000] ACPI: RSDP 000F6940, 0024 (r2 PTLTD )
Nov 30 11:38:47 majikthise kernel: [    0.000000] ACPI: XSDT 1FEF079A, 004C (r1 INTEL  440BX     6040000 VMW   1324272)
Nov 30 11:38:47 majikthise kernel: [    0.000000] ACPI: FACP 1FEFEE98, 00F4 (r4 INTEL  440BX     6040000 PTL     F4240)
Nov 30 11:38:47 majikthise kernel: [    0.000000] ACPI: DSDT 1FEF0960, E538 (r1 PTLTD  Custom    6040000 MSFT  3000001)
Nov 30 11:38:47 majikthise kernel: [    0.000000] ACPI: FACS 1FEFFFC0, 0040
Nov 30 11:38:47 majikthise kernel: [    0.000000] ACPI: BOOT 1FEF0938, 0028 (r1 PTLTD  $SBFTBL$  6040000  LTP        1)
Nov 30 11:38:47 majikthise kernel: [    0.000000] ACPI: APIC 1FEF08DA, 005E (r1 PTLTD  ^I APIC    6040000  LTP        0)
Nov 30 11:38:47 majikthise kernel: [    0.000000] ACPI: MCFG 1FEF089E, 003C (r1 PTLTD  $PCITBL$  6040000  LTP        1)
Nov 30 11:38:47 majikthise kernel: [    0.000000] ACPI: SRAT 1FEF081E, 0080 (r2 VMWARE MEMPLUG   6040000 VMW         1)
Nov 30 11:38:47 majikthise kernel: [    0.000000] ACPI: PM-Timer IO Port: 0x1008
Nov 30 11:38:47 majikthise kernel: [    0.000000] ACPI: LAPIC (acpi_id[0x00] lapic_id[0x00] enabled)
Nov 30 11:38:47 majikthise kernel: [    0.000000] Processor #0 7:10 APIC version 17
Nov 30 11:38:47 majikthise kernel: [    0.000000] ACPI: LAPIC (acpi_id[0x01] lapic_id[0x01] enabled)
Nov 30 11:38:47 majikthise kernel: [    0.000000] Processor #1 7:10 APIC version 17
Nov 30 11:38:47 majikthise kernel: [    0.000000] ACPI: LAPIC_NMI (acpi_id[0x00] high edge lint[0x1])
Nov 30 11:38:47 majikthise kernel: [    0.000000] ACPI: LAPIC_NMI (acpi_id[0x01] high edge lint[0x1])
Nov 30 11:38:47 majikthise kernel: [    0.000000] ACPI: IOAPIC (id[0x02] address[0xfec00000] gsi_base[0])
Nov 30 11:38:47 majikthise kernel: [    0.000000] IOAPIC[0]: apic_id 2, version 17, address 0xfec00000, GSI 0-23
Nov 30 11:38:47 majikthise kernel: [    0.000000] ACPI: INT_SRC_OVR (bus 0 bus_irq 0 global_irq 2 high edge)
Nov 30 11:38:47 majikthise kernel: [    0.000000] Enabling APIC mode:  Flat.  Using 1 I/O APICs
Nov 30 11:38:47 majikthise kernel: [    0.000000] Using ACPI (MADT) for SMP configuration information
Nov 30 11:38:47 majikthise kernel: [    0.000000] Allocating PCI resources starting at 30000000 (gap: 20000000:c0000000)
Nov 30 11:38:47 majikthise kernel: [    0.000000] Built 1 zonelists.  Total pages: 130048
Nov 30 11:38:47 majikthise kernel: [    0.000000] Kernel command line: root=UUID=3abcbe31-d5b6-4fa6-a286-7be644fe052b ro quiet splash
Nov 30 11:38:47 majikthise kernel: [    0.000000] Enabling fast FPU save and restore... done.
Nov 30 11:38:47 majikthise kernel: [    0.000000] Enabling unmasked SIMD FPU exception support... done.
Nov 30 11:38:47 majikthise kernel: [    0.000000] Initializing CPU#0
Nov 30 11:38:47 majikthise kernel: [    0.000000] PID hash table entries: 2048 (order: 11, 8192 bytes)
Nov 30 11:38:47 majikthise kernel: [    0.000000] Detected 3222.714 MHz processor.
Nov 30 11:38:47 majikthise kernel: [    7.266862] Console: colour VGA+ 80x25
